Archive member included to satisfy reference by file (symbol)

C:/ST/STM32CubeIDE_1.16.1/STM32CubeIDE/plugins/com.st.stm32cube.ide.mcu.externaltools.gnu-tools-for-stm32.12.3.rel1.win32_1.0.200.202406191623/tools/bin/../lib/gcc/arm-none-eabi/12.3.1/../../../../arm-none-eabi/lib/thumb/v6-m/nofp\libc_nano.a(libc_a-exit.o)
                              C:/ST/STM32CubeIDE_1.16.1/STM32CubeIDE/plugins/com.st.stm32cube.ide.mcu.externaltools.gnu-tools-for-stm32.12.3.rel1.win32_1.0.200.202406191623/tools/bin/../lib/gcc/arm-none-eabi/12.3.1/../../../../arm-none-eabi/lib/thumb/v6-m/nofp/crt0.o (exit)
C:/ST/STM32CubeIDE_1.16.1/STM32CubeIDE/plugins/com.st.stm32cube.ide.mcu.externaltools.gnu-tools-for-stm32.12.3.rel1.win32_1.0.200.202406191623/tools/bin/../lib/gcc/arm-none-eabi/12.3.1/../../../../arm-none-eabi/lib/thumb/v6-m/nofp\libc_nano.a(libc_a-findfp.o)
                              C:/ST/STM32CubeIDE_1.16.1/STM32CubeIDE/plugins/com.st.stm32cube.ide.mcu.externaltools.gnu-tools-for-stm32.12.3.rel1.win32_1.0.200.202406191623/tools/bin/../lib/gcc/arm-none-eabi/12.3.1/../../../../arm-none-eabi/lib/thumb/v6-m/nofp\libc_nano.a(libc_a-exit.o) (__stdio_exit_handler)
C:/ST/STM32CubeIDE_1.16.1/STM32CubeIDE/plugins/com.st.stm32cube.ide.mcu.externaltools.gnu-tools-for-stm32.12.3.rel1.win32_1.0.200.202406191623/tools/bin/../lib/gcc/arm-none-eabi/12.3.1/../../../../arm-none-eabi/lib/thumb/v6-m/nofp\libc_nano.a(libc_a-fwalk.o)
                              C:/ST/STM32CubeIDE_1.16.1/STM32CubeIDE/plugins/com.st.stm32cube.ide.mcu.externaltools.gnu-tools-for-stm32.12.3.rel1.win32_1.0.200.202406191623/tools/bin/../lib/gcc/arm-none-eabi/12.3.1/../../../../arm-none-eabi/lib/thumb/v6-m/nofp\libc_nano.a(libc_a-findfp.o) (_fwalk_sglue)
C:/ST/STM32CubeIDE_1.16.1/STM32CubeIDE/plugins/com.st.stm32cube.ide.mcu.externaltools.gnu-tools-for-stm32.12.3.rel1.win32_1.0.200.202406191623/tools/bin/../lib/gcc/arm-none-eabi/12.3.1/../../../../arm-none-eabi/lib/thumb/v6-m/nofp\libc_nano.a(libc_a-stdio.o)
                              C:/ST/STM32CubeIDE_1.16.1/STM32CubeIDE/plugins/com.st.stm32cube.ide.mcu.externaltools.gnu-tools-for-stm32.12.3.rel1.win32_1.0.200.202406191623/tools/bin/../lib/gcc/arm-none-eabi/12.3.1/../../../../arm-none-eabi/lib/thumb/v6-m/nofp\libc_nano.a(libc_a-findfp.o) (__sread)
C:/ST/STM32CubeIDE_1.16.1/STM32CubeIDE/plugins/com.st.stm32cube.ide.mcu.externaltools.gnu-tools-for-stm32.12.3.rel1.win32_1.0.200.202406191623/tools/bin/../lib/gcc/arm-none-eabi/12.3.1/../../../../arm-none-eabi/lib/thumb/v6-m/nofp\libc_nano.a(libc_a-memset.o)
                              C:/ST/STM32CubeIDE_1.16.1/STM32CubeIDE/plugins/com.st.stm32cube.ide.mcu.externaltools.gnu-tools-for-stm32.12.3.rel1.win32_1.0.200.202406191623/tools/bin/../lib/gcc/arm-none-eabi/12.3.1/../../../../arm-none-eabi/lib/thumb/v6-m/nofp/crt0.o (memset)
C:/ST/STM32CubeIDE_1.16.1/STM32CubeIDE/plugins/com.st.stm32cube.ide.mcu.externaltools.gnu-tools-for-stm32.12.3.rel1.win32_1.0.200.202406191623/tools/bin/../lib/gcc/arm-none-eabi/12.3.1/../../../../arm-none-eabi/lib/thumb/v6-m/nofp\libc_nano.a(libc_a-strchr.o)
                              ./Core/Src/EVE_API.o (strchr)
C:/ST/STM32CubeIDE_1.16.1/STM32CubeIDE/plugins/com.st.stm32cube.ide.mcu.externaltools.gnu-tools-for-stm32.12.3.rel1.win32_1.0.200.202406191623/tools/bin/../lib/gcc/arm-none-eabi/12.3.1/../../../../arm-none-eabi/lib/thumb/v6-m/nofp\libc_nano.a(libc_a-closer.o)
                              C:/ST/STM32CubeIDE_1.16.1/STM32CubeIDE/plugins/com.st.stm32cube.ide.mcu.externaltools.gnu-tools-for-stm32.12.3.rel1.win32_1.0.200.202406191623/tools/bin/../lib/gcc/arm-none-eabi/12.3.1/../../../../arm-none-eabi/lib/thumb/v6-m/nofp\libc_nano.a(libc_a-stdio.o) (_close_r)
C:/ST/STM32CubeIDE_1.16.1/STM32CubeIDE/plugins/com.st.stm32cube.ide.mcu.externaltools.gnu-tools-for-stm32.12.3.rel1.win32_1.0.200.202406191623/tools/bin/../lib/gcc/arm-none-eabi/12.3.1/../../../../arm-none-eabi/lib/thumb/v6-m/nofp\libc_nano.a(libc_a-reent.o)
                              C:/ST/STM32CubeIDE_1.16.1/STM32CubeIDE/plugins/com.st.stm32cube.ide.mcu.externaltools.gnu-tools-for-stm32.12.3.rel1.win32_1.0.200.202406191623/tools/bin/../lib/gcc/arm-none-eabi/12.3.1/../../../../arm-none-eabi/lib/thumb/v6-m/nofp\libc_nano.a(libc_a-closer.o) (errno)
C:/ST/STM32CubeIDE_1.16.1/STM32CubeIDE/plugins/com.st.stm32cube.ide.mcu.externaltools.gnu-tools-for-stm32.12.3.rel1.win32_1.0.200.202406191623/tools/bin/../lib/gcc/arm-none-eabi/12.3.1/../../../../arm-none-eabi/lib/thumb/v6-m/nofp\libc_nano.a(libc_a-impure.o)
                              C:/ST/STM32CubeIDE_1.16.1/STM32CubeIDE/plugins/com.st.stm32cube.ide.mcu.externaltools.gnu-tools-for-stm32.12.3.rel1.win32_1.0.200.202406191623/tools/bin/../lib/gcc/arm-none-eabi/12.3.1/../../../../arm-none-eabi/lib/thumb/v6-m/nofp\libc_nano.a(libc_a-reent.o) (_impure_ptr)
[...]
Memory Configuration

Name             Origin             Length             Attributes
RAM              0x20000000         0x00005000         xrw
FLASH            0x08000000         0x00030000         xr
*default*        0x00000000         0xffffffff

Linker script and memory map

LOAD C:/ST/STM32CubeIDE_1.16.1/STM32CubeIDE/plugins/com.st.stm32cube.ide.mcu.externaltools.gnu-tools-for-stm32.12.3.rel1.win32_1.0.200.202406191623/tools/bin/../lib/gcc/arm-none-eabi/12.3.1/thumb/v6-m/nofp/crti.o
LOAD C:/ST/STM32CubeIDE_1.16.1/STM32CubeIDE/plugins/com.st.stm32cube.ide.mcu.externaltools.gnu-tools-for-stm32.12.3.rel1.win32_1.0.200.202406191623/tools/bin/../lib/gcc/arm-none-eabi/12.3.1/thumb/v6-m/nofp/crtbegin.o
LOAD C:/ST/STM32CubeIDE_1.16.1/STM32CubeIDE/plugins/com.st.stm32cube.ide.mcu.externaltools.gnu-tools-for-stm32.12.3.rel1.win32_1.0.200.202406191623/tools/bin/../lib/gcc/arm-none-eabi/12.3.1/../../../../arm-none-eabi/lib/thumb/v6-m/nofp/crt0.o
LOAD ./Core/Src/EVE_API.o
LOAD ./Core/Src/EVE_HAL.o
LOAD ./Core/Src/EVE_MCU_STM32.o
LOAD ./Core/Src/MCU_init.o
LOAD ./Core/Src/STM_HAL.o
LOAD ./Core/Src/eve_calibrate.o
LOAD ./Core/Src/functions.o
LOAD ./Core/Src/io_calls.o
LOAD ./Core/Src/main.o
LOAD ./Core/Src/main_tasks.o
LOAD ./Core/Src/screen_helper.o
LOAD ./Core/Src/screens.o
LOAD ./Core/Src/stm32l0xx_hal_msp.o
LOAD ./Core/Src/stm32l0xx_it.o
LOAD ./Core/Src/syscalls.o
LOAD ./Core/Src/sysmem.o
LOAD ./Core/Src/system_stm32l0xx.o
LOAD ./Core/Src/testfuntions.o
LOAD ./Core/Startup/startup_stm32l073rztx.o
LOAD ./Drivers/STM32L0xx_HAL_Driver/stm32l0xx_hal.o
LOAD ./Drivers/STM32L0xx_HAL_Driver/stm32l0xx_hal_adc.o
LOAD ./Drivers/STM32L0xx_HAL_Driver/stm32l0xx_hal_adc_ex.o
LOAD ./Drivers/STM32L0xx_HAL_Driver/stm32l0xx_hal_cortex.o
LOAD ./Drivers/STM32L0xx_HAL_Driver/stm32l0xx_hal_dac.o
LOAD ./Drivers/STM32L0xx_HAL_Driver/stm32l0xx_hal_dac_ex.o
LOAD ./Drivers/STM32L0xx_HAL_Driver/stm32l0xx_hal_dma.o
LOAD ./Drivers/STM32L0xx_HAL_Driver/stm32l0xx_hal_exti.o
LOAD ./Drivers/STM32L0xx_HAL_Driver/stm32l0xx_hal_flash.o
LOAD ./Drivers/STM32L0xx_HAL_Driver/stm32l0xx_hal_flash_ex.o
LOAD ./Drivers/STM32L0xx_HAL_Driver/stm32l0xx_hal_flash_ramfunc.o
LOAD ./Drivers/STM32L0xx_HAL_Driver/stm32l0xx_hal_gpio.o
LOAD ./Drivers/STM32L0xx_HAL_Driver/stm32l0xx_hal_i2c.o
LOAD ./Drivers/STM32L0xx_HAL_Driver/stm32l0xx_hal_i2c_ex.o
LOAD ./Drivers/STM32L0xx_HAL_Driver/stm32l0xx_hal_iwdg.o
LOAD ./Drivers/STM32L0xx_HAL_Driver/stm32l0xx_hal_pwr.o
LOAD ./Drivers/STM32L0xx_HAL_Driver/stm32l0xx_hal_pwr_ex.o
LOAD ./Drivers/STM32L0xx_HAL_Driver/stm32l0xx_hal_rcc.o
LOAD ./Drivers/STM32L0xx_HAL_Driver/stm32l0xx_hal_rcc_ex.o
LOAD ./Drivers/STM32L0xx_HAL_Driver/stm32l0xx_hal_spi.o
LOAD ./Drivers/STM32L0xx_HAL_Driver/stm32l0xx_hal_tim.o
LOAD ./Drivers/STM32L0xx_HAL_Driver/stm32l0xx_hal_tim_ex.o
LOAD ./Drivers/STM32L0xx_HAL_Driver/stm32l0xx_hal_uart.o
LOAD ./Drivers/STM32L0xx_HAL_Driver/stm32l0xx_hal_uart_ex.o
START GROUP
LOAD C:/ST/STM32CubeIDE_1.16.1/STM32CubeIDE/plugins/com.st.stm32cube.ide.mcu.externaltools.gnu-tools-for-stm32.12.3.rel1.win32_1.0.200.202406191623/tools/bin/../lib/gcc/arm-none-eabi/12.3.1/../../../../arm-none-eabi/lib/thumb/v6-m/nofp\libc_nano.a
LOAD C:/ST/STM32CubeIDE_1.16.1/STM32CubeIDE/plugins/com.st.stm32cube.ide.mcu.externaltools.gnu-tools-for-stm32.12.3.rel1.win32_1.0.200.202406191623/tools/bin/../lib/gcc/arm-none-eabi/12.3.1/../../../../arm-none-eabi/lib/thumb/v6-m/nofp\libm.a
END GROUP
START GROUP
LOAD C:/ST/STM32CubeIDE_1.16.1/STM32CubeIDE/plugins/com.st.stm32cube.ide.mcu.externaltools.gnu-tools-for-stm32.12.3.rel1.win32_1.0.200.202406191623/tools/bin/../lib/gcc/arm-none-eabi/12.3.1/thumb/v6-m/nofp\libgcc.a
LOAD C:/ST/STM32CubeIDE_1.16.1/STM32CubeIDE/plugins/com.st.stm32cube.ide.mcu.externaltools.gnu-tools-for-stm32.12.3.rel1.win32_1.0.200.202406191623/tools/bin/../lib/gcc/arm-none-eabi/12.3.1/../../../../arm-none-eabi/lib/thumb/v6-m/nofp\libc_nano.a
END GROUP
START GROUP
LOAD C:/ST/STM32CubeIDE_1.16.1/STM32CubeIDE/plugins/com.st.stm32cube.ide.mcu.externaltools.gnu-tools-for-stm32.12.3.rel1.win32_1.0.200.202406191623/tools/bin/../lib/gcc/arm-none-eabi/12.3.1/thumb/v6-m/nofp\libgcc.a
LOAD C:/ST/STM32CubeIDE_1.16.1/STM32CubeIDE/plugins/com.st.stm32cube.ide.mcu.externaltools.gnu-tools-for-stm32.12.3.rel1.win32_1.0.200.202406191623/tools/bin/../lib/gcc/arm-none-eabi/12.3.1/../../../../arm-none-eabi/lib/thumb/v6-m/nofp\libc_nano.a
LOAD C:/ST/STM32CubeIDE_1.16.1/STM32CubeIDE/plugins/com.st.stm32cube.ide.mcu.externaltools.gnu-tools-for-stm32.12.3.rel1.win32_1.0.200.202406191623/tools/bin/../lib/gcc/arm-none-eabi/12.3.1/../../../../arm-none-eabi/lib/thumb/v6-m/nofp\libnosys.a
END GROUP
START GROUP
LOAD C:/ST/STM32CubeIDE_1.16.1/STM32CubeIDE/plugins/com.st.stm32cube.ide.mcu.externaltools.gnu-tools-for-stm32.12.3.rel1.win32_1.0.200.202406191623/tools/bin/../lib/gcc/arm-none-eabi/12.3.1/thumb/v6-m/nofp\libgcc.a
LOAD C:/ST/STM32CubeIDE_1.16.1/STM32CubeIDE/plugins/com.st.stm32cube.ide.mcu.externaltools.gnu-tools-for-stm32.12.3.rel1.win32_1.0.200.202406191623/tools/bin/../lib/gcc/arm-none-eabi/12.3.1/../../../../arm-none-eabi/lib/thumb/v6-m/nofp\libc_nano.a
LOAD C:/ST/STM32CubeIDE_1.16.1/STM32CubeIDE/plugins/com.st.stm32cube.ide.mcu.externaltools.gnu-tools-for-stm32.12.3.rel1.win32_1.0.200.202406191623/tools/bin/../lib/gcc/arm-none-eabi/12.3.1/../../../../arm-none-eabi/lib/thumb/v6-m/nofp\libnosys.a
END GROUP
LOAD C:/ST/STM32CubeIDE_1.16.1/STM32CubeIDE/plugins/com.st.stm32cube.ide.mcu.externaltools.gnu-tools-for-stm32.12.3.rel1.win32_1.0.200.202406191623/tools/bin/../lib/gcc/arm-none-eabi/12.3.1/thumb/v6-m/nofp/crtend.o
LOAD C:/ST/STM32CubeIDE_1.16.1/STM32CubeIDE/plugins/com.st.stm32cube.ide.mcu.externaltools.gnu-tools-for-stm32.12.3.rel1.win32_1.0.200.202406191623/tools/bin/../lib/gcc/arm-none-eabi/12.3.1/thumb/v6-m/nofp/crtn.o
                0x20005000                        _estack = (ORIGIN (RAM) + LENGTH (RAM))
                0x00000200                        _Min_Heap_Size = 0x200
                0x00000400                        _Min_Stack_Size = 0x400

.isr_vector     0x08000000       0xc0
                0x08000000                        . = ALIGN (0x4)
 *(.isr_vector)
 .isr_vector    0x08000000       0xc0 ./Core/Startup/startup_stm32l073rztx.o
                0x08000000                g_pfnVectors
                0x080000c0                        . = ALIGN (0x4)

.text           0x080000c0    0x1cba4
                0x080000c0                        . = ALIGN (0x4)
 *(.text)
 .text          0x080000c0       0x48 C:/ST/STM32CubeIDE_1.16.1/STM32CubeIDE/plugins/com.st.stm32cube.ide.mcu.externaltools.gnu-tools-for-stm32.12.3.rel1.win32_1.0.200.202406191623/tools/bin/../lib/gcc/arm-none-eabi/12.3.1/thumb/v6-m/nofp/crtbegin.o
 .text          0x08000108        0xe C:/ST/STM32CubeIDE_1.16.1/STM32CubeIDE/plugins/com.st.stm32cube.ide.mcu.externaltools.gnu-tools-for-stm32.12.3.rel1.win32_1.0.200.202406191623/tools/bin/../lib/gcc/arm-none-eabi/12.3.1/../../../../arm-none-eabi/lib/thumb/v6-m/nofp\libc_nano.a(libc_a-strlen.o)
                0x08000108                strlen
 *fill*         0x08000116        0x2 
 .text          0x08000118      0x114 C:/ST/STM32CubeIDE_1.16.1/STM32CubeIDE/plugins/com.st.stm32cube.ide.mcu.externaltools.gnu-tools-for-stm32.12.3.rel1.win32_1.0.200.202406191623/tools/bin/../lib/gcc/arm-none-eabi/12.3.1/thumb/v6-m/nofp\libgcc.a(_udivsi3.o)
                0x08000118                __aeabi_uidiv
                0x08000118                __udivsi3
                0x08000224                __aeabi_uidivmod
 .text          0x0800022c      0x1d4 C:/ST/STM32CubeIDE_1.16.1/STM32CubeIDE/plugins/com.st.stm32cube.ide.mcu.externaltools.gnu-tools-for-stm32.12.3.rel1.win32_1.0.200.202406191623/tools/bin/../lib/gcc/arm-none-eabi/12.3.1/thumb/v6-m/nofp\libgcc.a(_divsi3.o)
                0x0800022c                __divsi3
                0x0800022c                __aeabi_idiv
                0x080003f8                __aeabi_idivmod
 .text          0x08000400        0x4 C:/ST/STM32CubeIDE_1.16.1/STM32CubeIDE/plugins/com.st.stm32cube.ide.mcu.externaltools.gnu-tools-for-stm32.12.3.rel1.win32_1.0.200.202406191623/tools/bin/../lib/gcc/arm-none-eabi/12.3.1/thumb/v6-m/nofp\libgcc.a(_dvmd_tls.o)
                0x08000400                __aeabi_idiv0
                0x08000400                __aeabi_ldiv0
 .text          0x08000404       0x7c C:/ST/STM32CubeIDE_1.16.1/STM32CubeIDE/plugins/com.st.stm32cube.ide.mcu.externaltools.gnu-tools-for-stm32.12.3.rel1.win32_1.0.200.202406191623/tools/bin/../lib/gcc/arm-none-eabi/12.3.1/thumb/v6-m/nofp\libgcc.a(_arm_cmpdf2.o)
                0x08000404                __aeabi_cdrcmple
                0x08000414                __aeabi_cdcmple
                0x08000414                __aeabi_cdcmpeq
                0x08000424                __aeabi_dcmpeq
                0x08000430                __aeabi_dcmplt
                0x08000444                __aeabi_dcmple
                0x08000458                __aeabi_dcmpgt
                0x0800046c                __aeabi_dcmpge
 .text          0x08000480       0x74 C:/ST/STM32CubeIDE_1.16.1/STM32CubeIDE/plugins/com.st.stm32cube.ide.mcu.externaltools.gnu-tools-for-stm32.12.3.rel1.win32_1.0.200.202406191623/tools/bin/../lib/gcc/arm-none-eabi/12.3.1/thumb/v6-m/nofp\libgcc.a(_arm_cmpsf2.o)
                0x08000480                __aeabi_cfrcmple
                0x08000488                __aeabi_cfcmpeq
                0x08000488                __aeabi_cfcmple
                0x08000498                __aeabi_fcmpeq
                0x080004a4                __aeabi_fcmplt
                0x080004b8                __aeabi_fcmple
                0x080004cc                __aeabi_fcmpgt
                0x080004e0                __aeabi_fcmpge
 .text          0x080004f4       0x40 C:/ST/STM32CubeIDE_1.16.1/STM32CubeIDE/plugins/com.st.stm32cube.ide.mcu.externaltools.gnu-tools-for-stm32.12.3.rel1.win32_1.0.200.202406191623/tools/bin/../lib/gcc/arm-none-eabi/12.3.1/thumb/v6-m/nofp\libgcc.a(_aeabi_uldivmod.o)
                0x080004f4                __aeabi_uldivmod
 .text          0x08000534       0x30 C:/ST/STM32CubeIDE_1.16.1/STM32CubeIDE/plugins/com.st.stm32cube.ide.mcu.externaltools.gnu-tools-for-stm32.12.3.rel1.win32_1.0.200.202406191623/tools/bin/../lib/gcc/arm-none-eabi/12.3.1/thumb/v6-m/nofp\libgcc.a(_fixunssfsi.o)
                0x08000534                __fixunssfsi
                0x08000534                __aeabi_f2uiz
 .text          0x08000564      0x198 C:/ST/STM32CubeIDE_1.16.1/STM32CubeIDE/plugins/com.st.stm32cube.ide.mcu.externaltools.gnu-tools-for-stm32.12.3.rel1.win32_1.0.200.202406191623/tools/bin/../lib/gcc/arm-none-eabi/12.3.1/thumb/v6-m/nofp\libgcc.a(_udivmoddi4.o)
                0x08000564                __udivmoddi4
 .text          0x080006fc      0x314 C:/ST/STM32CubeIDE_1.16.1/STM32CubeIDE/plugins/com.st.stm32cube.ide.mcu.externaltools.gnu-tools-for-stm32.12.3.rel1.win32_1.0.200.202406191623/tools/bin/../lib/gcc/arm-none-eabi/12.3.1/thumb/v6-m/nofp\libgcc.a(addsf3.o)
                0x080006fc                __aeabi_fadd
 .text          0x08000a10      0x240 C:/ST/STM32CubeIDE_1.16.1/STM32CubeIDE/plugins/com.st.stm32cube.ide.mcu.externaltools.gnu-tools-for-stm32.12.3.rel1.win32_1.0.200.202406191623/tools/bin/../lib/gcc/arm-none-eabi/12.3.1/thumb/v6-m/nofp\libgcc.a(divsf3.o)
                0x08000a10                __aeabi_fdiv
 .text          0x08000c50       0x50 C:/ST/STM32CubeIDE_1.16.1/STM32CubeIDE/plugins/com.st.stm32cube.ide.mcu.externaltools.gnu-tools-for-stm32.12.3.rel1.win32_1.0.200.202406191623/tools/bin/../lib/gcc/arm-none-eabi/12.3.1/thumb/v6-m/nofp\libgcc.a(eqsf2.o)
                0x08000c50                __eqsf2
                0x08000c50                __nesf2
 .text          0x08000ca0       0xa0 C:/ST/STM32CubeIDE_1.16.1/STM32CubeIDE/plugins/com.st.stm32cube.ide.mcu.externaltools.gnu-tools-for-stm32.12.3.rel1.win32_1.0.200.202406191623/tools/bin/../lib/gcc/arm-none-eabi/12.3.1/thumb/v6-m/nofp\libgcc.a(gesf2.o)
                0x08000ca0                __gesf2
                0x08000ca0                __gtsf2
 .text          0x08000d40       0x9c C:/ST/STM32CubeIDE_1.16.1/STM32CubeIDE/plugins/com.st.stm32cube.ide.mcu.externaltools.gnu-tools-for-stm32.12.3.rel1.win32_1.0.200.202406191623/tools/bin/../lib/gcc/arm-none-eabi/12.3.1/thumb/v6-m/nofp\libgcc.a(lesf2.o)
                0x08000d40                __ltsf2
                0x08000d40                __lesf2
 .text          0x08000ddc      0x27c C:/ST/STM32CubeIDE_1.16.1/STM32CubeIDE/plugins/com.st.stm32cube.ide.mcu.externaltools.gnu-tools-for-stm32.12.3.rel1.win32_1.0.200.202406191623/tools/bin/../lib/gcc/arm-none-eabi/12.3.1/thumb/v6-m/nofp\libgcc.a(mulsf3.o)
                0x08000ddc                __aeabi_fmul
 .text          0x08001058      0x348 C:/ST/STM32CubeIDE_1.16.1/STM32CubeIDE/plugins/com.st.stm32cube.ide.mcu.externaltools.gnu-tools-for-stm32.12.3.rel1.win32_1.0.200.202406191623/tools/bin/../lib/gcc/arm-none-eabi/12.3.1/thumb/v6-m/nofp\libgcc.a(subsf3.o)
                0x08001058                __aeabi_fsub
 .text          0x080013a0       0x40 C:/ST/STM32CubeIDE_1.16.1/STM32CubeIDE/plugins/com.st.stm32cube.ide.mcu.externaltools.gnu-tools-for-stm32.12.3.rel1.win32_1.0.200.202406191623/tools/bin/../lib/gcc/arm-none-eabi/12.3.1/thumb/v6-m/nofp\libgcc.a(fixsfsi.o)
                0x080013a0                __aeabi_f2iz
 .text          0x080013e0       0x98 C:/ST/STM32CubeIDE_1.16.1/STM32CubeIDE/plugins/com.st.stm32cube.ide.mcu.externaltools.gnu-tools-for-stm32.12.3.rel1.win32_1.0.200.202406191623/tools/bin/../lib/gcc/arm-none-eabi/12.3.1/thumb/v6-m/nofp\libgcc.a(floatsisf.o)
                0x080013e0                __aeabi_i2f
 .text          0x08001478       0x84 C:/ST/STM32CubeIDE_1.16.1/STM32CubeIDE/plugins/com.st.stm32cube.ide.mcu.externaltools.gnu-tools-for-stm32.12.3.rel1.win32_1.0.200.202406191623/tools/bin/../lib/gcc/arm-none-eabi/12.3.1/thumb/v6-m/nofp\libgcc.a(floatunsisf.o)
                0x08001478                __aeabi_ui2f
 .text          0x080014fc      0x6c8 C:/ST/STM32CubeIDE_1.16.1/STM32CubeIDE/plugins/com.st.stm32cube.ide.mcu.externaltools.gnu-tools-for-stm32.12.3.rel1.win32_1.0.200.202406191623/tools/bin/../lib/gcc/arm-none-eabi/12.3.1/thumb/v6-m/nofp\libgcc.a(adddf3.o)
                0x080014fc                __aeabi_dadd
 .text          0x08001bc4      0x634 C:/ST/STM32CubeIDE_1.16.1/STM32CubeIDE/plugins/com.st.stm32cube.ide.mcu.externaltools.gnu-tools-for-stm32.12.3.rel1.win32_1.0.200.202406191623/tools/bin/../lib/gcc/arm-none-eabi/12.3.1/thumb/v6-m/nofp\libgcc.a(divdf3.o)
                0x08001bc4                __aeabi_ddiv
 .text          0x080021f8       0x88 C:/ST/STM32CubeIDE_1.16.1/STM32CubeIDE/plugins/com.st.stm32cube.ide.mcu.externaltools.gnu-tools-for-stm32.12.3.rel1.win32_1.0.200.202406191623/tools/bin/../lib/gcc/arm-none-eabi/12.3.1/thumb/v6-m/nofp\libgcc.a(eqdf2.o)
                0x080021f8                __nedf2
                0x080021f8                __eqdf2
 .text          0x08002280       0xe8 C:/ST/STM32CubeIDE_1.16.1/STM32CubeIDE/plugins/com.st.stm32cube.ide.mcu.externaltools.gnu-tools-for-stm32.12.3.rel1.win32_1.0.200.202406191623/tools/bin/../lib/gcc/arm-none-eabi/12.3.1/thumb/v6-m/nofp\libgcc.a(gedf2.o)
                0x08002280                __gedf2
                0x08002280                __gtdf2
 .text          0x08002368       0xe4 C:/ST/STM32CubeIDE_1.16.1/STM32CubeIDE/plugins/com.st.stm32cube.ide.mcu.externaltools.gnu-tools-for-stm32.12.3.rel1.win32_1.0.200.202406191623/tools/bin/../lib/gcc/arm-none-eabi/12.3.1/thumb/v6-m/nofp\libgcc.a(ledf2.o)
                0x08002368                __ledf2
                0x08002368                __ltdf2
 .text          0x0800244c      0x590 C:/ST/STM32CubeIDE_1.16.1/STM32CubeIDE/plugins/com.st.stm32cube.ide.mcu.externaltools.gnu-tools-for-stm32.12.3.rel1.win32_1.0.200.202406191623/tools/bin/../lib/gcc/arm-none-eabi/12.3.1/thumb/v6-m/nofp\libgcc.a(muldf3.o)
                0x0800244c                __aeabi_dmul
 .text          0x080029dc      0x738 C:/ST/STM32CubeIDE_1.16.1/STM32CubeIDE/plugins/com.st.stm32cube.ide.mcu.externaltools.gnu-tools-for-stm32.12.3.rel1.win32_1.0.200.202406191623/tools/bin/../lib/gcc/arm-none-eabi/12.3.1/thumb/v6-m/nofp\libgcc.a(subdf3.o)
                0x080029dc                __aeabi_dsub
 .text          0x08003114       0x78 C:/ST/STM32CubeIDE_1.16.1/STM32CubeIDE/plugins/com.st.stm32cube.ide.mcu.externaltools.gnu-tools-for-stm32.12.3.rel1.win32_1.0.200.202406191623/tools/bin/../lib/gcc/arm-none-eabi/12.3.1/thumb/v6-m/nofp\libgcc.a(fixdfsi.o)
                0x08003114                __aeabi_d2iz
 .text          0x0800318c       0x5c C:/ST/STM32CubeIDE_1.16.1/STM32CubeIDE/plugins/com.st.stm32cube.ide.mcu.externaltools.gnu-tools-for-stm32.12.3.rel1.win32_1.0.200.202406191623/tools/bin/../lib/gcc/arm-none-eabi/12.3.1/thumb/v6-m/nofp\libgcc.a(floatsidf.o)
                0x0800318c                __aeabi_i2d
 .text          0x080031e8       0x48 C:/ST/STM32CubeIDE_1.16.1/STM32CubeIDE/plugins/com.st.stm32cube.ide.mcu.externaltools.gnu-tools-for-stm32.12.3.rel1.win32_1.0.200.202406191623/tools/bin/../lib/gcc/arm-none-eabi/12.3.1/thumb/v6-m/nofp\libgcc.a(floatunsidf.o)
                0x080031e8                __aeabi_ui2d
 .text          0x08003230       0x90 C:/ST/STM32CubeIDE_1.16.1/STM32CubeIDE/plugins/com.st.stm32cube.ide.mcu.externaltools.gnu-tools-for-stm32.12.3.rel1.win32_1.0.200.202406191623/tools/bin/../lib/gcc/arm-none-eabi/12.3.1/thumb/v6-m/nofp\libgcc.a(extendsfdf2.o)
                0x08003230                __aeabi_f2d
 .text          0x080032c0       0x3c C:/ST/STM32CubeIDE_1.16.1/STM32CubeIDE/plugins/com.st.stm32cube.ide.mcu.externaltools.gnu-tools-for-stm32.12.3.rel1.win32_1.0.200.202406191623/tools/bin/../lib/gcc/arm-none-eabi/12.3.1/thumb/v6-m/nofp\libgcc.a(_clzsi2.o)
                0x080032c0                __clzsi2
 .text          0x080032fc       0x18 C:/ST/STM32CubeIDE_1.16.1/STM32CubeIDE/plugins/com.st.stm32cube.ide.mcu.externaltools.gnu-tools-for-stm32.12.3.rel1.win32_1.0.200.202406191623/tools/bin/../lib/gcc/arm-none-eabi/12.3.1/thumb/v6-m/nofp\libgcc.a(_clzdi2.o)
                0x080032fc                __clzdi2
 *(.text*)
 .text.EVE_calibrate
                0x08003314      0x158 ./Core/Src/EVE_API.o
                0x08003314                EVE_calibrate
 .text.EVE_Init
                0x0800346c      0x240 ./Core/Src/EVE_API.o
                0x0800346c                EVE_Init
 .text.EVE_LIB_BeginCoProList
                0x080036ac       0x28 ./Core/Src/EVE_API.o
                0x080036ac                EVE_LIB_BeginCoProList
 .text.EVE_LIB_EndCoProList
                0x080036d4       0x14 ./Core/Src/EVE_API.o
                0x080036d4                EVE_LIB_EndCoProList
 .text.EVE_LIB_AwaitCoProEmpty
                0x080036e8        0xe ./Core/Src/EVE_API.o
                0x080036e8                EVE_LIB_AwaitCoProEmpty
 .text.EVE_LIB_WriteDataToRAMG
                0x080036f6       0x50 ./Core/Src/EVE_API.o
                0x080036f6                EVE_LIB_WriteDataToRAMG
 .text.EVE_LIB_SendString
                0x08003746       0x62 ./Core/Src/EVE_API.o
                0x08003746                EVE_LIB_SendString
 .text.EVE_CLEAR_COLOR_RGB
                0x080037a8       0x4c ./Core/Src/EVE_API.o
                0x080037a8                EVE_CLEAR_COLOR_RGB
 .text.EVE_CLEAR
                0x080037f4       0x58 ./Core/Src/EVE_API.o
                0x080037f4                EVE_CLEAR
 .text.EVE_COLOR_RGB
                0x0800384c       0x4c ./Core/Src/EVE_API.o
                0x0800384c                EVE_COLOR_RGB
 .text.EVE_VERTEX2F
                0x08003898       0x48 ./Core/Src/EVE_API.o
                0x08003898                EVE_VERTEX2F
 .text.EVE_VERTEX2II
                0x080038e0       0x78 ./Core/Src/EVE_API.o
                0x080038e0                EVE_VERTEX2II
 .text.EVE_BITMAP_HANDLE
                0x08003958       0x2e ./Core/Src/EVE_API.o
                0x08003958                EVE_BITMAP_HANDLE
 .text.EVE_BITMAP_SOURCE
                0x08003986       0x28 ./Core/Src/EVE_API.o
                0x08003986                EVE_BITMAP_SOURCE
 *fill*         0x080039ae        0x2 
 .text.EVE_BITMAP_LAYOUT
                0x080039b0       0x60 ./Core/Src/EVE_API.o
                0x080039b0                EVE_BITMAP_LAYOUT
 .text.EVE_BITMAP_SIZE
                0x08003a10       0x84 ./Core/Src/EVE_API.o
                0x08003a10                EVE_BITMAP_SIZE
 .text.EVE_TAG  0x08003a94       0x2a ./Core/Src/EVE_API.o
                0x08003a94                EVE_TAG
 .text.EVE_POINT_SIZE
                0x08003abe       0x2e ./Core/Src/EVE_API.o
                0x08003abe                EVE_POINT_SIZE
 .text.EVE_LINE_WIDTH
                0x08003aec       0x2e ./Core/Src/EVE_API.o
                0x08003aec                EVE_LINE_WIDTH
 .text.EVE_TAG_MASK
                0x08003b1a       0x2e ./Core/Src/EVE_API.o
                0x08003b1a                EVE_TAG_MASK
 .text.EVE_BEGIN
                0x08003b48       0x2e ./Core/Src/EVE_API.o
                0x08003b48                EVE_BEGIN
 .text.EVE_COLOR_MASK
                0x08003b76       0x6c ./Core/Src/EVE_API.o
                0x08003b76                EVE_COLOR_MASK
 .text.EVE_DISPLAY
                0x08003be2       0x16 ./Core/Src/EVE_API.o
                0x08003be2                EVE_DISPLAY
 .text.EVE_CMD_NUMBER
                0x08003bf8       0x78 ./Core/Src/EVE_API.o
                0x08003bf8                EVE_CMD_NUMBER
 .text.EVE_CMD_SWAP
                0x08003c70       0x1a ./Core/Src/EVE_API.o
                0x08003c70                EVE_CMD_SWAP
 .text.EVE_CMD_FGCOLOR
                0x08003c8a       0x28 ./Core/Src/EVE_API.o
                0x08003c8a                EVE_CMD_FGCOLOR
 .text.EVE_CMD_CALIBRATE
                0x08003cb2       0x28 ./Core/Src/EVE_API.o
                0x08003cb2                EVE_CMD_CALIBRATE
 .text.EVE_CMD_PROGRESS
                0x08003cda       0x94 ./Core/Src/EVE_API.o
                0x08003cda                EVE_CMD_PROGRESS
 *fill*         0x08003d6e        0x2 
 .text.EVE_CMD_DLSTART
                0x08003d70       0x1c ./Core/Src/EVE_API.o
                0x08003d70                EVE_CMD_DLSTART
 .text.EVE_CMD_TEXT
                0x08003d8c       0xd6 ./Core/Src/EVE_API.o
                0x08003d8c                EVE_CMD_TEXT
 .text.EVE_CMD_BUTTON
                0x08003e62       0xf4 ./Core/Src/EVE_API.o
                0x08003e62                EVE_CMD_BUTTON
 .text.EVE_VERTEX_FORMAT
                0x08003f56       0x2e ./Core/Src/EVE_API.o
                0x08003f56                EVE_VERTEX_FORMAT
 .text.EVE_CMD_SETFONT2
                0x08003f84       0x3c ./Core/Src/EVE_API.o
                0x08003f84                EVE_CMD_SETFONT2
 .text.EVE_CMD_ROMFONT
                0x08003fc0       0x32 ./Core/Src/EVE_API.o
                0x08003fc0                EVE_CMD_ROMFONT
 .text.EVE_CMD_SETBITMAP
                0x08003ff2       0x60 ./Core/Src/EVE_API.o
                0x08003ff2                EVE_CMD_SETBITMAP
 *fill*         0x08004052        0x2 
 .text.HAL_EVE_Init
                0x08004054       0x8c ./Core/Src/EVE_HAL.o
                0x08004054                HAL_EVE_Init
 .text.HAL_ChipSelect
                0x080040e0       0x28 ./Core/Src/EVE_HAL.o
                0x080040e0                HAL_ChipSelect
 .text.HAL_PowerDown
                0x08004108       0x28 ./Core/Src/EVE_HAL.o
                0x08004108                HAL_PowerDown
 .text.HAL_SetWriteAddress
                0x08004130       0x28 ./Core/Src/EVE_HAL.o
                0x08004130                HAL_SetWriteAddress
 .text.HAL_SetReadAddress
                0x08004158       0x22 ./Core/Src/EVE_HAL.o
                0x08004158                HAL_SetReadAddress
 .text.HAL_Write32
                0x0800417a       0x20 ./Core/Src/EVE_HAL.o
                0x0800417a                HAL_Write32
 .text.HAL_Write16
                0x0800419a       0x26 ./Core/Src/EVE_HAL.o
                0x0800419a                HAL_Write16
 .text.HAL_Write8
                0x080041c0       0x1e ./Core/Src/EVE_HAL.o
                0x080041c0                HAL_Write8
 .text.HAL_Read32
                0x080041de       0x20 ./Core/Src/EVE_HAL.o
                0x080041de                HAL_Read32
 .text.HAL_Read16
                0x080041fe       0x24 ./Core/Src/EVE_HAL.o
                0x080041fe                HAL_Read16
 .text.HAL_Read8
                0x08004222       0x1c ./Core/Src/EVE_HAL.o
                0x08004222                HAL_Read8
 .text.HAL_MemWrite32
                0x0800423e       0x2e ./Core/Src/EVE_HAL.o
                0x0800423e                HAL_MemWrite32
 .text.HAL_MemWrite16
                0x0800426c       0x34 ./Core/Src/EVE_HAL.o
                0x0800426c                HAL_MemWrite16
 .text.HAL_MemWrite8
                0x080042a0       0x34 ./Core/Src/EVE_HAL.o
                0x080042a0                HAL_MemWrite8
 .text.HAL_MemRead32
                0x080042d4       0x2e ./Core/Src/EVE_HAL.o
                0x080042d4                HAL_MemRead32
 .text.HAL_MemRead16
                0x08004302       0x34 ./Core/Src/EVE_HAL.o
                0x08004302                HAL_MemRead16
 .text.HAL_MemRead8
                0x08004336       0x34 ./Core/Src/EVE_HAL.o
                0x08004336                HAL_MemRead8
 .text.HAL_HostCmdWrite
                0x0800436a       0x40 ./Core/Src/EVE_HAL.o
                0x0800436a                HAL_HostCmdWrite
 *fill*         0x080043aa        0x2 
 .text.HAL_IncCmdPointer
                0x080043ac       0x30 ./Core/Src/EVE_HAL.o
                0x080043ac                HAL_IncCmdPointer
 .text.HAL_GetCmdPointer
                0x080043dc       0x14 ./Core/Src/EVE_HAL.o
                0x080043dc                HAL_GetCmdPointer
 .text.HAL_WriteCmdPointer
                0x080043f0       0x24 ./Core/Src/EVE_HAL.o
                0x080043f0                HAL_WriteCmdPointer
 .text.HAL_WaitCmdFifoEmpty
                0x08004414       0x48 ./Core/Src/EVE_HAL.o
                0x08004414                HAL_WaitCmdFifoEmpty
 .text.MCU_CSlow
                0x0800445c       0x1c ./Core/Src/EVE_MCU_STM32.o
                0x0800445c                MCU_CSlow
 .text.MCU_CShigh
                0x08004478       0x1c ./Core/Src/EVE_MCU_STM32.o
                0x08004478                MCU_CShigh
 .text.MCU_PDlow
                0x08004494       0x1c ./Core/Src/EVE_MCU_STM32.o
                0x08004494                MCU_PDlow
 .text.MCU_PDhigh
                0x080044b0       0x1c ./Core/Src/EVE_MCU_STM32.o
                0x080044b0                MCU_PDhigh
 .text.MCU_SPIReadWrite8
                0x080044cc       0x3c ./Core/Src/EVE_MCU_STM32.o
                0x080044cc                MCU_SPIReadWrite8
 .text.MCU_SPIReadWrite16
                0x08004508       0x5c ./Core/Src/EVE_MCU_STM32.o
                0x08004508                MCU_SPIReadWrite16
 .text.MCU_SPIReadWrite24
                0x08004564       0x6c ./Core/Src/EVE_MCU_STM32.o
                0x08004564                MCU_SPIReadWrite24
 .text.MCU_SPIReadWrite32
                0x080045d0       0x7e ./Core/Src/EVE_MCU_STM32.o
                0x080045d0                MCU_SPIReadWrite32
 .text.MCU_Delay_20ms
                0x0800464e       0x10 ./Core/Src/EVE_MCU_STM32.o
                0x0800464e                MCU_Delay_20ms
 .text.MCU_Delay_500ms
                0x0800465e       0x36 ./Core/Src/EVE_MCU_STM32.o
                0x0800465e                MCU_Delay_500ms
 .text.MCU_SPIRead8
                0x08004694       0x24 ./Core/Src/EVE_MCU_STM32.o
                0x08004694                MCU_SPIRead8
 .text.MCU_SPIWrite8
                0x080046b8       0x1e ./Core/Src/EVE_MCU_STM32.o
                0x080046b8                MCU_SPIWrite8
 .text.MCU_SPIRead16
                0x080046d6       0x24 ./Core/Src/EVE_MCU_STM32.o
                0x080046d6                MCU_SPIRead16
 .text.MCU_SPIWrite16
                0x080046fa       0x1e ./Core/Src/EVE_MCU_STM32.o
                0x080046fa                MCU_SPIWrite16
 .text.MCU_SPIWrite24
                0x08004718       0x18 ./Core/Src/EVE_MCU_STM32.o
                0x08004718                MCU_SPIWrite24
 .text.MCU_SPIRead32
                0x08004730       0x1e ./Core/Src/EVE_MCU_STM32.o
                0x08004730                MCU_SPIRead32
 .text.MCU_SPIWrite32
                0x0800474e       0x18 ./Core/Src/EVE_MCU_STM32.o
                0x0800474e                MCU_SPIWrite32
 .text.MCU_htobe32
                0x08004766       0x12 ./Core/Src/EVE_MCU_STM32.o
                0x08004766                MCU_htobe32
 .text.MCU_htole16
                0x08004778       0x2c ./Core/Src/EVE_MCU_STM32.o
                0x08004778                MCU_htole16
 .text.MCU_htole32
                0x080047a4       0x32 ./Core/Src/EVE_MCU_STM32.o
                0x080047a4                MCU_htole32
 .text.MCU_be16toh
                0x080047d6       0x18 ./Core/Src/EVE_MCU_STM32.o
                0x080047d6                MCU_be16toh
 .text.MCU_be32toh
                0x080047ee       0x12 ./Core/Src/EVE_MCU_STM32.o
                0x080047ee                MCU_be32toh
 .text.MCU_le16toh
                0x08004800       0x2c ./Core/Src/EVE_MCU_STM32.o
                0x08004800                MCU_le16toh
 .text.MCU_le32toh
                0x0800482c       0x32 ./Core/Src/EVE_MCU_STM32.o
                0x0800482c                MCU_le32toh
 *fill*         0x0800485e        0x2 
 .text.delay_us
                0x08004860       0x34 ./Core/Src/MCU_init.o
                0x08004860                delay_us
 .text.MCU_peripheral_init
                0x08004894       0x88 ./Core/Src/MCU_init.o
                0x08004894                MCU_peripheral_init
 .text.SystemClock_Config
                0x0800491c       0xec ./Core/Src/MCU_init.o
                0x0800491c                SystemClock_Config
 .text.MX_ADC_Init
                0x08004a08       0xa8 ./Core/Src/MCU_init.o
 .text.MX_DAC_Init
                0x08004ab0       0x5c ./Core/Src/MCU_init.o
 .text.MX_I2C3_Init
                0x08004b0c       0x80 ./Core/Src/MCU_init.o
 .text.MX_SPI1_Init
                0x08004b8c       0x70 ./Core/Src/MCU_init.o
 .text.MX_TIM22_Init
                0x08004bfc       0xa8 ./Core/Src/MCU_init.o
 .text.MX_TIM3_Init
                0x08004ca4       0xac ./Core/Src/MCU_init.o
 .text.MX_TIM21_Init
                0x08004d50       0xa8 ./Core/Src/MCU_init.o
 .text.MX_USART2_UART_Init
                0x08004df8       0x60 ./Core/Src/MCU_init.o
 .text.MX_GPIO_Init
                0x08004e58      0x23c ./Core/Src/MCU_init.o
 .text.Error_Handler
                0x08005094        0xc ./Core/Src/MCU_init.o
                0x08005094                Error_Handler
 .text.gen_err_handler
                0x080050a0       0x2a ./Core/Src/functions.o
                0x080050a0                gen_err_handler
 *fill*         0x080050ca        0x2 
 .text.increment_volumes
                0x080050cc      0x210 ./Core/Src/functions.o
                0x080050cc                increment_volumes
 .text.increment_air_count
                0x080052dc       0x24 ./Core/Src/functions.o
 .text.increment_food_volumes
                0x08005300       0x84 ./Core/Src/functions.o
 .text.increment_bolus_volumes
                0x08005384       0x3c ./Core/Src/functions.o
 .text.handle_low_flow_hour_complete
                0x080053c0       0x84 ./Core/Src/functions.o
 .text.handle_low_flow_dose_complete
                0x08005444       0x9c ./Core/Src/functions.o
 .text.handle_no_pause_hour_end
                0x080054e0       0xcc ./Core/Src/functions.o
 .text.handle_pause_hour_end
                0x080055ac       0xc4 ./Core/Src/functions.o
 .text.handle_pause_restart_motor
                0x08005670      0x150 ./Core/Src/functions.o
 .text.handle_pause_early_complete
                0x080057c0       0x34 ./Core/Src/functions.o
 .text.check_no_pause_hour_end
                0x080057f4       0x6c ./Core/Src/functions.o
 .text.check_pause_hour_end
                0x08005860       0x80 ./Core/Src/functions.o
 .text.occl_test
                0x080058e0      0x474 ./Core/Src/functions.o
                0x080058e0                occl_test
 .text.process_occlusion_result
                0x08005d54       0xe4 ./Core/Src/functions.o
 .text.start_test_phase
                0x08005e38       0x1e ./Core/Src/functions.o
 *fill*         0x08005e56        0x2 
 .text.end_heating_phase
                0x08005e58       0x34 ./Core/Src/functions.o
 .text.should_check_air
                0x08005e8c       0x34 ./Core/Src/functions.o
 .text.handle_air_condition
                0x08005ec0      0x1a0 ./Core/Src/functions.o
 .text.process_test_results
                0x08006060      0x2b0 ./Core/Src/functions.o
 .text.median_filter
                0x08006310       0xf8 ./Core/Src/functions.o
                0x08006310                median_filter
 .text.low_pass_filter
                0x08006408       0xd0 ./Core/Src/functions.o
 .text.test_background_ir
                0x080064d8       0x44 ./Core/Src/functions.o
                0x080064d8                test_background_ir
 .text.variable_decr
                0x0800651c       0x7e ./Core/Src/functions.o
                0x0800651c                variable_decr
 .text.variable_incr
                0x0800659a       0x76 ./Core/Src/functions.o
                0x0800659a                variable_incr
 .text.variable_incr_rate
                0x08006610       0x80 ./Core/Src/functions.o
                0x08006610                variable_incr_rate
 .text.variable_decr_rate
                0x08006690       0x7c ./Core/Src/functions.o
                0x08006690                variable_decr_rate
 .text.variable_incr_dose
                0x0800670c       0xdc ./Core/Src/functions.o
                0x0800670c                variable_incr_dose
 .text.touch_count_event
                0x080067e8       0x40 ./Core/Src/functions.o
                0x080067e8                touch_count_event
 .text.variable_decr_dose
                0x08006828       0xd0 ./Core/Src/functions.o
                0x08006828                variable_decr_dose
 .text.reset_air_test_var
                0x080068f8       0x28 ./Core/Src/functions.o
                0x080068f8                reset_air_test_var
 .text.inactivity_timeout
                0x08006920       0x38 ./Core/Src/functions.o
                0x08006920                inactivity_timeout
 .text.test_tir_cal_values
                0x08006958      0x120 ./Core/Src/functions.o
                0x08006958                test_tir_cal_values
 .text.check_tir_calibration
                0x08006a78      0x118 ./Core/Src/functions.o
                0x08006a78                check_tir_calibration
 .text.pic_i2c_read
                0x08006b90       0x60 ./Core/Src/functions.o
                0x08006b90                pic_i2c_read
 .text.start_analog_scan
                0x08006bf0       0x14 ./Core/Src/functions.o
                0x08006bf0                start_analog_scan
 .text.stop_analog_scan
                0x08006c04       0x14 ./Core/Src/functions.o
                0x08006c04                stop_analog_scan
 .text.occl_normalize_max
                0x08006c18      0x156 ./Core/Src/functions.o
                0x08006c18                occl_normalize_max
 *fill*         0x08006d6e        0x2 
 .text.detect_and_handle_invalid_values
                0x08006d70      0x180 ./Core/Src/functions.o
 .text.detect_stable_phase_with_adjust
                0x08006ef0      0x3d0 ./Core/Src/functions.o
 .text.find_peak_value
                0x080072c0       0x6c ./Core/Src/functions.o
 .text.calculate_hybrid_baseline_with_stable
                0x0800732c       0xd8 ./Core/Src/functions.o
 .text.get_representative_value
                0x08007404      0x190 ./Core/Src/functions.o
 .text.smooth_pre_stable_phase
                0x08007594      0x2dc ./Core/Src/functions.o
 .text.normalize_data_flexible
                0x08007870      0x720 ./Core/Src/functions.o
 .text.occl_normalize_tail_and_compare_limits
                0x08007f90      0x6e0 ./Core/Src/functions.o
                0x08007f90                occl_normalize_tail_and_compare_limits
 .text.init_dynamic_interval_control
                0x08008670       0xfc ./Core/Src/functions.o
                0x08008670                init_dynamic_interval_control
 .text.init_pause_related_params
                0x0800876c       0x30 ./Core/Src/functions.o
                0x0800876c                init_pause_related_params
 .text.update_dynamic_interval_control
                0x0800879c       0x44 ./Core/Src/functions.o
                0x0800879c                update_dynamic_interval_control
 .text.reset_hourly_interval_control
                0x080087e0       0x48 ./Core/Src/functions.o
                0x080087e0                reset_hourly_interval_control
 .text.find_end_of_initial_decline_enhanced
                0x08008828      0x2dc ./Core/Src/functions.o
 .text.find_peak_index
                0x08008b04       0xbc ./Core/Src/functions.o
 .text.inc_bat_time
                0x08008bc0       0x38 ./Core/Src/functions.o
                0x08008bc0                inc_bat_time
 .text.calc_occl_peaks
                0x08008bf8      0x1d8 ./Core/Src/functions.o
                0x08008bf8                calc_occl_peaks
 .text.dec_to_bcd
                0x08008dd0       0x5a ./Core/Src/functions.o
                0x08008dd0                dec_to_bcd
 .text.bcd_to_dec
                0x08008e2a       0x44 ./Core/Src/functions.o
                0x08008e2a                bcd_to_dec
 .text.get_saved_variables
                0x08008e6e       0x1e ./Core/Src/functions.o
                0x08008e6e                get_saved_variables
 .text.detect_air
                0x08008e8c       0xe8 ./Core/Src/functions.o
                0x08008e8c                detect_air
 .text.swap     0x08008f74       0x2c ./Core/Src/functions.o
 .text.__NVIC_SystemReset
                0x08008fa0       0x24 ./Core/Src/io_calls.o
 .text.autoprimedual
                0x08008fc4      0x1a0 ./Core/Src/io_calls.o
                0x08008fc4                autoprimedual
 .text.process_water_stage
                0x08009164       0x4c ./Core/Src/io_calls.o
 .text.transition_to_formula_stage
                0x080091b0       0x24 ./Core/Src/io_calls.o
 .text.process_formula_stage
                0x080091d4      0x11c ./Core/Src/io_calls.o
 .text.process_final_stage
                0x080092f0       0x52 ./Core/Src/io_calls.o
 *fill*         0x08009342        0x2 
 .text.autoprimesingle
                0x08009344      0x160 ./Core/Src/io_calls.o
                0x08009344                autoprimesingle
 .text.ProcessFormulaStage
                0x080094a4       0x4e ./Core/Src/io_calls.o
 .text.ShouldAbortFormulaStage
                0x080094f2       0x38 ./Core/Src/io_calls.o
 .text.eve_calib_write
                0x0800952a       0x7c ./Core/Src/io_calls.o
                0x0800952a                eve_calib_write
 .text.eve_calib_read
                0x080095a6       0x8e ./Core/Src/io_calls.o
                0x080095a6                eve_calib_read
 .text.check_nv_vars
                0x08009634      0x1e4 ./Core/Src/io_calls.o
                0x08009634                check_nv_vars
 .text.check_err_data
                0x08009818       0x38 ./Core/Src/io_calls.o
                0x08009818                check_err_data
 .text.end_startup_init
                0x08009850       0x10 ./Core/Src/io_calls.o
                0x08009850                end_startup_init
 .text.initial_power_test
                0x08009860       0x60 ./Core/Src/io_calls.o
                0x08009860                initial_power_test
 .text.power_test
                0x080098c0       0x64 ./Core/Src/io_calls.o
                0x080098c0                power_test
 .text.SaveNV16
                0x08009924       0x5c ./Core/Src/io_calls.o
                0x08009924                SaveNV16
 .text.SaveNV32
                0x08009980       0x64 ./Core/Src/io_calls.o
                0x08009980                SaveNV32
 .text.save_tir_cal
                0x080099e4       0x50 ./Core/Src/io_calls.o
                0x080099e4                save_tir_cal
 .text.read_tir_cal
                0x08009a34       0x42 ./Core/Src/io_calls.o
                0x08009a34                read_tir_cal
 *fill*         0x08009a76        0x2 
 .text.SaveNV_Settings
                0x08009a78       0x78 ./Core/Src/io_calls.o
                0x08009a78                SaveNV_Settings
 .text.SaveNV_Volume
                0x08009af0      0x100 ./Core/Src/io_calls.o
                0x08009af0                SaveNV_Volume
 .text.SaveNV_Acc_Volume
                0x08009bf0       0xd4 ./Core/Src/io_calls.o
                0x08009bf0                SaveNV_Acc_Volume
 .text.save_err_rec
                0x08009cc4       0xd8 ./Core/Src/io_calls.o
                0x08009cc4                save_err_rec
 .text.save_daily_vol_rec
                0x08009d9c       0xbc ./Core/Src/io_calls.o
                0x08009d9c                save_daily_vol_rec
 .text.update_daily_food_vol
                0x08009e58       0xf0 ./Core/Src/io_calls.o
                0x08009e58                update_daily_food_vol
 .text.update_daily_water_vol
                0x08009f48       0xf0 ./Core/Src/io_calls.o
                0x08009f48                update_daily_water_vol
 .text.ReadNV16
                0x0800a038       0x54 ./Core/Src/io_calls.o
                0x0800a038                ReadNV16
 .text.ReadNV32
                0x0800a08c       0x58 ./Core/Src/io_calls.o
                0x0800a08c                ReadNV32
 .text.read_nv_setting_vars
                0x0800a0e4       0x74 ./Core/Src/io_calls.o
                0x0800a0e4                read_nv_setting_vars
 .text.read_nv_volume_vars
                0x0800a158      0x108 ./Core/Src/io_calls.o
                0x0800a158                read_nv_volume_vars
 .text.read_nv_acc_volume_vars
                0x0800a260       0xb0 ./Core/Src/io_calls.o
                0x0800a260                read_nv_acc_volume_vars
 .text.board_io_initialize
                0x0800a310       0x74 ./Core/Src/io_calls.o
                0x0800a310                board_io_initialize
 .text.ir_heat_off
                0x0800a384       0x24 ./Core/Src/io_calls.o
                0x0800a384                ir_heat_off
 .text.ir_heat_on
                0x0800a3a8       0x24 ./Core/Src/io_calls.o
                0x0800a3a8                ir_heat_on
 .text.get_cal_rec
                0x0800a3cc       0xa4 ./Core/Src/io_calls.o
                0x0800a3cc                get_cal_rec
 .text.get_err_rec
                0x0800a470       0x8c ./Core/Src/io_calls.o
                0x0800a470                get_err_rec
 .text.get_vol_rec
                0x0800a4fc       0xa4 ./Core/Src/io_calls.o
                0x0800a4fc                get_vol_rec
 .text.get_time
                0x0800a5a0      0x230 ./Core/Src/io_calls.o
                0x0800a5a0                get_time
 .text.save_time
                0x0800a7d0      0x174 ./Core/Src/io_calls.o
                0x0800a7d0                save_time
 .text.key_click
                0x0800a944       0x7e ./Core/Src/io_calls.o
                0x0800a944                key_click
 .text.beep_1khz_1sec_mon
                0x0800a9c2       0xfe ./Core/Src/io_calls.o
                0x0800a9c2                beep_1khz_1sec_mon
 .text.beep_1khz_1sec
                0x0800aac0       0xba ./Core/Src/io_calls.o
                0x0800aac0                beep_1khz_1sec
 .text.beep_1khz_p5sec
                0x0800ab7a       0xac ./Core/Src/io_calls.o
                0x0800ab7a                beep_1khz_p5sec
 .text.beep_1khz_150ms
                0x0800ac26       0xa8 ./Core/Src/io_calls.o
                0x0800ac26                beep_1khz_150ms
 *fill*         0x0800acce        0x2 
 .text.select_analog_channel
                0x0800acd0      0x124 ./Core/Src/io_calls.o
                0x0800acd0                select_analog_channel
 .text.cal_tir_sensor
                0x0800adf4      0x3fc ./Core/Src/io_calls.o
                0x0800adf4                cal_tir_sensor
 .text.read_v_bat
                0x0800b1f0       0xa8 ./Core/Src/io_calls.o
                0x0800b1f0                read_v_bat
 .text.read_analog_channel
                0x0800b298       0x68 ./Core/Src/io_calls.o
                0x0800b298                read_analog_channel
 .text.usonic_sensor_read_with_infrared
                0x0800b300       0x58 ./Core/Src/io_calls.o
                0x0800b300                usonic_sensor_read_with_infrared
 .text.usonic_sensor_read
                0x0800b358       0x4c ./Core/Src/io_calls.o
                0x0800b358                usonic_sensor_read
 .text.pts_sensor_read
                0x0800b3a4       0x30 ./Core/Src/io_calls.o
                0x0800b3a4                pts_sensor_read
 .text.pts_sensor
                0x0800b3d4       0x20 ./Core/Src/io_calls.o
                0x0800b3d4                pts_sensor
 .text.distal_tube_empty
                0x0800b3f4       0x20 ./Core/Src/io_calls.o
                0x0800b3f4                distal_tube_empty
 .text.safe_distal_tube_empty
                0x0800b414       0x34 ./Core/Src/io_calls.o
                0x0800b414                safe_distal_tube_empty
 .text.distal_tube_detected
                0x0800b448       0x20 ./Core/Src/io_calls.o
                0x0800b448                distal_tube_detected
 .text.save_nv  0x0800b468       0x16 ./Core/Src/io_calls.o
                0x0800b468                save_nv
 *fill*         0x0800b47e        0x2 
 .text.power_off_pump
                0x0800b480       0x3c ./Core/Src/io_calls.o
                0x0800b480                power_off_pump
 .text.ac_connected
                0x0800b4bc       0x1c ./Core/Src/io_calls.o
                0x0800b4bc                ac_connected
 .text.read_battery_voltage
                0x0800b4d8       0x16 ./Core/Src/io_calls.o
                0x0800b4d8                read_battery_voltage
 *fill*         0x0800b4ee        0x2 
 .text.read_all_keys
                0x0800b4f0       0x68 ./Core/Src/io_calls.o
                0x0800b4f0                read_all_keys
 .text.read_keypad
                0x0800b558       0xa0 ./Core/Src/io_calls.o
                0x0800b558                read_keypad
 .text.test_if_set_installed
                0x0800b5f8       0x50 ./Core/Src/io_calls.o
                0x0800b5f8                test_if_set_installed
 .text.detect_tpa
                0x0800b648       0x64 ./Core/Src/io_calls.o
                0x0800b648                detect_tpa
 .text.check_pts_wake_up
                0x0800b6ac      0x180 ./Core/Src/io_calls.o
                0x0800b6ac                check_pts_wake_up
 .text.detect_tpa_type
                0x0800b82c       0x1c ./Core/Src/io_calls.o
 .text.handle_tpa_status
                0x0800b848       0x90 ./Core/Src/io_calls.o
 .text.adjust_pincher_position
                0x0800b8d8       0x26 ./Core/Src/io_calls.o
 *fill*         0x0800b8fe        0x2 
 .text.check_tubing_empty
                0x0800b900       0x34 ./Core/Src/io_calls.o
 .text.check_distal_tubing
                0x0800b934       0x58 ./Core/Src/io_calls.o
 .text.distal_tube_removed
                0x0800b98c       0x94 ./Core/Src/io_calls.o
                0x0800b98c                distal_tube_removed
 .text.handle_missing_tube
                0x0800ba20       0x38 ./Core/Src/io_calls.o
 .text.initiate_tube_removal_sequence
                0x0800ba58       0x30 ./Core/Src/io_calls.o
 .text.perform_tube_removal
                0x0800ba88       0x54 ./Core/Src/io_calls.o
 .text.reset_system_state
                0x0800badc       0x20 ./Core/Src/io_calls.o
 .text.resume_pumping
                0x0800bafc        0xe ./Core/Src/io_calls.o
 *fill*         0x0800bb0a        0x2 
 .text.wait_one_second
                0x0800bb0c       0x40 ./Core/Src/io_calls.o
 .text.magnet   0x0800bb4c       0x20 ./Core/Src/io_calls.o
                0x0800bb4c                magnet
 .text.manualprime
                0x0800bb6c       0xc8 ./Core/Src/io_calls.o
                0x0800bb6c                manualprime
 .text.start_pumping
                0x0800bc34       0x26 ./Core/Src/io_calls.o
 .text.stop_pumping
                0x0800bc5a        0xe ./Core/Src/io_calls.o
 .text.move_pincher_all_cw
                0x0800bc68       0x84 ./Core/Src/io_calls.o
                0x0800bc68                move_pincher_all_cw
 .text.move_pincher_all_ccw
                0x0800bcec       0x98 ./Core/Src/io_calls.o
                0x0800bcec                move_pincher_all_ccw
 .text.move_pincher_from_all_cw_to_magnet
                0x0800bd84       0x4e ./Core/Src/io_calls.o
                0x0800bd84                move_pincher_from_all_cw_to_magnet
 .text.move_pincher_from_all_ccw_to_magnet
                0x0800bdd2       0x22 ./Core/Src/io_calls.o
                0x0800bdd2                move_pincher_from_all_ccw_to_magnet
 .text.rotate_to_magnet
                0x0800bdf4       0x56 ./Core/Src/io_calls.o
 .text.evaluate_pincher_position
                0x0800be4a       0x3c ./Core/Src/io_calls.o
 .text.magnet_sensor_detected
                0x0800be86       0x16 ./Core/Src/io_calls.o
 .text.move_pincher_to_center
                0x0800be9c       0x6c ./Core/Src/io_calls.o
                0x0800be9c                move_pincher_to_center
 .text.pinch_n_steps
                0x0800bf08       0x98 ./Core/Src/io_calls.o
                0x0800bf08                pinch_n_steps
 .text.apply_motor_phase
                0x0800bfa0       0x8c ./Core/Src/io_calls.o
 .text.pinch_ccw
                0x0800c02c       0x38 ./Core/Src/io_calls.o
                0x0800c02c                pinch_ccw
 .text.pinch_cw
                0x0800c064       0x40 ./Core/Src/io_calls.o
                0x0800c064                pinch_cw
 .text.pump_motor_off
                0x0800c0a4       0x4c ./Core/Src/io_calls.o
                0x0800c0a4                pump_motor_off
 .text.service_mode_only
                0x0800c0f0       0x68 ./Core/Src/io_calls.o
                0x0800c0f0                service_mode_only
 .text.service_mode_req
                0x0800c158       0x68 ./Core/Src/io_calls.o
                0x0800c158                service_mode_req
 .text.start_pump_w_old_rate
                0x0800c1c0       0x18 ./Core/Src/io_calls.o
                0x0800c1c0                start_pump_w_old_rate
 .text.start_pump
                0x0800c1d8       0x40 ./Core/Src/io_calls.o
                0x0800c1d8                start_pump
 .text.stop_pump_motor
                0x0800c218       0x18 ./Core/Src/io_calls.o
                0x0800c218                stop_pump_motor
 .text.main     0x0800c230      0x168 ./Core/Src/main.o
                0x0800c230                main
 .text.get_interval_control
                0x0800c398       0x10 ./Core/Src/main_tasks.o
                0x0800c398                get_interval_control
 .text.prime_mode_task
                0x0800c3a8       0x54 ./Core/Src/main_tasks.o
                0x0800c3a8                prime_mode_task
 .text.handle_auto_prime
                0x0800c3fc       0x50 ./Core/Src/main_tasks.o
 .text.handle_prime_error
                0x0800c44c       0x54 ./Core/Src/main_tasks.o
 .text.prepare_for_tube_removal
                0x0800c4a0       0x12 ./Core/Src/main_tasks.o
 *fill*         0x0800c4b2        0x2 
 .text.wait_for_tube_removal
                0x0800c4b4       0x50 ./Core/Src/main_tasks.o
 .text.reset_system_after_removal
                0x0800c504       0x20 ./Core/Src/main_tasks.o
 .text.update_prime_status
                0x0800c524       0x38 ./Core/Src/main_tasks.o
 .text.pre_run_check_task
                0x0800c55c       0xbc ./Core/Src/main_tasks.o
                0x0800c55c                pre_run_check_task
 .text.test_if_set_ready_task
                0x0800c618       0xec ./Core/Src/main_tasks.o
                0x0800c618                test_if_set_ready_task
 .text.update_tube_state
                0x0800c704       0x50 ./Core/Src/main_tasks.o
 .text.process_ready_task_input
                0x0800c754       0x64 ./Core/Src/main_tasks.o
 .text.is_prime_key
                0x0800c7b8       0x34 ./Core/Src/main_tasks.o
 .text.service_page_one_task
                0x0800c7ec       0xe0 ./Core/Src/main_tasks.o
                0x0800c7ec                service_page_one_task
 .text.handle_pincher_control
                0x0800c8cc       0x64 ./Core/Src/main_tasks.o
                0x0800c8cc                handle_pincher_control
 .text.stop_pump
                0x0800c930       0x1a ./Core/Src/main_tasks.o
                0x0800c930                stop_pump
 *fill*         0x0800c94a        0x2 
 .text.service_page_two_task
                0x0800c94c       0xf8 ./Core/Src/main_tasks.o
                0x0800c94c                service_page_two_task
 .text.update_alarm_monitor
                0x0800ca44       0x38 ./Core/Src/main_tasks.o
                0x0800ca44                update_alarm_monitor
 .text.service_page_three_task
                0x0800ca7c       0xd4 ./Core/Src/main_tasks.o
                0x0800ca7c                service_page_three_task
 .text.start_heat_test
                0x0800cb50       0x34 ./Core/Src/main_tasks.o
                0x0800cb50                start_heat_test
 .text.update_heat_test
                0x0800cb84       0x68 ./Core/Src/main_tasks.o
                0x0800cb84                update_heat_test
 .text.set_water_rate_task
                0x0800cbec      0x108 ./Core/Src/main_tasks.o
                0x0800cbec                set_water_rate_task
 .text.check_timeout
                0x0800ccf4       0x34 ./Core/Src/main_tasks.o
                0x0800ccf4                check_timeout
 .text.set_dose_limit_task
                0x0800cd28      0x18c ./Core/Src/main_tasks.o
                0x0800cd28                set_dose_limit_task
 .text.clear_rates_task
                0x0800ceb4      0x100 ./Core/Src/main_tasks.o
                0x0800ceb4                clear_rates_task
 .text.hold_mode_task
                0x0800cfb4       0x88 ./Core/Src/main_tasks.o
                0x0800cfb4                hold_mode_task
 .text.update_HoldMode_display
                0x0800d03c       0x2e ./Core/Src/main_tasks.o
 *fill*         0x0800d06a        0x2 
 .text.process_input
                0x0800d06c       0xd0 ./Core/Src/main_tasks.o
 .text.process_unlocked_input
                0x0800d13c      0x148 ./Core/Src/main_tasks.o
 .text.handle_up_event
                0x0800d284       0xc4 ./Core/Src/main_tasks.o
 .text.handle_down_event
                0x0800d348       0x74 ./Core/Src/main_tasks.o
 .text.update_state_machine
                0x0800d3bc       0x68 ./Core/Src/main_tasks.o
 .text.run_mode_task
                0x0800d424      0x4c0 ./Core/Src/main_tasks.o
                0x0800d424                run_mode_task
 .text.init_low_flow_wait_state
                0x0800d8e4       0x22 ./Core/Src/main_tasks.o
                0x0800d8e4                init_low_flow_wait_state
 *fill*         0x0800d906        0x2 
 .text.handle_flush_process
                0x0800d908       0xb4 ./Core/Src/main_tasks.o
 .text.handle_dose_complete_process
                0x0800d9bc       0x44 ./Core/Src/main_tasks.o
 .text.handle_low_flow_dose_check
                0x0800da00       0x32 ./Core/Src/main_tasks.o
 *fill*         0x0800da32        0x2 
 .text.handle_normal_flow_dose_check
                0x0800da34       0x70 ./Core/Src/main_tasks.o
 .text.handle_dose_check
                0x0800daa4       0x9c ./Core/Src/main_tasks.o
 .text.handle_ultrasonic_control
                0x0800db40       0x5c ./Core/Src/main_tasks.o
 .text.should_flush
                0x0800db9c       0x54 ./Core/Src/main_tasks.o
 .text.init_run_mode_state
                0x0800dbf0       0xa8 ./Core/Src/main_tasks.o
 .text.start_pump_sequence
                0x0800dc98      0x134 ./Core/Src/main_tasks.o
 .text.update_display
                0x0800ddcc       0x4e ./Core/Src/main_tasks.o
 .text.handle_key_input
                0x0800de1a       0x1a ./Core/Src/main_tasks.o
 .text.process_key_actions
                0x0800de34      0x1d4 ./Core/Src/main_tasks.o
 .text.process_bolus_mode
                0x0800e008       0xcc ./Core/Src/main_tasks.o
 .text.get_flush_volume
                0x0800e0d4        0xc ./Core/Src/main_tasks.o
 .text.process_formula_mode
                0x0800e0e0       0xd4 ./Core/Src/main_tasks.o
 .text.check_first_occlusion_test_start
                0x0800e1b4       0xa4 ./Core/Src/main_tasks.o
 .text.update_volume_display_timer
                0x0800e258       0x24 ./Core/Src/main_tasks.o
 .text.handle_low_flow_wait_end
                0x0800e27c       0xd0 ./Core/Src/main_tasks.o
 .text.handle_low_flow_calculate_next_hour
                0x0800e34c       0x74 ./Core/Src/main_tasks.o
 .text.execute_hourly_restart
                0x0800e3c0       0x2e ./Core/Src/main_tasks.o
 *fill*         0x0800e3ee        0x2 
 .text.update_one_ml
                0x0800e3f0      0x170 ./Core/Src/main_tasks.o
 .text.handle_normal_flow_hourly_dose
                0x0800e560       0x74 ./Core/Src/main_tasks.o
 .text.handle_low_flow_hourly_dose
                0x0800e5d4       0x5a ./Core/Src/main_tasks.o
 *fill*         0x0800e62e        0x2 
 .text.check_and_process_hourly_dose
                0x0800e630      0x134 ./Core/Src/main_tasks.o
 .text.execute_hourly_reset_routine
                0x0800e764       0xa0 ./Core/Src/main_tasks.o
 .text.reset_occlusion_detection_state
                0x0800e804       0x3c ./Core/Src/main_tasks.o
 .text.start_next_hour_pump_cycle
                0x0800e840      0x15c ./Core/Src/main_tasks.o
 .text.process_occlusion_detection
                0x0800e99c       0x66 ./Core/Src/main_tasks.o
 *fill*         0x0800ea02        0x2 
 .text.control_loop_timing
                0x0800ea04       0x34 ./Core/Src/main_tasks.o
 .text.handle_pause
                0x0800ea38       0x3c ./Core/Src/main_tasks.o
 .text.record_pause_params
                0x0800ea74       0x38 ./Core/Src/main_tasks.o
 .text.update_accumulated_work_time
                0x0800eaac       0x2e ./Core/Src/main_tasks.o
 *fill*         0x0800eada        0x2 
 .text.swap_bolus_to_formula
                0x0800eadc      0x18c ./Core/Src/main_tasks.o
                0x0800eadc                swap_bolus_to_formula
 .text.swap_formula_to_bolus
                0x0800ec68       0x2a ./Core/Src/main_tasks.o
                0x0800ec68                swap_formula_to_bolus
 .text.MCU_off_task
                0x0800ec92       0x48 ./Core/Src/main_tasks.o
                0x0800ec92                MCU_off_task
 *fill*         0x0800ecda        0x2 
 .text.execute_fast_shutdown
                0x0800ecdc       0x38 ./Core/Src/main_tasks.o
 .text.show_shutdown_prompts
                0x0800ed14       0x38 ./Core/Src/main_tasks.o
 .text.perform_shutdown_sequence
                0x0800ed4c       0xb0 ./Core/Src/main_tasks.o
 .text.check_50ms_cycle
                0x0800edfc       0x54 ./Core/Src/main_tasks.o
 .text.remove_set_task
                0x0800ee50       0x54 ./Core/Src/main_tasks.o
                0x0800ee50                remove_set_task
 .text.handle_magnet_error
                0x0800eea4       0x28 ./Core/Src/main_tasks.o
 .text.simple_batt_filter
                0x0800eecc       0xc8 ./Core/Src/screen_helper.o
                0x0800eecc                simple_batt_filter
 .text.manage_voltage_locking
                0x0800ef94      0x170 ./Core/Src/screen_helper.o
 .text.handle_charging
                0x0800f104      0x254 ./Core/Src/screen_helper.o
 .text.handle_discharging
                0x0800f358      0x158 ./Core/Src/screen_helper.o
 .text.update_battery_state
                0x0800f4b0      0x12c ./Core/Src/screen_helper.o
 .text.draw_batt_symbol
                0x0800f5dc       0xc4 ./Core/Src/screen_helper.o
                0x0800f5dc                draw_batt_symbol
 .text.update_led_with_config
                0x0800f6a0      0x13c ./Core/Src/screen_helper.o
 .text.draw_flow_indicator
                0x0800f7dc      0x10c ./Core/Src/screen_helper.o
                0x0800f7dc                draw_flow_indicator
 .text.draw_flow_new_indicator
                0x0800f8e8      0x100 ./Core/Src/screen_helper.o
                0x0800f8e8                draw_flow_new_indicator
 .text.draw_arrow_with_color
                0x0800f9e8       0xba ./Core/Src/screen_helper.o
                0x0800f9e8                draw_arrow_with_color
 *fill*         0x0800faa2        0x2 
 .text.screen_touched
                0x0800faa4       0x34 ./Core/Src/screen_helper.o
                0x0800faa4                screen_touched
 .text.set_fgcolor_for
                0x0800fad8       0x3c ./Core/Src/screen_helper.o
                0x0800fad8                set_fgcolor_for
 .text.toggle_dsp_brightness
                0x0800fb14       0x40 ./Core/Src/screen_helper.o
                0x0800fb14                toggle_dsp_brightness
 .text.air_in_tubing_screen
                0x0800fb54       0x4c ./Core/Src/screens.o
                0x0800fb54                air_in_tubing_screen
 .text.eve_read_tag
                0x0800fba0       0x94 ./Core/Src/screens.o
                0x0800fba0                eve_read_tag
 .text.dose_complete_alarm_task
                0x0800fc34      0x21c ./Core/Src/screens.o
                0x0800fc34                dose_complete_alarm_task
 .text.air_occlusion_in_line_screen
                0x0800fe50       0x58 ./Core/Src/screens.o
                0x0800fe50                air_occlusion_in_line_screen
 .text.occlusion_in_line_screen
                0x0800fea8       0x44 ./Core/Src/screens.o
                0x0800fea8                occlusion_in_line_screen
 .text.run_mode_screen
                0x0800feec      0x548 ./Core/Src/screens.o
                0x0800feec                run_mode_screen
 .text.run_mode_new_screen
                0x08010434      0x308 ./Core/Src/screens.o
                0x08010434                run_mode_new_screen
 .text.show_timeout_message
                0x0801073c      0x3fc ./Core/Src/screens.o
                0x0801073c                show_timeout_message
 .text.load_RAMG
                0x08010b38      0x148 ./Core/Src/screens.o
                0x08010b38                load_RAMG
 .text.hold_mode_new_screen
                0x08010c80      0x220 ./Core/Src/screens.o
                0x08010c80                hold_mode_new_screen
 .text.service_page_one_screen
                0x08010ea0      0x200 ./Core/Src/screens.o
                0x08010ea0                service_page_one_screen
 .text.service_page_two_screen
                0x080110a0      0x204 ./Core/Src/screens.o
                0x080110a0                service_page_two_screen
 .text.service_page_three_screen
                0x080112a4      0x260 ./Core/Src/screens.o
                0x080112a4                service_page_three_screen
 .text.show_message
                0x08011504      0x100 ./Core/Src/screens.o
                0x08011504                show_message
 .text.show_total_volume
                0x08011604       0xf8 ./Core/Src/screens.o
                0x08011604                show_total_volume
 .text.display_start_screen
                0x080116fc      0x348 ./Core/Src/screens.o
                0x080116fc                display_start_screen
 .text.show_bolus_time
                0x08011a44      0x150 ./Core/Src/screens.o
                0x08011a44                show_bolus_time
 .text.auto_primescreen
                0x08011b94      0x238 ./Core/Src/screens.o
                0x08011b94                auto_primescreen
 .text.manual_primescreen
                0x08011dcc      0x23c ./Core/Src/screens.o
                0x08011dcc                manual_primescreen
 .text.set_dose_limit_screen
                0x08012008      0x190 ./Core/Src/screens.o
                0x08012008                set_dose_limit_screen
 .text.set_water_rate_screen
                0x08012198      0x174 ./Core/Src/screens.o
                0x08012198                set_water_rate_screen
 .text.clear_rates_screen
                0x0801230c      0x218 ./Core/Src/screens.o
                0x0801230c                clear_rates_screen
 .text.controls_locked_screen
                0x08012524      0x174 ./Core/Src/screens.o
                0x08012524                controls_locked_screen
 .text.MCU_off_bar
                0x08012698       0xb8 ./Core/Src/screens.o
                0x08012698                MCU_off_bar
 .text.setting_screen_task
                0x08012750      0x3a0 ./Core/Src/screens.o
                0x08012750                setting_screen_task
 .text.error_screen
                0x08012af0      0x448 ./Core/Src/screens.o
                0x08012af0                error_screen
 .text.daily_volume_screen
                0x08012f38      0x31c ./Core/Src/screens.o
                0x08012f38                daily_volume_screen
 .text.cal_rec_screen
                0x08013254      0x320 ./Core/Src/screens.o
                0x08013254                cal_rec_screen
 .text.draw_arrow_button_touch
                0x08013574       0xce ./Core/Src/screens.o
 *fill*         0x08013642        0x2 
 .text.set_time_task
                0x08013644      0x92c ./Core/Src/screens.o
                0x08013644                set_time_task
 .text.show_empty_battery_warning
                0x08013f70      0x4a0 ./Core/Src/screens.o
                0x08013f70                show_empty_battery_warning
 .text.initialize_error_warning_cache
                0x08014410      0x2e4 ./Core/Src/screens.o
 .text.update_error_warning_cache
                0x080146f4       0xa0 ./Core/Src/screens.o
 .text.draw_cached_error_warning_icon
                0x08014794      0x1bc ./Core/Src/screens.o
                0x08014794                draw_cached_error_warning_icon
 .text.show_error_message
                0x08014950      0x438 ./Core/Src/screens.o
                0x08014950                show_error_message
 .text.show_message_yes_no
                0x08014d88      0x174 ./Core/Src/screens.o
                0x08014d88                show_message_yes_no
 .text.show_plug_ac_message
                0x08014efc      0x10c ./Core/Src/screens.o
                0x08014efc                show_plug_ac_message
 .text.begin_screen
                0x08015008       0x32 ./Core/Src/screens.o
                0x08015008                begin_screen
 .text.end_screen
                0x0801503a       0x1a ./Core/Src/screens.o
                0x0801503a                end_screen
 .text.draw_arrow_button
                0x08015054       0x92 ./Core/Src/screens.o
                0x08015054                draw_arrow_button
 .text.get_battery_offset
                0x080150e6       0x50 ./Core/Src/screens.o
                0x080150e6                get_battery_offset
 .text.draw_battery_simple
                0x08015136       0xa4 ./Core/Src/screens.o
                0x08015136                draw_battery_simple
 .text.draw_plus_icon
                0x080151da       0x5a ./Core/Src/screens.o
                0x080151da                draw_plus_icon
 .text.draw_minus_icon
                0x08015234       0x5a ./Core/Src/screens.o
                0x08015234                draw_minus_icon
 .text.draw_alarm1
                0x0801528e       0x5a ./Core/Src/screens.o
                0x0801528e                draw_alarm1
 .text.draw_alarm3
                0x080152e8       0x5a ./Core/Src/screens.o
                0x080152e8                draw_alarm3
 .text.draw_bell
                0x08015342       0x5a ./Core/Src/screens.o
                0x08015342                draw_bell
 .text.draw_mute
                0x0801539c       0x5a ./Core/Src/screens.o
                0x0801539c                draw_mute
 .text.draw_right_arrow_22x34
                0x080153f6       0x74 ./Core/Src/screens.o
                0x080153f6                draw_right_arrow_22x34
 .text.draw_unlock_icon
                0x0801546a       0x5a ./Core/Src/screens.o
                0x0801546a                draw_unlock_icon
 .text.draw_arrow_button_ex
                0x080154c4       0xaa ./Core/Src/screens.o
                0x080154c4                draw_arrow_button_ex
 .text.draw_text_button
                0x0801556e       0x6e ./Core/Src/screens.o
                0x0801556e                draw_text_button
 .text.extend_touch_area
                0x080155dc       0x92 ./Core/Src/screens.o
                0x080155dc                extend_touch_area
 .text.draw_text
                0x0801566e       0x66 ./Core/Src/screens.o
                0x0801566e                draw_text
 .text.eve_initialize
                0x080156d4       0x14 ./Core/Src/screens.o
                0x080156d4                eve_initialize
 .text.HAL_MspInit
                0x080156e8       0x28 ./Core/Src/stm32l0xx_hal_msp.o
                0x080156e8                HAL_MspInit
 .text.HAL_ADC_MspInit
                0x08015710       0xb4 ./Core/Src/stm32l0xx_hal_msp.o
                0x08015710                HAL_ADC_MspInit
 .text.HAL_DAC_MspInit
                0x080157c4       0x78 ./Core/Src/stm32l0xx_hal_msp.o
                0x080157c4                HAL_DAC_MspInit
 .text.HAL_I2C_MspInit
                0x0801583c       0x88 ./Core/Src/stm32l0xx_hal_msp.o
                0x0801583c                HAL_I2C_MspInit
 .text.HAL_SPI_MspInit
                0x080158c4       0x88 ./Core/Src/stm32l0xx_hal_msp.o
                0x080158c4                HAL_SPI_MspInit
 .text.HAL_TIM_Base_MspInit
                0x0801594c       0x94 ./Core/Src/stm32l0xx_hal_msp.o
                0x0801594c                HAL_TIM_Base_MspInit
 .text.HAL_UART_MspInit
                0x080159e0       0x88 ./Core/Src/stm32l0xx_hal_msp.o
                0x080159e0                HAL_UART_MspInit
 .text.NMI_Handler
                0x08015a68        0x8 ./Core/Src/stm32l0xx_it.o
                0x08015a68                NMI_Handler
 .text.HardFault_Handler
                0x08015a70        0x8 ./Core/Src/stm32l0xx_it.o
                0x08015a70                HardFault_Handler
 .text.SVC_Handler
                0x08015a78        0xa ./Core/Src/stm32l0xx_it.o
                0x08015a78                SVC_Handler
 .text.PendSV_Handler
                0x08015a82        0xa ./Core/Src/stm32l0xx_it.o
                0x08015a82                PendSV_Handler
 .text.SysTick_Handler
                0x08015a8c        0xe ./Core/Src/stm32l0xx_it.o
                0x08015a8c                SysTick_Handler
 *fill*         0x08015a9a        0x2 
 .text.TIM22_IRQHandler
                0x08015a9c      0x604 ./Core/Src/stm32l0xx_it.o
                0x08015a9c                TIM22_IRQHandler
 .text.TIM21_IRQHandler
                0x080160a0      0x26c ./Core/Src/stm32l0xx_it.o
                0x080160a0                TIM21_IRQHandler
 .text.SystemInit
                0x0801630c        0xa ./Core/Src/system_stm32l0xx.o
                0x0801630c                SystemInit
 *fill*         0x08016316        0x2 
 .text.Reset_Handler
                0x08016318       0x50 ./Core/Startup/startup_stm32l073rztx.o
                0x08016318                Reset_Handler
 .text.Default_Handler
                0x08016368        0x2 ./Core/Startup/startup_stm32l073rztx.o
                0x08016368                TSC_IRQHandler
                0x08016368                ADC1_COMP_IRQHandler
                0x08016368                PVD_IRQHandler
                0x08016368                I2C1_IRQHandler
                0x08016368                RCC_CRS_IRQHandler
                0x08016368                SPI1_IRQHandler
                0x08016368                TIM6_DAC_IRQHandler
                0x08016368                EXTI2_3_IRQHandler
                0x08016368                I2C2_IRQHandler
                0x08016368                RTC_IRQHandler
                0x08016368                LCD_IRQHandler
                0x08016368                DMA1_Channel4_5_6_7_IRQHandler
                0x08016368                TIM3_IRQHandler
                0x08016368                EXTI4_15_IRQHandler
                0x08016368                DMA1_Channel1_IRQHandler
                0x08016368                USART4_5_IRQHandler
                0x08016368                Default_Handler
                0x08016368                TIM7_IRQHandler
                0x08016368                EXTI0_1_IRQHandler
                0x08016368                USB_IRQHandler
                0x08016368                I2C3_IRQHandler
                0x08016368                SPI2_IRQHandler
                0x08016368                WWDG_IRQHandler
                0x08016368                TIM2_IRQHandler
                0x08016368                DMA1_Channel2_3_IRQHandler
                0x08016368                USART2_IRQHandler
                0x08016368                FLASH_IRQHandler
                0x08016368                USART1_IRQHandler
                0x08016368                RNG_LPUART1_IRQHandler
                0x08016368                LPTIM1_IRQHandler
 *fill*         0x0801636a        0x2 
 .text.HAL_Init
                0x0801636c       0x40 ./Drivers/STM32L0xx_HAL_Driver/stm32l0xx_hal.o
                0x0801636c                HAL_Init
 .text.HAL_InitTick
                0x080163ac       0x68 ./Drivers/STM32L0xx_HAL_Driver/stm32l0xx_hal.o
                0x080163ac                HAL_InitTick
 .text.HAL_IncTick
                0x08016414       0x24 ./Drivers/STM32L0xx_HAL_Driver/stm32l0xx_hal.o
                0x08016414                HAL_IncTick
 .text.HAL_GetTick
                0x08016438       0x14 ./Drivers/STM32L0xx_HAL_Driver/stm32l0xx_hal.o
                0x08016438                HAL_GetTick
 .text.HAL_Delay
                0x0801644c       0x48 ./Drivers/STM32L0xx_HAL_Driver/stm32l0xx_hal.o
                0x0801644c                HAL_Delay
 .text.HAL_ADC_Init
                0x08016494      0x2e8 ./Drivers/STM32L0xx_HAL_Driver/stm32l0xx_hal_adc.o
                0x08016494                HAL_ADC_Init
 .text.HAL_ADC_Start
                0x0801677c       0xa8 ./Drivers/STM32L0xx_HAL_Driver/stm32l0xx_hal_adc.o
                0x0801677c                HAL_ADC_Start
 .text.HAL_ADC_Stop
                0x08016824       0x80 ./Drivers/STM32L0xx_HAL_Driver/stm32l0xx_hal_adc.o
                0x08016824                HAL_ADC_Stop
 .text.HAL_ADC_PollForConversion
                0x080168a4      0x138 ./Drivers/STM32L0xx_HAL_Driver/stm32l0xx_hal_adc.o
                0x080168a4                HAL_ADC_PollForConversion
 .text.HAL_ADC_GetValue
                0x080169dc       0x16 ./Drivers/STM32L0xx_HAL_Driver/stm32l0xx_hal_adc.o
                0x080169dc                HAL_ADC_GetValue
 *fill*         0x080169f2        0x2 
 .text.HAL_ADC_ConfigChannel
                0x080169f4      0x140 ./Drivers/STM32L0xx_HAL_Driver/stm32l0xx_hal_adc.o
                0x080169f4                HAL_ADC_ConfigChannel
 .text.ADC_Enable
                0x08016b34       0xd0 ./Drivers/STM32L0xx_HAL_Driver/stm32l0xx_hal_adc.o
 .text.ADC_Disable
                0x08016c04       0xce ./Drivers/STM32L0xx_HAL_Driver/stm32l0xx_hal_adc.o
 .text.ADC_ConversionStop
                0x08016cd2       0x98 ./Drivers/STM32L0xx_HAL_Driver/stm32l0xx_hal_adc.o
 *fill*         0x08016d6a        0x2 
 .text.ADC_DelayMicroSecond
                0x08016d6c       0x40 ./Drivers/STM32L0xx_HAL_Driver/stm32l0xx_hal_adc.o
 .text.__NVIC_EnableIRQ
                0x08016dac       0x34 ./Drivers/STM32L0xx_HAL_Driver/stm32l0xx_hal_cortex.o
 .text.__NVIC_SetPriority
                0x08016de0       0xdc ./Drivers/STM32L0xx_HAL_Driver/stm32l0xx_hal_cortex.o
 .text.SysTick_Config
                0x08016ebc       0x48 ./Drivers/STM32L0xx_HAL_Driver/stm32l0xx_hal_cortex.o
 .text.HAL_NVIC_SetPriority
                0x08016f04       0x2a ./Drivers/STM32L0xx_HAL_Driver/stm32l0xx_hal_cortex.o
                0x08016f04                HAL_NVIC_SetPriority
 .text.HAL_NVIC_EnableIRQ
                0x08016f2e       0x20 ./Drivers/STM32L0xx_HAL_Driver/stm32l0xx_hal_cortex.o
                0x08016f2e                HAL_NVIC_EnableIRQ
 .text.HAL_SYSTICK_Config
                0x08016f4e       0x1a ./Drivers/STM32L0xx_HAL_Driver/stm32l0xx_hal_cortex.o
                0x08016f4e                HAL_SYSTICK_Config
 .text.HAL_DAC_Init
                0x08016f68       0x46 ./Drivers/STM32L0xx_HAL_Driver/stm32l0xx_hal_dac.o
                0x08016f68                HAL_DAC_Init
 *fill*         0x08016fae        0x2 
 .text.HAL_DAC_ConfigChannel
                0x08016fb0       0x98 ./Drivers/STM32L0xx_HAL_Driver/stm32l0xx_hal_dac.o
                0x08016fb0                HAL_DAC_ConfigChannel
 .text.HAL_DAC_Start
                0x08017048       0xd0 ./Drivers/STM32L0xx_HAL_Driver/stm32l0xx_hal_dac_ex.o
                0x08017048                HAL_DAC_Start
 .text.HAL_DAC_SetValue
                0x08017118       0x44 ./Drivers/STM32L0xx_HAL_Driver/stm32l0xx_hal_dac_ex.o
                0x08017118                HAL_DAC_SetValue
 .text.HAL_GPIO_Init
                0x0801715c      0x2fc ./Drivers/STM32L0xx_HAL_Driver/stm32l0xx_hal_gpio.o
                0x0801715c                HAL_GPIO_Init
 .text.HAL_GPIO_ReadPin
                0x08017458       0x3a ./Drivers/STM32L0xx_HAL_Driver/stm32l0xx_hal_gpio.o
                0x08017458                HAL_GPIO_ReadPin
 .text.HAL_GPIO_WritePin
                0x08017492       0x3a ./Drivers/STM32L0xx_HAL_Driver/stm32l0xx_hal_gpio.o
                0x08017492                HAL_GPIO_WritePin
 .text.HAL_GPIO_TogglePin
                0x080174cc       0x36 ./Drivers/STM32L0xx_HAL_Driver/stm32l0xx_hal_gpio.o
                0x080174cc                HAL_GPIO_TogglePin
 *fill*         0x08017502        0x2 
 .text.HAL_I2C_Init
                0x08017504      0x14c ./Drivers/STM32L0xx_HAL_Driver/stm32l0xx_hal_i2c.o
                0x08017504                HAL_I2C_Init
 .text.HAL_I2C_Master_Transmit
                0x08017650      0x254 ./Drivers/STM32L0xx_HAL_Driver/stm32l0xx_hal_i2c.o
                0x08017650                HAL_I2C_Master_Transmit
 .text.HAL_I2C_Master_Receive
                0x080178a4      0x210 ./Drivers/STM32L0xx_HAL_Driver/stm32l0xx_hal_i2c.o
                0x080178a4                HAL_I2C_Master_Receive
 .text.HAL_I2C_Mem_Write
                0x08017ab4      0x25c ./Drivers/STM32L0xx_HAL_Driver/stm32l0xx_hal_i2c.o
                0x08017ab4                HAL_I2C_Mem_Write
 .text.HAL_I2C_Mem_Read
                0x08017d10      0x268 ./Drivers/STM32L0xx_HAL_Driver/stm32l0xx_hal_i2c.o
                0x08017d10                HAL_I2C_Mem_Read
 .text.I2C_RequestMemoryWrite
                0x08017f78       0xc8 ./Drivers/STM32L0xx_HAL_Driver/stm32l0xx_hal_i2c.o
 .text.I2C_RequestMemoryRead
                0x08018040       0xc4 ./Drivers/STM32L0xx_HAL_Driver/stm32l0xx_hal_i2c.o
 .text.I2C_Flush_TXDR
                0x08018104       0x44 ./Drivers/STM32L0xx_HAL_Driver/stm32l0xx_hal_i2c.o
 .text.I2C_WaitOnFlagUntilTimeout
                0x08018148       0xb0 ./Drivers/STM32L0xx_HAL_Driver/stm32l0xx_hal_i2c.o
 .text.I2C_WaitOnTXISFlagUntilTimeout
                0x080181f8       0x8c ./Drivers/STM32L0xx_HAL_Driver/stm32l0xx_hal_i2c.o
 .text.I2C_WaitOnSTOPFlagUntilTimeout
                0x08018284       0x86 ./Drivers/STM32L0xx_HAL_Driver/stm32l0xx_hal_i2c.o
 *fill*         0x0801830a        0x2 
 .text.I2C_WaitOnRXNEFlagUntilTimeout
                0x0801830c      0x13c ./Drivers/STM32L0xx_HAL_Driver/stm32l0xx_hal_i2c.o
 .text.I2C_IsErrorOccurred
                0x08018448      0x1f0 ./Drivers/STM32L0xx_HAL_Driver/stm32l0xx_hal_i2c.o
 .text.I2C_TransferConfig
                0x08018638       0x74 ./Drivers/STM32L0xx_HAL_Driver/stm32l0xx_hal_i2c.o
 .text.HAL_I2CEx_ConfigAnalogFilter
                0x080186ac       0x98 ./Drivers/STM32L0xx_HAL_Driver/stm32l0xx_hal_i2c_ex.o
                0x080186ac                HAL_I2CEx_ConfigAnalogFilter
 .text.HAL_I2CEx_ConfigDigitalFilter
                0x08018744       0x98 ./Drivers/STM32L0xx_HAL_Driver/stm32l0xx_hal_i2c_ex.o
                0x08018744                HAL_I2CEx_ConfigDigitalFilter
 .text.HAL_RCC_OscConfig
                0x080187dc      0x7a8 ./Drivers/STM32L0xx_HAL_Driver/stm32l0xx_hal_rcc.o
                0x080187dc                HAL_RCC_OscConfig
 .text.HAL_RCC_ClockConfig
                0x08018f84      0x290 ./Drivers/STM32L0xx_HAL_Driver/stm32l0xx_hal_rcc.o
                0x08018f84                HAL_RCC_ClockConfig
 .text.HAL_RCC_GetSysClockFreq
                0x08019214      0x10c ./Drivers/STM32L0xx_HAL_Driver/stm32l0xx_hal_rcc.o
                0x08019214                HAL_RCC_GetSysClockFreq
 .text.HAL_RCC_GetHCLKFreq
                0x08019320       0x14 ./Drivers/STM32L0xx_HAL_Driver/stm32l0xx_hal_rcc.o
                0x08019320                HAL_RCC_GetHCLKFreq
 .text.HAL_RCC_GetPCLK1Freq
                0x08019334       0x2c ./Drivers/STM32L0xx_HAL_Driver/stm32l0xx_hal_rcc.o
                0x08019334                HAL_RCC_GetPCLK1Freq
 .text.HAL_RCC_GetPCLK2Freq
                0x08019360       0x2c ./Drivers/STM32L0xx_HAL_Driver/stm32l0xx_hal_rcc.o
                0x08019360                HAL_RCC_GetPCLK2Freq
 .text.HAL_RCCEx_PeriphCLKConfig
                0x0801938c      0x33c ./Drivers/STM32L0xx_HAL_Driver/stm32l0xx_hal_rcc_ex.o
                0x0801938c                HAL_RCCEx_PeriphCLKConfig
 .text.HAL_SPI_Init
                0x080196c8      0x128 ./Drivers/STM32L0xx_HAL_Driver/stm32l0xx_hal_spi.o
                0x080196c8                HAL_SPI_Init
 .text.HAL_SPI_TransmitReceive
                0x080197f0      0x37e ./Drivers/STM32L0xx_HAL_Driver/stm32l0xx_hal_spi.o
                0x080197f0                HAL_SPI_TransmitReceive
 *fill*         0x08019b6e        0x2 
 .text.SPI_WaitFlagStateUntilTimeout
                0x08019b70      0x11c ./Drivers/STM32L0xx_HAL_Driver/stm32l0xx_hal_spi.o
 .text.SPI_EndRxTxTransaction
                0x08019c8c       0xb4 ./Drivers/STM32L0xx_HAL_Driver/stm32l0xx_hal_spi.o
 .text.HAL_TIM_Base_Init
                0x08019d40       0x80 ./Drivers/STM32L0xx_HAL_Driver/stm32l0xx_hal_tim.o
                0x08019d40                HAL_TIM_Base_Init
 .text.HAL_TIM_Base_Start
                0x08019dc0       0x94 ./Drivers/STM32L0xx_HAL_Driver/stm32l0xx_hal_tim.o
                0x08019dc0                HAL_TIM_Base_Start
 .text.HAL_TIM_Base_Start_IT
                0x08019e54       0xa4 ./Drivers/STM32L0xx_HAL_Driver/stm32l0xx_hal_tim.o
                0x08019e54                HAL_TIM_Base_Start_IT
 .text.HAL_TIM_Base_Stop_IT
                0x08019ef8       0x4c ./Drivers/STM32L0xx_HAL_Driver/stm32l0xx_hal_tim.o
                0x08019ef8                HAL_TIM_Base_Stop_IT
 .text.HAL_TIM_IRQHandler
                0x08019f44      0x198 ./Drivers/STM32L0xx_HAL_Driver/stm32l0xx_hal_tim.o
                0x08019f44                HAL_TIM_IRQHandler
 .text.HAL_TIM_ConfigClockSource
                0x0801a0dc      0x1a8 ./Drivers/STM32L0xx_HAL_Driver/stm32l0xx_hal_tim.o
                0x0801a0dc                HAL_TIM_ConfigClockSource
 .text.HAL_TIM_PeriodElapsedCallback
                0x0801a284       0x10 ./Drivers/STM32L0xx_HAL_Driver/stm32l0xx_hal_tim.o
                0x0801a284                HAL_TIM_PeriodElapsedCallback
 .text.HAL_TIM_OC_DelayElapsedCallback
                0x0801a294       0x10 ./Drivers/STM32L0xx_HAL_Driver/stm32l0xx_hal_tim.o
                0x0801a294                HAL_TIM_OC_DelayElapsedCallback
 .text.HAL_TIM_IC_CaptureCallback
                0x0801a2a4       0x10 ./Drivers/STM32L0xx_HAL_Driver/stm32l0xx_hal_tim.o
                0x0801a2a4                HAL_TIM_IC_CaptureCallback
 .text.HAL_TIM_PWM_PulseFinishedCallback
                0x0801a2b4       0x10 ./Drivers/STM32L0xx_HAL_Driver/stm32l0xx_hal_tim.o
                0x0801a2b4                HAL_TIM_PWM_PulseFinishedCallback
 .text.HAL_TIM_TriggerCallback
                0x0801a2c4       0x10 ./Drivers/STM32L0xx_HAL_Driver/stm32l0xx_hal_tim.o
                0x0801a2c4                HAL_TIM_TriggerCallback
 .text.TIM_Base_SetConfig
                0x0801a2d4       0xc8 ./Drivers/STM32L0xx_HAL_Driver/stm32l0xx_hal_tim.o
 .text.TIM_TI1_ConfigInputStage
                0x0801a39c       0x5c ./Drivers/STM32L0xx_HAL_Driver/stm32l0xx_hal_tim.o
 .text.TIM_TI2_ConfigInputStage
                0x0801a3f8       0x64 ./Drivers/STM32L0xx_HAL_Driver/stm32l0xx_hal_tim.o
 .text.TIM_ITRx_SetConfig
                0x0801a45c       0x32 ./Drivers/STM32L0xx_HAL_Driver/stm32l0xx_hal_tim.o
 *fill*         0x0801a48e        0x2 
 .text.TIM_ETR_SetConfig
                0x0801a490       0x40 ./Drivers/STM32L0xx_HAL_Driver/stm32l0xx_hal_tim.o
 .text.HAL_TIMEx_MasterConfigSynchronization
                0x0801a4d0       0xbc ./Drivers/STM32L0xx_HAL_Driver/stm32l0xx_hal_tim_ex.o
                0x0801a4d0                HAL_TIMEx_MasterConfigSynchronization
 .text.HAL_UART_Init
                0x0801a58c       0xa8 ./Drivers/STM32L0xx_HAL_Driver/stm32l0xx_hal_uart.o
                0x0801a58c                HAL_UART_Init
 .text.UART_SetConfig
                0x0801a634      0x53c ./Drivers/STM32L0xx_HAL_Driver/stm32l0xx_hal_uart.o
                0x0801a634                UART_SetConfig
 .text.UART_AdvFeatureConfig
                0x0801ab70      0x168 ./Drivers/STM32L0xx_HAL_Driver/stm32l0xx_hal_uart.o
                0x0801ab70                UART_AdvFeatureConfig
 .text.UART_CheckIdleState
                0x0801acd8      0x150 ./Drivers/STM32L0xx_HAL_Driver/stm32l0xx_hal_uart.o
                0x0801acd8                UART_CheckIdleState
 .text.UART_WaitOnFlagUntilTimeout
                0x0801ae28       0xde ./Drivers/STM32L0xx_HAL_Driver/stm32l0xx_hal_uart.o
                0x0801ae28                UART_WaitOnFlagUntilTimeout
 *fill*         0x0801af06        0x2 
 .text.UART_EndRxTransfer
                0x0801af08       0xc8 ./Drivers/STM32L0xx_HAL_Driver/stm32l0xx_hal_uart.o
 .text.memset   0x0801afd0       0x10 C:/ST/STM32CubeIDE_1.16.1/STM32CubeIDE/plugins/com.st.stm32cube.ide.mcu.externaltools.gnu-tools-for-stm32.12.3.rel1.win32_1.0.200.202406191623/tools/bin/../lib/gcc/arm-none-eabi/12.3.1/../../../../arm-none-eabi/lib/thumb/v6-m/nofp\libc_nano.a(libc_a-memset.o)
                0x0801afd0                memset
 .text.__libc_init_array
                0x0801afe0       0x48 C:/ST/STM32CubeIDE_1.16.1/STM32CubeIDE/plugins/com.st.stm32cube.ide.mcu.externaltools.gnu-tools-for-stm32.12.3.rel1.win32_1.0.200.202406191623/tools/bin/../lib/gcc/arm-none-eabi/12.3.1/../../../../arm-none-eabi/lib/thumb/v6-m/nofp\libc_nano.a(libc_a-init.o)
                0x0801afe0                __libc_init_array
 .text.memcpy   0x0801b028       0x12 C:/ST/STM32CubeIDE_1.16.1/STM32CubeIDE/plugins/com.st.stm32cube.ide.mcu.externaltools.gnu-tools-for-stm32.12.3.rel1.win32_1.0.200.202406191623/tools/bin/../lib/gcc/arm-none-eabi/12.3.1/../../../../arm-none-eabi/lib/thumb/v6-m/nofp\libc_nano.a(libc_a-memcpy-stub.o)
                0x0801b028                memcpy
 *fill*         0x0801b03a        0x2 
 .text.cos      0x0801b03c       0x80 C:/ST/STM32CubeIDE_1.16.1/STM32CubeIDE/plugins/com.st.stm32cube.ide.mcu.externaltools.gnu-tools-for-stm32.12.3.rel1.win32_1.0.200.202406191623/tools/bin/../lib/gcc/arm-none-eabi/12.3.1/../../../../arm-none-eabi/lib/thumb/v6-m/nofp\libm.a(libm_a-s_cos.o)
                0x0801b03c                cos
 .text.sin      0x0801b0bc       0x88 C:/ST/STM32CubeIDE_1.16.1/STM32CubeIDE/plugins/com.st.stm32cube.ide.mcu.externaltools.gnu-tools-for-stm32.12.3.rel1.win32_1.0.200.202406191623/tools/bin/../lib/gcc/arm-none-eabi/12.3.1/../../../../arm-none-eabi/lib/thumb/v6-m/nofp\libm.a(libm_a-s_sin.o)
                0x0801b0bc                sin
 .text.cosf     0x0801b144       0x68 C:/ST/STM32CubeIDE_1.16.1/STM32CubeIDE/plugins/com.st.stm32cube.ide.mcu.externaltools.gnu-tools-for-stm32.12.3.rel1.win32_1.0.200.202406191623/tools/bin/../lib/gcc/arm-none-eabi/12.3.1/../../../../arm-none-eabi/lib/thumb/v6-m/nofp\libm.a(libm_a-sf_cos.o)
                0x0801b144                cosf
 .text.sinf     0x0801b1ac       0x70 C:/ST/STM32CubeIDE_1.16.1/STM32CubeIDE/plugins/com.st.stm32cube.ide.mcu.externaltools.gnu-tools-for-stm32.12.3.rel1.win32_1.0.200.202406191623/tools/bin/../lib/gcc/arm-none-eabi/12.3.1/../../../../arm-none-eabi/lib/thumb/v6-m/nofp\libm.a(libm_a-sf_sin.o)
                0x0801b1ac                sinf
 .text.__kernel_cos
                0x0801b21c      0x180 C:/ST/STM32CubeIDE_1.16.1/STM32CubeIDE/plugins/com.st.stm32cube.ide.mcu.externaltools.gnu-tools-for-stm32.12.3.rel1.win32_1.0.200.202406191623/tools/bin/../lib/gcc/arm-none-eabi/12.3.1/../../../../arm-none-eabi/lib/thumb/v6-m/nofp\libm.a(libm_a-k_cos.o)
                0x0801b21c                __kernel_cos
 .text.__kernel_sin
                0x0801b39c      0x158 C:/ST/STM32CubeIDE_1.16.1/STM32CubeIDE/plugins/com.st.stm32cube.ide.mcu.externaltools.gnu-tools-for-stm32.12.3.rel1.win32_1.0.200.202406191623/tools/bin/../lib/gcc/arm-none-eabi/12.3.1/../../../../arm-none-eabi/lib/thumb/v6-m/nofp\libm.a(libm_a-k_sin.o)
                0x0801b39c                __kernel_sin
 .text.__ieee754_rem_pio2
                0x0801b4f4      0x3b8 C:/ST/STM32CubeIDE_1.16.1/STM32CubeIDE/plugins/com.st.stm32cube.ide.mcu.externaltools.gnu-tools-for-stm32.12.3.rel1.win32_1.0.200.202406191623/tools/bin/../lib/gcc/arm-none-eabi/12.3.1/../../../../arm-none-eabi/lib/thumb/v6-m/nofp\libm.a(libm_a-e_rem_pio2.o)
                0x0801b4f4                __ieee754_rem_pio2
 .text.fabs     0x0801b8ac        0x8 C:/ST/STM32CubeIDE_1.16.1/STM32CubeIDE/plugins/com.st.stm32cube.ide.mcu.externaltools.gnu-tools-for-stm32.12.3.rel1.win32_1.0.200.202406191623/tools/bin/../lib/gcc/arm-none-eabi/12.3.1/../../../../arm-none-eabi/lib/thumb/v6-m/nofp\libm.a(libm_a-s_fabs.o)
                0x0801b8ac                fabs
 .text.__kernel_cosf
                0x0801b8b4      0x100 C:/ST/STM32CubeIDE_1.16.1/STM32CubeIDE/plugins/com.st.stm32cube.ide.mcu.externaltools.gnu-tools-for-stm32.12.3.rel1.win32_1.0.200.202406191623/tools/bin/../lib/gcc/arm-none-eabi/12.3.1/../../../../arm-none-eabi/lib/thumb/v6-m/nofp\libm.a(libm_a-kf_cos.o)
                0x0801b8b4                __kernel_cosf
 .text.__kernel_sinf
                0x0801b9b4       0xe8 C:/ST/STM32CubeIDE_1.16.1/STM32CubeIDE/plugins/com.st.stm32cube.ide.mcu.externaltools.gnu-tools-for-stm32.12.3.rel1.win32_1.0.200.202406191623/tools/bin/../lib/gcc/arm-none-eabi/12.3.1/../../../../arm-none-eabi/lib/thumb/v6-m/nofp\libm.a(libm_a-kf_sin.o)
                0x0801b9b4                __kernel_sinf
 .text.__ieee754_rem_pio2f
                0x0801ba9c      0x2c4 C:/ST/STM32CubeIDE_1.16.1/STM32CubeIDE/plugins/com.st.stm32cube.ide.mcu.externaltools.gnu-tools-for-stm32.12.3.rel1.win32_1.0.200.202406191623/tools/bin/../lib/gcc/arm-none-eabi/12.3.1/../../../../arm-none-eabi/lib/thumb/v6-m/nofp\libm.a(libm_a-ef_rem_pio2.o)
                0x0801ba9c                __ieee754_rem_pio2f
 .text.fabsf    0x0801bd60        0x6 C:/ST/STM32CubeIDE_1.16.1/STM32CubeIDE/plugins/com.st.stm32cube.ide.mcu.externaltools.gnu-tools-for-stm32.12.3.rel1.win32_1.0.200.202406191623/tools/bin/../lib/gcc/arm-none-eabi/12.3.1/../../../../arm-none-eabi/lib/thumb/v6-m/nofp\libm.a(libm_a-sf_fabs.o)
                0x0801bd60                fabsf
 *fill*         0x0801bd66        0x2 
 .text.__kernel_rem_pio2
                0x0801bd68      0x6a4 C:/ST/STM32CubeIDE_1.16.1/STM32CubeIDE/plugins/com.st.stm32cube.ide.mcu.externaltools.gnu-tools-for-stm32.12.3.rel1.win32_1.0.200.202406191623/tools/bin/../lib/gcc/arm-none-eabi/12.3.1/../../../../arm-none-eabi/lib/thumb/v6-m/nofp\libm.a(libm_a-k_rem_pio2.o)
                0x0801bd68                __kernel_rem_pio2
 .text.__kernel_rem_pio2f
                0x0801c40c      0x540 C:/ST/STM32CubeIDE_1.16.1/STM32CubeIDE/plugins/com.st.stm32cube.ide.mcu.externaltools.gnu-tools-for-stm32.12.3.rel1.win32_1.0.200.202406191623/tools/bin/../lib/gcc/arm-none-eabi/12.3.1/../../../../arm-none-eabi/lib/thumb/v6-m/nofp\libm.a(libm_a-kf_rem_pio2.o)
                0x0801c40c                __kernel_rem_pio2f
 .text.scalbn   0x0801c94c       0xd8 C:/ST/STM32CubeIDE_1.16.1/STM32CubeIDE/plugins/com.st.stm32cube.ide.mcu.externaltools.gnu-tools-for-stm32.12.3.rel1.win32_1.0.200.202406191623/tools/bin/../lib/gcc/arm-none-eabi/12.3.1/../../../../arm-none-eabi/lib/thumb/v6-m/nofp\libm.a(libm_a-s_scalbn.o)
                0x0801c94c                scalbn
 .text.scalbnf  0x0801ca24       0xac C:/ST/STM32CubeIDE_1.16.1/STM32CubeIDE/plugins/com.st.stm32cube.ide.mcu.externaltools.gnu-tools-for-stm32.12.3.rel1.win32_1.0.200.202406191623/tools/bin/../lib/gcc/arm-none-eabi/12.3.1/../../../../arm-none-eabi/lib/thumb/v6-m/nofp\libm.a(libm_a-sf_scalbn.o)
                0x0801ca24                scalbnf
 .text.floor    0x0801cad0       0xf8 C:/ST/STM32CubeIDE_1.16.1/STM32CubeIDE/plugins/com.st.stm32cube.ide.mcu.externaltools.gnu-tools-for-stm32.12.3.rel1.win32_1.0.200.202406191623/tools/bin/../lib/gcc/arm-none-eabi/12.3.1/../../../../arm-none-eabi/lib/thumb/v6-m/nofp\libm.a(libm_a-s_floor.o)
                0x0801cad0                floor
 .text.floorf   0x0801cbc8       0x84 C:/ST/STM32CubeIDE_1.16.1/STM32CubeIDE/plugins/com.st.stm32cube.ide.mcu.externaltools.gnu-tools-for-stm32.12.3.rel1.win32_1.0.200.202406191623/tools/bin/../lib/gcc/arm-none-eabi/12.3.1/../../../../arm-none-eabi/lib/thumb/v6-m/nofp\libm.a(libm_a-sf_floor.o)
                0x0801cbc8                floorf
 *(.glue_7)
 .glue_7        0x0801cc4c        0x0 linker stubs
 *(.glue_7t)
 .glue_7t       0x0801cc4c        0x0 linker stubs
 *(.eh_frame)
 .eh_frame      0x0801cc4c        0x0 C:/ST/STM32CubeIDE_1.16.1/STM32CubeIDE/plugins/com.st.stm32cube.ide.mcu.externaltools.gnu-tools-for-stm32.12.3.rel1.win32_1.0.200.202406191623/tools/bin/../lib/gcc/arm-none-eabi/12.3.1/thumb/v6-m/nofp/crtbegin.o
 *(.init)