../Core/Src/EVE_API.c:166:6:EVE_LIB_BeginCoProList	8	static
../Core/Src/EVE_API.c:178:6:EVE_LIB_EndCoProList	8	static
../Core/Src/EVE_API.c:187:6:EVE_LIB_AwaitCoProEmpty	8	static
../Core/Src/EVE_API.c:194:6:EVE_LIB_WriteDataToRAMG	16	static
../Core/Src/EVE_API.c:217:6:EVE_LIB_ReadDataFromRAMG	16	static
../Core/Src/EVE_API.c:240:6:EVE_LIB_WriteDataToCMD	32	static
../Core/Src/EVE_API.c:310:10:EVE_LIB_SendString	16	static
../Core/Src/EVE_API.c:356:6:EVE_CMD	8	static
../Core/Src/EVE_API.c:362:6:EVE_CLEAR_COLOR_RGB	8	static
../Core/Src/EVE_API.c:368:6:EVE_CLEAR_COLOR	8	static
../Core/Src/EVE_API.c:374:6:EVE_CLEAR	8	static
../Core/Src/EVE_API.c:380:6:EVE_COLOR_RGB	8	static
../Core/Src/EVE_API.c:386:6:EVE_COLOR	8	static
../Core/Src/EVE_API.c:392:6:EVE_VERTEX2F	8	static
../Core/Src/EVE_API.c:398:6:EVE_VERTEX2II	8	static
../Core/Src/EVE_API.c:404:6:EVE_BITMAP_HANDLE	8	static
../Core/Src/EVE_API.c:410:6:EVE_BITMAP_SOURCE	8	static
../Core/Src/EVE_API.c:416:6:EVE_BITMAP_LAYOUT	8	static
../Core/Src/EVE_API.c:422:6:EVE_BITMAP_SIZE	16	static
../Core/Src/EVE_API.c:428:6:EVE_CELL	8	static
../Core/Src/EVE_API.c:434:6:EVE_TAG	8	static
../Core/Src/EVE_API.c:440:6:EVE_ALPHA_FUNC	8	static
../Core/Src/EVE_API.c:446:6:EVE_STENCIL_FUNC	8	static
../Core/Src/EVE_API.c:452:6:EVE_BLEND_FUNC	8	static
../Core/Src/EVE_API.c:458:6:EVE_STENCIL_OP	8	static
../Core/Src/EVE_API.c:464:6:EVE_POINT_SIZE	8	static
../Core/Src/EVE_API.c:470:6:EVE_LINE_WIDTH	8	static
../Core/Src/EVE_API.c:476:6:EVE_CLEAR_COLOR_A	8	static
../Core/Src/EVE_API.c:482:6:EVE_COLOR_A	8	static
../Core/Src/EVE_API.c:488:6:EVE_CLEAR_STENCIL	8	static
../Core/Src/EVE_API.c:494:6:EVE_CLEAR_TAG	8	static
../Core/Src/EVE_API.c:500:6:EVE_STENCIL_MASK	8	static
../Core/Src/EVE_API.c:506:6:EVE_TAG_MASK	8	static
../Core/Src/EVE_API.c:512:6:EVE_SCISSOR_XY	8	static
../Core/Src/EVE_API.c:518:6:EVE_SCISSOR_SIZE	8	static
../Core/Src/EVE_API.c:524:6:EVE_CALL	8	static
../Core/Src/EVE_API.c:530:6:EVE_JUMP	8	static
../Core/Src/EVE_API.c:536:6:EVE_BEGIN	8	static
../Core/Src/EVE_API.c:542:6:EVE_COLOR_MASK	8	static
../Core/Src/EVE_API.c:548:6:EVE_END	8	static
../Core/Src/EVE_API.c:554:6:EVE_SAVE_CONTEXT	8	static
../Core/Src/EVE_API.c:560:6:EVE_RESTORE_CONTEXT	8	static
../Core/Src/EVE_API.c:566:6:EVE_RETURN	8	static
../Core/Src/EVE_API.c:572:6:EVE_MACRO	8	static
../Core/Src/EVE_API.c:578:6:EVE_DISPLAY	8	static
../Core/Src/EVE_API.c:588:6:EVE_CMD_KEYS	32	static
../Core/Src/EVE_API.c:605:6:EVE_CMD_NUMBER	24	static
../Core/Src/EVE_API.c:614:6:EVE_CMD_LOADIDENTITY	8	static
../Core/Src/EVE_API.c:621:6:EVE_CMD_GAUGE	40	static
../Core/Src/EVE_API.c:631:6:EVE_CMD_REGREAD	16	static
../Core/Src/EVE_API.c:639:6:EVE_CMD_GETPROPS	16	static
../Core/Src/EVE_API.c:332:6:EVE_LIB_GetProps	24	static
../Core/Src/EVE_API.c:648:6:EVE_CMD_MEMCPY	16	static
../Core/Src/EVE_API.c:657:6:EVE_CMD_SPINNER	24	static
../Core/Src/EVE_API.c:665:6:EVE_CMD_BGCOLOR	8	static
../Core/Src/EVE_API.c:672:6:EVE_CMD_SWAP	8	static
../Core/Src/EVE_API.c:678:6:EVE_CMD_INFLATE	8	static
../Core/Src/EVE_API.c:685:6:EVE_CMD_TRANSLATE	16	static
../Core/Src/EVE_API.c:693:6:EVE_CMD_STOP	8	static
../Core/Src/EVE_API.c:699:6:EVE_CMD_SLIDER	40	static
../Core/Src/EVE_API.c:709:6:EVE_BITMAP_TRANSFORM_A	8	static
../Core/Src/EVE_API.c:715:6:EVE_BITMAP_TRANSFORM_B	8	static
../Core/Src/EVE_API.c:721:6:EVE_BITMAP_TRANSFORM_C	8	static
../Core/Src/EVE_API.c:727:6:EVE_BITMAP_TRANSFORM_D	8	static
../Core/Src/EVE_API.c:733:6:EVE_BITMAP_TRANSFORM_E	8	static
../Core/Src/EVE_API.c:739:6:EVE_BITMAP_TRANSFORM_F	8	static
../Core/Src/EVE_API.c:745:6:EVE_CMD_INTERRUPT	8	static
../Core/Src/EVE_API.c:752:6:EVE_CMD_FGCOLOR	8	static
../Core/Src/EVE_API.c:759:6:EVE_CMD_ROTATE	8	static
../Core/Src/EVE_API.c:766:6:EVE_CMD_MEMWRITE	16	static
../Core/Src/EVE_API.c:774:6:EVE_CMD_SCROLLBAR	40	static
../Core/Src/EVE_API.c:784:6:EVE_CMD_GETMATRIX	24	static
../Core/Src/EVE_API.c:796:6:EVE_CMD_SKETCH	32	static
../Core/Src/EVE_API.c:806:6:EVE_CMD_MEMSET	16	static
../Core/Src/EVE_API.c:815:6:EVE_CMD_GRADCOLOR	8	static
../Core/Src/EVE_API.c:822:6:EVE_CMD_BITMAP_TRANSFORM	32	static
../Core/Src/EVE_API.c:841:6:EVE_CMD_CALIBRATE	8	static
../Core/Src/EVE_API.c:848:6:EVE_CMD_SETFONT	16	static
../Core/Src/EVE_API.c:856:6:EVE_CMD_LOGO	8	static
../Core/Src/EVE_API.c:862:6:EVE_CMD_APPEND	16	static
../Core/Src/EVE_API.c:870:6:EVE_CMD_MEMZERO	16	static
../Core/Src/EVE_API.c:878:6:EVE_CMD_SCALE	16	static
../Core/Src/EVE_API.c:886:6:EVE_CMD_CLOCK	40	static
../Core/Src/EVE_API.c:896:6:EVE_CMD_GRADIENT	32	static
../Core/Src/EVE_API.c:906:6:EVE_CMD_SETMATRIX	8	static
../Core/Src/EVE_API.c:912:6:EVE_CMD_TRACK	32	static
../Core/Src/EVE_API.c:921:6:EVE_CMD_GETPTR	8	static
../Core/Src/EVE_API.c:929:6:EVE_CMD_PROGRESS	40	static
../Core/Src/EVE_API.c:939:6:EVE_CMD_COLDSTART	8	static
../Core/Src/EVE_API.c:945:6:EVE_CMD_DIAL	32	static
../Core/Src/EVE_API.c:954:6:EVE_CMD_LOADIMAGE	16	static
../Core/Src/EVE_API.c:962:6:EVE_CMD_DLSTART	8	static
../Core/Src/EVE_API.c:968:6:EVE_CMD_SNAPSHOT	8	static
../Core/Src/EVE_API.c:975:6:EVE_CMD_SCREENSAVER	8	static
../Core/Src/EVE_API.c:981:6:EVE_CMD_MEMCRC	16	static
../Core/Src/EVE_API.c:992:9:COUNT_ARGS	16	static
../Core/Src/EVE_API.c:1011:6:EVE_CMD_TEXT	40	static
../Core/Src/EVE_API.c:25:6:EVE_calibrate	48	static
../Core/Src/EVE_API.c:1039:6:EVE_CMD_BUTTON	40	static
../Core/Src/EVE_API.c:1068:6:EVE_CMD_TOGGLE	40	static
../Core/Src/EVE_API.c:1099:6:EVE_VERTEX_FORMAT	8	static
../Core/Src/EVE_API.c:1105:6:EVE_BITMAP_LAYOUT_H	8	static
../Core/Src/EVE_API.c:1111:6:EVE_BITMAP_SIZE_H	8	static
../Core/Src/EVE_API.c:1117:6:EVE_PALETTE_SOURCE	8	static
../Core/Src/EVE_API.c:1123:6:EVE_VERTEX_TRANSLATE_X	8	static
../Core/Src/EVE_API.c:1129:6:EVE_VERTEX_TRANSLATE_Y	8	static
../Core/Src/EVE_API.c:1135:6:EVE_NOP	8	static
../Core/Src/EVE_API.c:1144:6:EVE_CMD_SETROTATE	8	static
../Core/Src/EVE_API.c:1151:6:EVE_CMD_SETFONT2	16	static
../Core/Src/EVE_API.c:1160:6:EVE_CMD_SNAPSHOT2	32	static
../Core/Src/EVE_API.c:1170:6:EVE_CMD_MEDIAFIFO	16	static
../Core/Src/EVE_API.c:1178:6:EVE_CMD_INT_SWLOADIMAGE	16	static
../Core/Src/EVE_API.c:1186:6:EVE_CMD_SYNC	8	static
../Core/Src/EVE_API.c:1194:6:EVE_CMD_ROMFONT	16	static
../Core/Src/EVE_API.c:1202:6:EVE_CMD_PLAYVIDEO	8	static
../Core/Src/EVE_API.c:1209:6:EVE_CMD_VIDEOFRAME	16	static
../Core/Src/EVE_API.c:1217:6:EVE_CMD_VIDEOSTART	8	static
../Core/Src/EVE_API.c:1223:6:EVE_CMD_SETBASE	8	static
../Core/Src/EVE_API.c:1230:6:EVE_CMD_SETBITMAP	24	static
../Core/Src/EVE_API.c:65:6:EVE_Init	8	static
../Core/Src/EVE_API.c:1239:6:EVE_CMD_SETSCRATCH	8	static
../Core/Src/EVE_API.c:1247:6:EVE_CMD_CSKETCH	40	static
