../Core/Src/EVE_MCU_STM32.c:32:13:MCU_CSlow	8	static
../Core/Src/EVE_MCU_STM32.c:38:13:MCU_CShigh	8	static
../Core/Src/EVE_MCU_STM32.c:44:13:MCU_PDlow	8	static
../Core/Src/EVE_MCU_STM32.c:50:13:MCU_PDhigh	8	static
../Core/Src/EVE_MCU_STM32.c:56:9:MCU_SPIReadWrite8	24	static
../Core/Src/EVE_MCU_STM32.c:88:10:MCU_SPIReadWrite16	16	static
../Core/Src/EVE_MCU_STM32.c:96:10:MCU_SPIReadWrite24	16	static
../Core/Src/EVE_MCU_STM32.c:113:10:MCU_SPIReadWrite32	16	static
../Core/Src/EVE_MCU_STM32.c:128:6:MCU_Delay_20ms	8	static
../Core/Src/EVE_MCU_STM32.c:133:6:MCU_Delay_500ms	8	static
../Core/Src/EVE_MCU_STM32.c:147:9:MCU_SPIRead8	8	static
../Core/Src/EVE_MCU_STM32.c:156:6:MCU_SPIWrite8	8	static
../Core/Src/EVE_MCU_STM32.c:161:10:MCU_SPIRead16	8	static
../Core/Src/EVE_MCU_STM32.c:170:6:MCU_SPIWrite16	8	static
../Core/Src/EVE_MCU_STM32.c:175:10:MCU_SPIRead24	8	static
../Core/Src/EVE_MCU_STM32.c:184:6:MCU_SPIWrite24	8	static
../Core/Src/EVE_MCU_STM32.c:189:10:MCU_SPIRead32	8	static
../Core/Src/EVE_MCU_STM32.c:198:6:MCU_SPIWrite32	8	static
../Core/Src/EVE_MCU_STM32.c:203:6:MCU_SPIWrite	16	static
../Core/Src/EVE_MCU_STM32.c:217:10:MCU_htobe16	0	static
../Core/Src/EVE_MCU_STM32.c:222:10:MCU_htobe32	0	static
../Core/Src/EVE_MCU_STM32.c:227:10:MCU_htole16	0	static
../Core/Src/EVE_MCU_STM32.c:232:10:MCU_htole32	0	static
../Core/Src/EVE_MCU_STM32.c:237:10:MCU_be16toh	0	static
../Core/Src/EVE_MCU_STM32.c:242:10:MCU_be32toh	0	static
../Core/Src/EVE_MCU_STM32.c:247:10:MCU_le16toh	0	static
../Core/Src/EVE_MCU_STM32.c:252:10:MCU_le32toh	8	static
