../Core/Src/EVE_HAL.c:61:6:HAL_ChipSelect	8	static
../Core/Src/EVE_HAL.c:70:6:HAL_PowerDown	8	static
../Core/Src/EVE_HAL.c:79:6:HAL_SetWriteAddress	8	static
../Core/Src/EVE_HAL.c:88:6:HAL_SetReadAddress	8	static
../Core/Src/EVE_HAL.c:97:6:HAL_Write	8	static
../Core/Src/EVE_HAL.c:106:6:HAL_Write32	8	static
../Core/Src/EVE_HAL.c:114:6:HAL_Write16	8	static
../Core/Src/EVE_HAL.c:122:6:HAL_Write8	8	static
../Core/Src/EVE_HAL.c:130:10:HAL_Read32	8	static
../Core/Src/EVE_HAL.c:144:10:HAL_Read16	8	static
../Core/Src/EVE_HAL.c:158:9:HAL_Read8	8	static
../Core/Src/EVE_HAL.c:177:6:HAL_MemWrite32	16	static
../Core/Src/EVE_HAL.c:190:6:HAL_MemWrite16	16	static
../Core/Src/EVE_HAL.c:203:6:HAL_MemWrite8	16	static
../Core/Src/EVE_HAL.c:216:10:HAL_MemRead32	8	static
../Core/Src/EVE_HAL.c:233:10:HAL_MemRead16	8	static
../Core/Src/EVE_HAL.c:251:9:HAL_MemRead8	8	static
../Core/Src/EVE_HAL.c:270:6:HAL_HostCmdWrite	16	static
../Core/Src/EVE_HAL.c:22:6:HAL_EVE_Init	8	static
../Core/Src/EVE_HAL.c:286:6:HAL_IncCmdPointer	0	static
../Core/Src/EVE_HAL.c:293:10:HAL_GetCmdPointer	0	static
../Core/Src/EVE_HAL.c:299:6:HAL_WriteCmdPointer	8	static
../Core/Src/EVE_HAL.c:306:9:HAL_WaitCmdFifoEmpty	8	static
../Core/Src/EVE_HAL.c:332:10:HAL_CheckCmdFreeSpace	8	static
