../Core/Src/io_calls.c:470:6:SaveNV8	32	static
../Core/Src/io_calls.c:485:6:SaveNV16	32	static
../Core/Src/io_calls.c:503:6:SaveNV32	32	static
../Core/Src/io_calls.c:270:10:eve_calib_write	16	static
../Core/Src/io_calls.c:524:6:save_tir_cal	16	static
../Core/Src/io_calls.c:595:6:SaveNV_Settings	32	static
../Core/Src/io_calls.c:618:6:SaveNV_Volume	40	static
../Core/Src/io_calls.c:658:6:SaveNV_Acc_Volume	40	static
../Core/Src/io_calls.c:326:6:check_nv_vars	8	static
../Core/Src/io_calls.c:775:6:save_daily_vol_rec	32	static
../Core/Src/io_calls.c:901:9:ReadNV8	40	static
../Core/Src/io_calls.c:916:10:ReadNV16	40	static
../Core/Src/io_calls.c:366:6:check_err_data	8	static
../Core/Src/io_calls.c:538:12:read_tir_cal	16	static
../Core/Src/io_calls.c:932:10:ReadNV32	32	static
../Core/Src/io_calls.c:553:10:read_acc_formula_volume	8	static
../Core/Src/io_calls.c:567:10:read_acc_bolus_volume	8	static
../Core/Src/io_calls.c:581:10:read_acc_bat_time	8	static
../Core/Src/io_calls.c:953:6:read_nv_setting_vars	32	static
../Core/Src/io_calls.c:974:6:read_nv_volume_vars	40	static
../Core/Src/io_calls.c:1008:6:read_nv_acc_volume_vars	40	static
../Core/Src/io_calls.c:1053:6:board_io_initialize	8	static
../Core/Src/io_calls.c:1068:6:ir_heat_off	8	static
../Core/Src/io_calls.c:1078:6:ir_heat_on	8	static
../Core/Src/io_calls.c:1088:6:get_cal_rec	48	static
../Core/Src/io_calls.c:1114:6:get_err_rec	48	static
../Core/Src/io_calls.c:1137:6:get_vol_rec	48	static
../Core/Src/io_calls.c:1162:6:get_time	40	static
../Core/Src/io_calls.c:695:6:save_cal_rec	48	static
../Core/Src/io_calls.c:736:6:save_err_rec	48	static
../Core/Src/io_calls.c:297:8:eve_calib_read	16	static
../Core/Src/io_calls.c:825:6:update_daily_food_vol	32	static
../Core/Src/io_calls.c:865:6:update_daily_water_vol	32	static
../Core/Src/io_calls.c:811:6:update_daily_volumes	8	static
../Core/Src/io_calls.c:1246:6:save_time	48	static
../Core/Src/io_calls.c:1290:6:key_click	8	static
../Core/Src/io_calls.c:1341:6:beep_1khz_1sec	24	static
../Core/Src/io_calls.c:384:6:end_startup_init	8	static
../Core/Src/io_calls.c:1365:6:beep_1khz_p5sec	24	static
../Core/Src/io_calls.c:1389:6:select_analog_channel	32	static
../Core/Src/io_calls.c:1453:6:cal_tir_sensor	32	static
../Core/Src/io_calls.c:1493:10:read_v_bat	16	static
../Core/Src/io_calls.c:1513:10:read_analog_channel	16	static
../Core/Src/io_calls.c:1312:10:beep_1khz_1sec_mon	24	static
../Core/Src/io_calls.c:1534:9:usonic_sensor_read	8	static
../Core/Src/io_calls.c:1554:9:pts_sensor_read	8	static
../Core/Src/io_calls.c:1573:9:pts_sensor	0	static
../Core/Src/io_calls.c:1588:9:distal_tube_empty	0	static
../Core/Src/io_calls.c:1602:9:distal_tube_detected	0	static
../Core/Src/io_calls.c:1616:6:save_nv	8	static
../Core/Src/io_calls.c:1642:9:ac_connected	8	static
../Core/Src/io_calls.c:1655:10:read_battery_voltage	8	static
../Core/Src/io_calls.c:1705:9:read_keypad	8	static
../Core/Src/io_calls.c:1683:9:read_all_keys	8	static
../Core/Src/io_calls.c:1669:9:any_key_or_touch	16	static
../Core/Src/io_calls.c:1974:9:magnet	8	static
../Core/Src/io_calls.c:2235:6:pinch_ccw	8	static
../Core/Src/io_calls.c:2282:6:pinch_cw	8	static
../Core/Src/io_calls.c:2210:6:pinch_n_steps	16	static
../Core/Src/io_calls.c:2046:9:move_pincher_all_cw	8	static
../Core/Src/io_calls.c:2070:9:move_pincher_all_ccw	16	static
../Core/Src/io_calls.c:2095:9:move_pincher_from_all_cw_to_magnet	16	static
../Core/Src/io_calls.c:2132:9:move_pincher_from_all_ccw_to_magnet	8	static
../Core/Src/io_calls.c:1785:6:detect_tpa	8	static
../Core/Src/io_calls.c:1746:7:test_if_set_installed	8	static
../Core/Src/io_calls.c:2171:9:move_pincher_to_center	16	static
../Core/Src/io_calls.c:2379:9:service_mode_req	16	static
../Core/Src/io_calls.c:2401:6:start_pump_w_old_rate	8	static
../Core/Src/io_calls.c:2411:6:start_pump	8	static
../Core/Src/io_calls.c:2423:6:stop_pump_motor	8	static
../Core/Src/io_calls.c:2329:6:pump_motor_off	8	static
../Core/Src/io_calls.c:80:9:autoprimedual	40	static
../Core/Src/io_calls.c:187:9:autoprimesingle	40	static
../Core/Src/io_calls.c:1628:6:power_off_pump	8	static
../Core/Src/io_calls.c:400:6:initial_power_test	8	static
../Core/Src/io_calls.c:1810:9:check_pts_wake_up	16	static
../Core/Src/io_calls.c:2344:6:service_mode_only	8	static
../Core/Src/io_calls.c:439:9:power_test	8	static
../Core/Src/io_calls.c:1888:9:distal_tube_removed	24	static
../Core/Src/io_calls.c:1933:9:empty_test_w_heat	24	static
../Core/Src/io_calls.c:1989:6:manualprime	32	static
