../Core/Src/screens.c:92:9:eve_read_tag	8	static
../Core/Src/screens.c:128:9:dose_complete_alarm_task	64	static
../Core/Src/screens.c:217:6:run_mode_screen	24	static
../Core/Src/screens.c:302:6:show_timeout_message	32	static
../Core/Src/screens.c:357:6:load_RAMG	8	static
../Core/Src/screens.c:373:6:hold_mode_screen	16	static
../Core/Src/screens.c:472:6:service_page_one_screen	24	static
../Core/Src/screens.c:553:6:service_page_two_screen	48	static
../Core/Src/screens.c:629:6:service_page_three_screen	48	static
../Core/Src/screens.c:706:6:show_message	24	static
../Core/Src/screens.c:746:6:show_total_volume	24	static
../Core/Src/screens.c:783:6:display_start_screen	176	static
../Core/Src/screens.c:829:6:show_bolus_time	16	static
../Core/Src/screens.c:875:6:auto_primescreen	24	static
../Core/Src/screens.c:944:6:manual_primescreen	24	static
../Core/Src/screens.c:1018:6:set_dose_limit_screen	16	static
../Core/Src/screens.c:1073:6:set_water_rate_screen	16	static
../Core/Src/screens.c:1131:6:clear_rates_screen	16	static
../Core/Src/screens.c:1186:9:controls_locked_screen	32	static
../Core/Src/screens.c:1238:9:MCU_off_bar	40	static
../Core/Src/screens.c:1284:9:setting_screen_task	64	static
../Core/Src/screens.c:1425:9:special_char_screen	136	static
../Core/Src/screens.c:1500:9:error_screen	56	static
../Core/Src/screens.c:1626:9:daily_volume_screen	56	static
../Core/Src/screens.c:1746:9:cal_rec_screen	56	static
../Core/Src/screens.c:1864:9:set_time_task	240	static
../Core/Src/screens.c:2156:9:show_empty_battery_warning	32	static
../Core/Src/screens.c:2218:6:show_error_message	48	static
../Core/Src/screens.c:59:6:air_in_tubing_screen	40	static
../Core/Src/screens.c:75:6:empty_tubing_screen	40	static
../Core/Src/screens.c:202:6:occlusion_in_line_screen	32	static
../Core/Src/screens.c:2290:6:show_error_number	24	static
../Core/Src/screens.c:2337:9:show_message_yes_no	56	static
../Core/Src/screens.c:2397:6:show_plug_ac_message	64	static
../Core/Src/screens.c:2444:6:eve_initialize	8	static
