D:/STM32CubeIDE/STM32Cube_FW_L0_V1.12.0/Drivers/STM32L0xx_HAL_Driver/Src/stm32l0xx_hal_dac_ex.c:1032:13:DAC_DMAErrorCh1	8	static
D:/STM32CubeIDE/STM32Cube_FW_L0_V1.12.0/Drivers/STM32L0xx_HAL_Driver/Src/stm32l0xx_hal_dac_ex.c:1014:13:DAC_DMAHalfConvCpltCh1	8	static
D:/STM32CubeIDE/STM32Cube_FW_L0_V1.12.0/Drivers/STM32L0xx_HAL_Driver/Src/stm32l0xx_hal_dac_ex.c:995:13:DAC_DMAConvCpltCh1	8	static
D:/STM32CubeIDE/STM32Cube_FW_L0_V1.12.0/Drivers/STM32L0xx_HAL_Driver/Src/stm32l0xx_hal_dac_ex.c:93:10:HAL_DACEx_DualGetValue	0	static
D:/STM32CubeIDE/STM32Cube_FW_L0_V1.12.0/Drivers/STM32L0xx_HAL_Driver/Src/stm32l0xx_hal_dac_ex.c:130:19:HAL_DACEx_TriangleWaveGenerate	12	static
D:/STM32CubeIDE/STM32Cube_FW_L0_V1.12.0/Drivers/STM32L0xx_HAL_Driver/Src/stm32l0xx_hal_dac_ex.c:180:19:HAL_DACEx_NoiseWaveGenerate	12	static
D:/STM32CubeIDE/STM32Cube_FW_L0_V1.12.0/Drivers/STM32L0xx_HAL_Driver/Src/stm32l0xx_hal_dac_ex.c:221:19:HAL_DACEx_DualSetValue	0	static
D:/STM32CubeIDE/STM32Cube_FW_L0_V1.12.0/Drivers/STM32L0xx_HAL_Driver/Src/stm32l0xx_hal_dac_ex.c:256:13:HAL_DACEx_ConvCpltCallbackCh2	0	static
D:/STM32CubeIDE/STM32Cube_FW_L0_V1.12.0/Drivers/STM32L0xx_HAL_Driver/Src/stm32l0xx_hal_dac_ex.c:948:13:DAC_DMAConvCpltCh2	8	static
D:/STM32CubeIDE/STM32Cube_FW_L0_V1.12.0/Drivers/STM32L0xx_HAL_Driver/Src/stm32l0xx_hal_dac_ex.c:272:13:HAL_DACEx_ConvHalfCpltCallbackCh2	0	static
D:/STM32CubeIDE/STM32Cube_FW_L0_V1.12.0/Drivers/STM32L0xx_HAL_Driver/Src/stm32l0xx_hal_dac_ex.c:963:13:DAC_DMAHalfConvCpltCh2	8	static
D:/STM32CubeIDE/STM32Cube_FW_L0_V1.12.0/Drivers/STM32L0xx_HAL_Driver/Src/stm32l0xx_hal_dac_ex.c:288:13:HAL_DACEx_ErrorCallbackCh2	0	static
D:/STM32CubeIDE/STM32Cube_FW_L0_V1.12.0/Drivers/STM32L0xx_HAL_Driver/Src/stm32l0xx_hal_dac_ex.c:976:13:DAC_DMAErrorCh2	8	static
D:/STM32CubeIDE/STM32Cube_FW_L0_V1.12.0/Drivers/STM32L0xx_HAL_Driver/Src/stm32l0xx_hal_dac_ex.c:304:13:HAL_DACEx_DMAUnderrunCallbackCh2	0	static
D:/STM32CubeIDE/STM32Cube_FW_L0_V1.12.0/Drivers/STM32L0xx_HAL_Driver/Src/stm32l0xx_hal_dac_ex.c:324:19:HAL_DAC_Start	16	static
D:/STM32CubeIDE/STM32Cube_FW_L0_V1.12.0/Drivers/STM32L0xx_HAL_Driver/Src/stm32l0xx_hal_dac_ex.c:390:19:HAL_DAC_Start_DMA	32	static
D:/STM32CubeIDE/STM32Cube_FW_L0_V1.12.0/Drivers/STM32L0xx_HAL_Driver/Src/stm32l0xx_hal_dac_ex.c:513:19:HAL_DAC_Stop_DMA	8	static
D:/STM32CubeIDE/STM32Cube_FW_L0_V1.12.0/Drivers/STM32L0xx_HAL_Driver/Src/stm32l0xx_hal_dac_ex.c:563:10:HAL_DAC_GetValue	0	static
D:/STM32CubeIDE/STM32Cube_FW_L0_V1.12.0/Drivers/STM32L0xx_HAL_Driver/Src/stm32l0xx_hal_dac_ex.c:585:6:HAL_DAC_IRQHandler	8	static
D:/STM32CubeIDE/STM32Cube_FW_L0_V1.12.0/Drivers/STM32L0xx_HAL_Driver/Src/stm32l0xx_hal_dac_ex.c:651:19:HAL_DAC_SetValue	16	static
