D:/STM32CubeIDE/STM32Cube_FW_L0_V1.12.0/Drivers/STM32L0xx_HAL_Driver/Src/stm32l0xx_hal_dac.c:384:13:HAL_DAC_MspInit	0	static
D:/STM32CubeIDE/STM32Cube_FW_L0_V1.12.0/Drivers/STM32L0xx_HAL_Driver/Src/stm32l0xx_hal_dac.c:276:19:HAL_DAC_Init	8	static
D:/STM32CubeIDE/STM32Cube_FW_L0_V1.12.0/Drivers/STM32L0xx_HAL_Driver/Src/stm32l0xx_hal_dac.c:400:13:HAL_DAC_MspDeInit	0	static
D:/STM32CubeIDE/STM32Cube_FW_L0_V1.12.0/Drivers/STM32L0xx_HAL_Driver/Src/stm32l0xx_hal_dac.c:339:19:HAL_DAC_DeInit	8	static
D:/STM32CubeIDE/STM32Cube_FW_L0_V1.12.0/Drivers/STM32L0xx_HAL_Driver/Src/stm32l0xx_hal_dac.c:443:26:HAL_DAC_Start	0	static
D:/STM32CubeIDE/STM32Cube_FW_L0_V1.12.0/Drivers/STM32L0xx_HAL_Driver/Src/stm32l0xx_hal_dac.c:466:19:HAL_DAC_Stop	12	static
D:/STM32CubeIDE/STM32Cube_FW_L0_V1.12.0/Drivers/STM32L0xx_HAL_Driver/Src/stm32l0xx_hal_dac.c:498:26:HAL_DAC_Start_DMA	0	static
D:/STM32CubeIDE/STM32Cube_FW_L0_V1.12.0/Drivers/STM32L0xx_HAL_Driver/Src/stm32l0xx_hal_dac.c:524:26:HAL_DAC_Stop_DMA	0	static
D:/STM32CubeIDE/STM32Cube_FW_L0_V1.12.0/Drivers/STM32L0xx_HAL_Driver/Src/stm32l0xx_hal_dac.c:547:17:HAL_DAC_GetValue	0	static
D:/STM32CubeIDE/STM32Cube_FW_L0_V1.12.0/Drivers/STM32L0xx_HAL_Driver/Src/stm32l0xx_hal_dac.c:566:13:HAL_DAC_IRQHandler	0	static
D:/STM32CubeIDE/STM32Cube_FW_L0_V1.12.0/Drivers/STM32L0xx_HAL_Driver/Src/stm32l0xx_hal_dac.c:582:13:HAL_DAC_ConvCpltCallbackCh1	0	static
D:/STM32CubeIDE/STM32Cube_FW_L0_V1.12.0/Drivers/STM32L0xx_HAL_Driver/Src/stm32l0xx_hal_dac.c:598:13:HAL_DAC_ConvHalfCpltCallbackCh1	0	static
D:/STM32CubeIDE/STM32Cube_FW_L0_V1.12.0/Drivers/STM32L0xx_HAL_Driver/Src/stm32l0xx_hal_dac.c:614:13:HAL_DAC_ErrorCallbackCh1	0	static
D:/STM32CubeIDE/STM32Cube_FW_L0_V1.12.0/Drivers/STM32L0xx_HAL_Driver/Src/stm32l0xx_hal_dac.c:630:13:HAL_DAC_DMAUnderrunCallbackCh1	0	static
D:/STM32CubeIDE/STM32Cube_FW_L0_V1.12.0/Drivers/STM32L0xx_HAL_Driver/Src/stm32l0xx_hal_dac.c:670:19:HAL_DAC_ConfigChannel	12	static
D:/STM32CubeIDE/STM32Cube_FW_L0_V1.12.0/Drivers/STM32L0xx_HAL_Driver/Src/stm32l0xx_hal_dac.c:735:22:HAL_DAC_GetState	0	static
D:/STM32CubeIDE/STM32Cube_FW_L0_V1.12.0/Drivers/STM32L0xx_HAL_Driver/Src/stm32l0xx_hal_dac.c:748:10:HAL_DAC_GetError	0	static
D:/STM32CubeIDE/STM32Cube_FW_L0_V1.12.0/Drivers/STM32L0xx_HAL_Driver/Src/stm32l0xx_hal_dac.c:769:26:HAL_DAC_SetValue	0	static
