../Core/Src/EVE_API.c:26:6:EVE_calibrate	64	static
../Core/Src/EVE_API.c:67:6:EVE_Init	24	static
../Core/Src/EVE_API.c:168:6:EVE_LIB_BeginCoProList	8	static
../Core/Src/EVE_API.c:180:6:EVE_LIB_EndCoProList	8	static
../Core/Src/EVE_API.c:189:6:EVE_LIB_AwaitCoProEmpty	8	static
../Core/Src/EVE_API.c:196:6:EVE_LIB_WriteDataToRAMG	24	static
../Core/Src/EVE_API.c:219:6:EVE_LIB_ReadDataFromRAMG	24	static
../Core/Src/EVE_API.c:242:6:EVE_LIB_WriteDataToCMD	40	static
../Core/Src/EVE_API.c:312:10:EVE_LIB_SendString	24	static
../Core/Src/EVE_API.c:334:6:EVE_LIB_GetProps	32	static
../Core/Src/EVE_API.c:358:6:EVE_CMD	16	static
../Core/Src/EVE_API.c:364:6:EVE_CLEAR_COLOR_RGB	24	static
../Core/Src/EVE_API.c:371:6:EVE_CLEAR_COLOR	16	static
../Core/Src/EVE_API.c:377:6:EVE_CLEAR	24	static
../Core/Src/EVE_API.c:383:6:EVE_COLOR_RGB	24	static
../Core/Src/EVE_API.c:389:6:EVE_COLOR	16	static
../Core/Src/EVE_API.c:395:6:EVE_VERTEX2F	16	static
../Core/Src/EVE_API.c:401:6:EVE_VERTEX2II	24	static
../Core/Src/EVE_API.c:407:6:EVE_BITMAP_HANDLE	16	static
../Core/Src/EVE_API.c:413:6:EVE_BITMAP_SOURCE	16	static
../Core/Src/EVE_API.c:419:6:EVE_BITMAP_LAYOUT	24	static
../Core/Src/EVE_API.c:425:6:EVE_BITMAP_SIZE	24	static
../Core/Src/EVE_API.c:431:6:EVE_CELL	16	static
../Core/Src/EVE_API.c:437:6:EVE_TAG	16	static
../Core/Src/EVE_API.c:443:6:EVE_ALPHA_FUNC	16	static
../Core/Src/EVE_API.c:449:6:EVE_STENCIL_FUNC	24	static
../Core/Src/EVE_API.c:455:6:EVE_BLEND_FUNC	16	static
../Core/Src/EVE_API.c:461:6:EVE_STENCIL_OP	16	static
../Core/Src/EVE_API.c:467:6:EVE_POINT_SIZE	16	static
../Core/Src/EVE_API.c:473:6:EVE_LINE_WIDTH	16	static
../Core/Src/EVE_API.c:479:6:EVE_CLEAR_COLOR_A	16	static
../Core/Src/EVE_API.c:485:6:EVE_COLOR_A	16	static
../Core/Src/EVE_API.c:491:6:EVE_CLEAR_STENCIL	16	static
../Core/Src/EVE_API.c:497:6:EVE_CLEAR_TAG	16	static
../Core/Src/EVE_API.c:503:6:EVE_STENCIL_MASK	16	static
../Core/Src/EVE_API.c:509:6:EVE_TAG_MASK	16	static
../Core/Src/EVE_API.c:515:6:EVE_SCISSOR_XY	16	static
../Core/Src/EVE_API.c:521:6:EVE_SCISSOR_SIZE	16	static
../Core/Src/EVE_API.c:527:6:EVE_CALL	16	static
../Core/Src/EVE_API.c:533:6:EVE_JUMP	16	static
../Core/Src/EVE_API.c:539:6:EVE_BEGIN	16	static
../Core/Src/EVE_API.c:545:6:EVE_COLOR_MASK	24	static
../Core/Src/EVE_API.c:551:6:EVE_END	8	static
../Core/Src/EVE_API.c:557:6:EVE_SAVE_CONTEXT	8	static
../Core/Src/EVE_API.c:563:6:EVE_RESTORE_CONTEXT	8	static
../Core/Src/EVE_API.c:569:6:EVE_RETURN	8	static
../Core/Src/EVE_API.c:575:6:EVE_MACRO	16	static
../Core/Src/EVE_API.c:581:6:EVE_DISPLAY	8	static
../Core/Src/EVE_API.c:591:6:EVE_CMD_KEYS	32	static
../Core/Src/EVE_API.c:608:6:EVE_CMD_NUMBER	24	static
../Core/Src/EVE_API.c:617:6:EVE_CMD_LOADIDENTITY	8	static
../Core/Src/EVE_API.c:624:6:EVE_CMD_GAUGE	24	static
../Core/Src/EVE_API.c:634:6:EVE_CMD_REGREAD	16	static
../Core/Src/EVE_API.c:642:6:EVE_CMD_GETPROPS	24	static
../Core/Src/EVE_API.c:651:6:EVE_CMD_MEMCPY	24	static
../Core/Src/EVE_API.c:660:6:EVE_CMD_SPINNER	24	static
../Core/Src/EVE_API.c:668:6:EVE_CMD_BGCOLOR	16	static
../Core/Src/EVE_API.c:675:6:EVE_CMD_SWAP	8	static
../Core/Src/EVE_API.c:681:6:EVE_CMD_INFLATE	16	static
../Core/Src/EVE_API.c:688:6:EVE_CMD_TRANSLATE	16	static
../Core/Src/EVE_API.c:696:6:EVE_CMD_STOP	8	static
../Core/Src/EVE_API.c:702:6:EVE_CMD_SLIDER	24	static
../Core/Src/EVE_API.c:712:6:EVE_BITMAP_TRANSFORM_A	16	static
../Core/Src/EVE_API.c:718:6:EVE_BITMAP_TRANSFORM_B	16	static
../Core/Src/EVE_API.c:724:6:EVE_BITMAP_TRANSFORM_C	16	static
../Core/Src/EVE_API.c:730:6:EVE_BITMAP_TRANSFORM_D	16	static
../Core/Src/EVE_API.c:736:6:EVE_BITMAP_TRANSFORM_E	16	static
../Core/Src/EVE_API.c:742:6:EVE_BITMAP_TRANSFORM_F	16	static
../Core/Src/EVE_API.c:748:6:EVE_CMD_INTERRUPT	16	static
../Core/Src/EVE_API.c:755:6:EVE_CMD_FGCOLOR	16	static
../Core/Src/EVE_API.c:762:6:EVE_CMD_ROTATE	16	static
../Core/Src/EVE_API.c:769:6:EVE_CMD_MEMWRITE	16	static
../Core/Src/EVE_API.c:777:6:EVE_CMD_SCROLLBAR	24	static
../Core/Src/EVE_API.c:787:6:EVE_CMD_GETMATRIX	24	static
../Core/Src/EVE_API.c:799:6:EVE_CMD_SKETCH	24	static
../Core/Src/EVE_API.c:809:6:EVE_CMD_MEMSET	24	static
../Core/Src/EVE_API.c:818:6:EVE_CMD_GRADCOLOR	16	static
../Core/Src/EVE_API.c:825:6:EVE_CMD_BITMAP_TRANSFORM	24	static
../Core/Src/EVE_API.c:844:6:EVE_CMD_CALIBRATE	16	static
../Core/Src/EVE_API.c:851:6:EVE_CMD_SETFONT	16	static
../Core/Src/EVE_API.c:859:6:EVE_CMD_LOGO	8	static
../Core/Src/EVE_API.c:865:6:EVE_CMD_APPEND	16	static
../Core/Src/EVE_API.c:873:6:EVE_CMD_MEMZERO	16	static
../Core/Src/EVE_API.c:881:6:EVE_CMD_SCALE	16	static
../Core/Src/EVE_API.c:889:6:EVE_CMD_CLOCK	24	static
../Core/Src/EVE_API.c:899:6:EVE_CMD_GRADIENT	32	static
../Core/Src/EVE_API.c:909:6:EVE_CMD_SETMATRIX	8	static
../Core/Src/EVE_API.c:915:6:EVE_CMD_TRACK	24	static
../Core/Src/EVE_API.c:924:6:EVE_CMD_GETPTR	16	static
../Core/Src/EVE_API.c:932:6:EVE_CMD_PROGRESS	24	static
../Core/Src/EVE_API.c:942:6:EVE_CMD_COLDSTART	8	static
../Core/Src/EVE_API.c:948:6:EVE_CMD_DIAL	24	static
../Core/Src/EVE_API.c:957:6:EVE_CMD_LOADIMAGE	16	static
../Core/Src/EVE_API.c:965:6:EVE_CMD_DLSTART	8	static
../Core/Src/EVE_API.c:971:6:EVE_CMD_SNAPSHOT	16	static
../Core/Src/EVE_API.c:978:6:EVE_CMD_SCREENSAVER	8	static
../Core/Src/EVE_API.c:984:6:EVE_CMD_MEMCRC	24	static
../Core/Src/EVE_API.c:995:9:COUNT_ARGS	24	static
../Core/Src/EVE_API.c:1014:6:EVE_CMD_TEXT	40	static
../Core/Src/EVE_API.c:1042:6:EVE_CMD_BUTTON	40	static
../Core/Src/EVE_API.c:1071:6:EVE_CMD_TOGGLE	40	static
../Core/Src/EVE_API.c:1102:6:EVE_VERTEX_FORMAT	16	static
../Core/Src/EVE_API.c:1108:6:EVE_BITMAP_LAYOUT_H	16	static
../Core/Src/EVE_API.c:1114:6:EVE_BITMAP_SIZE_H	16	static
../Core/Src/EVE_API.c:1120:6:EVE_PALETTE_SOURCE	16	static
../Core/Src/EVE_API.c:1126:6:EVE_VERTEX_TRANSLATE_X	16	static
../Core/Src/EVE_API.c:1132:6:EVE_VERTEX_TRANSLATE_Y	16	static
../Core/Src/EVE_API.c:1138:6:EVE_NOP	8	static
../Core/Src/EVE_API.c:1147:6:EVE_CMD_SETROTATE	16	static
../Core/Src/EVE_API.c:1154:6:EVE_CMD_SETFONT2	24	static
../Core/Src/EVE_API.c:1163:6:EVE_CMD_SNAPSHOT2	24	static
../Core/Src/EVE_API.c:1173:6:EVE_CMD_MEDIAFIFO	16	static
../Core/Src/EVE_API.c:1181:6:EVE_CMD_INT_SWLOADIMAGE	16	static
../Core/Src/EVE_API.c:1189:6:EVE_CMD_SYNC	8	static
../Core/Src/EVE_API.c:1197:6:EVE_CMD_ROMFONT	16	static
../Core/Src/EVE_API.c:1205:6:EVE_CMD_PLAYVIDEO	16	static
../Core/Src/EVE_API.c:1212:6:EVE_CMD_VIDEOFRAME	16	static
../Core/Src/EVE_API.c:1220:6:EVE_CMD_VIDEOSTART	8	static
../Core/Src/EVE_API.c:1226:6:EVE_CMD_SETBASE	16	static
../Core/Src/EVE_API.c:1233:6:EVE_CMD_SETBITMAP	32	static
../Core/Src/EVE_API.c:1242:6:EVE_CMD_SETSCRATCH	16	static
../Core/Src/EVE_API.c:1250:6:EVE_CMD_CSKETCH	24	static
