../Core/Src/screens.c:124:6:air_in_tubing_screen	48	static
../Core/Src/screens.c:141:6:empty_tubing_screen	56	static
../Core/Src/screens.c:162:9:eve_read_tag	24	static
../Core/Src/screens.c:213:9:dose_complete_alarm_task	56	static
../Core/Src/screens.c:334:6:air_occlusion_in_line_screen	56	static
../Core/Src/screens.c:354:6:occlusion_in_line_screen	40	static
../Core/Src/screens.c:370:6:run_mode_screen	72	static
../Core/Src/screens.c:571:6:run_mode_new_screen	32	static
../Core/Src/screens.c:696:6:show_timeout_message	40	static
../Core/Src/screens.c:945:6:load_RAMG	8	static
../Core/Src/screens.c:997:6:hold_mode_screen	24	static
../Core/Src/screens.c:1062:6:hold_mode_new_screen	24	static
../Core/Src/screens.c:1252:6:service_page_one_screen	40	static
../Core/Src/screens.c:1328:6:service_page_two_screen	48	static
../Core/Src/screens.c:1400:6:service_page_three_screen	40	static
../Core/Src/screens.c:1470:6:show_message	40	static
../Core/Src/screens.c:1547:6:show_total_volume	16	static
../Core/Src/screens.c:1582:6:display_start_screen	208	static
../Core/Src/screens.c:1732:6:show_bolus_time	56	static
../Core/Src/screens.c:1784:6:auto_primescreen	24	static
../Core/Src/screens.c:1920:6:manual_primescreen	24	static
../Core/Src/screens.c:2063:6:set_dose_limit_screen	16	static
../Core/Src/screens.c:2156:6:set_water_rate_screen	16	static
../Core/Src/screens.c:2256:6:clear_rates_screen	16	static
../Core/Src/screens.c:2384:9:controls_locked_screen	40	static
../Core/Src/screens.c:2458:9:MCU_off_bar	40	static
../Core/Src/screens.c:2506:9:setting_screen_task	48	static
../Core/Src/screens.c:2645:9:special_char_screen	144	static
../Core/Src/screens.c:2707:9:error_screen	56	static
../Core/Src/screens.c:2863:9:daily_volume_screen	56	static
../Core/Src/screens.c:2977:9:cal_rec_screen	56	static
../Core/Src/screens.c:3085:13:draw_arrow_button_touch	32	static
../Core/Src/screens.c:3108:9:set_time_task	208	static
../Core/Src/screens.c:3429:9:show_empty_battery_warning	48	static
../Core/Src/screens.c:3650:13:initialize_error_warning_cache	48	static
../Core/Src/screens.c:3718:13:update_error_warning_cache	24	static
../Core/Src/screens.c:3749:6:draw_cached_error_warning_icon	40	static
../Core/Src/screens.c:3818:6:draw_warning_icon	104	static
../Core/Src/screens.c:3946:6:show_error_message	56	static
../Core/Src/screens.c:4341:6:show_error_message_without_alarm	48	static
../Core/Src/screens.c:4493:13:update_error_bell_cache	24	static
../Core/Src/screens.c:4524:13:initialize_error_bell_cache	48	static
../Core/Src/screens.c:4605:6:show_error_number	40	static
../Core/Src/screens.c:4645:9:show_message_yes_no	48	static
../Core/Src/screens.c:4743:6:show_plug_ac_message	56	static
../Core/Src/screens.c:4780:6:begin_screen	24	static
../Core/Src/screens.c:4790:6:end_screen	8	static
../Core/Src/screens.c:4799:6:draw_arrow_button	32	static
../Core/Src/screens.c:4815:10:get_battery_offset	16	static
../Core/Src/screens.c:4825:6:draw_battery_simple	40	static
../Core/Src/screens.c:4846:6:draw_plus_icon	24	static
../Core/Src/screens.c:4856:6:draw_minus_icon	24	static
../Core/Src/screens.c:4866:6:draw_icon	24	static
../Core/Src/screens.c:4876:6:draw_alarm1	24	static
../Core/Src/screens.c:4886:6:draw_alarm3	24	static
../Core/Src/screens.c:4896:6:draw_bell	24	static
../Core/Src/screens.c:4906:6:draw_mute	24	static
../Core/Src/screens.c:4915:6:draw_right_arrow_22x34	16	static
../Core/Src/screens.c:4927:6:draw_right_arrow_16x23	16	static
../Core/Src/screens.c:4942:6:draw_unlock_icon	24	static
../Core/Src/screens.c:4951:6:draw_arrow_button_ex	32	static
../Core/Src/screens.c:4968:6:draw_text_button	40	static
../Core/Src/screens.c:4975:6:extend_touch_area	24	static
../Core/Src/screens.c:4984:6:draw_text	48	static
../Core/Src/screens.c:4990:6:draw_number	32	static
../Core/Src/screens.c:4998:6:eve_initialize	8	static
