../Core/Src/screens.c:116:6:air_in_tubing_screen	48	static
../Core/Src/screens.c:133:6:empty_tubing_screen	56	static
../Core/Src/screens.c:154:9:eve_read_tag	24	static
../Core/Src/screens.c:205:9:dose_complete_alarm_task	56	static
../Core/Src/screens.c:326:6:air_occlusion_in_line_screen	56	static
../Core/Src/screens.c:346:6:occlusion_in_line_screen	40	static
../Core/Src/screens.c:362:6:run_mode_screen	72	static
../Core/Src/screens.c:563:6:run_mode_new_screen	32	static
../Core/Src/screens.c:688:6:show_timeout_message	40	static
../Core/Src/screens.c:937:6:load_RAMG	8	static
../Core/Src/screens.c:989:6:hold_mode_screen	24	static
../Core/Src/screens.c:1054:6:hold_mode_new_screen	24	static
../Core/Src/screens.c:1244:6:service_page_one_screen	40	static
../Core/Src/screens.c:1320:6:service_page_two_screen	48	static
../Core/Src/screens.c:1392:6:service_page_three_screen	40	static
../Core/Src/screens.c:1462:6:show_message	40	static
../Core/Src/screens.c:1539:6:show_total_volume	16	static
../Core/Src/screens.c:1574:6:display_start_screen	208	static
../Core/Src/screens.c:1724:6:show_bolus_time	56	static
../Core/Src/screens.c:1776:6:auto_primescreen	24	static
../Core/Src/screens.c:1912:6:manual_primescreen	24	static
../Core/Src/screens.c:2055:6:set_dose_limit_screen	16	static
../Core/Src/screens.c:2148:6:set_water_rate_screen	16	static
../Core/Src/screens.c:2248:6:clear_rates_screen	16	static
../Core/Src/screens.c:2376:9:controls_locked_screen	40	static
../Core/Src/screens.c:2450:9:MCU_off_bar	40	static
../Core/Src/screens.c:2500:9:setting_screen_task	40	static
../Core/Src/screens.c:2764:9:special_char_screen	144	static
../Core/Src/screens.c:2826:9:error_screen	56	static
../Core/Src/screens.c:2982:9:daily_volume_screen	56	static
../Core/Src/screens.c:3096:9:cal_rec_screen	56	static
../Core/Src/screens.c:3204:13:draw_arrow_button_touch	32	static
../Core/Src/screens.c:3227:9:set_time_task	208	static
../Core/Src/screens.c:3548:9:show_empty_battery_warning	48	static
../Core/Src/screens.c:3769:13:initialize_error_warning_cache	48	static
../Core/Src/screens.c:3837:13:update_error_warning_cache	24	static
../Core/Src/screens.c:3868:6:draw_cached_error_warning_icon	40	static
../Core/Src/screens.c:3937:6:draw_warning_icon	104	static
../Core/Src/screens.c:4065:6:show_error_message	56	static
../Core/Src/screens.c:4460:6:show_error_message_without_alarm	48	static
../Core/Src/screens.c:4612:13:update_error_bell_cache	24	static
../Core/Src/screens.c:4643:13:initialize_error_bell_cache	48	static
../Core/Src/screens.c:4724:6:show_error_number	40	static
../Core/Src/screens.c:4764:9:show_message_yes_no	48	static
../Core/Src/screens.c:4862:6:show_plug_ac_message	56	static
../Core/Src/screens.c:4899:6:begin_screen	24	static
../Core/Src/screens.c:4909:6:end_screen	8	static
../Core/Src/screens.c:4918:6:draw_arrow_button	32	static
../Core/Src/screens.c:4934:10:get_battery_offset	16	static
../Core/Src/screens.c:4944:6:draw_battery_simple	40	static
../Core/Src/screens.c:4965:6:draw_plus_icon	24	static
../Core/Src/screens.c:4975:6:draw_minus_icon	24	static
../Core/Src/screens.c:4985:6:draw_icon	24	static
../Core/Src/screens.c:4995:6:draw_alarm1	24	static
../Core/Src/screens.c:5005:6:draw_alarm3	24	static
../Core/Src/screens.c:5015:6:draw_bell	24	static
../Core/Src/screens.c:5025:6:draw_mute	24	static
../Core/Src/screens.c:5034:6:draw_right_arrow_22x34	16	static
../Core/Src/screens.c:5046:6:draw_right_arrow_16x23	16	static
../Core/Src/screens.c:5061:6:draw_unlock_icon	24	static
../Core/Src/screens.c:5070:6:draw_arrow_button_ex	32	static
../Core/Src/screens.c:5087:6:draw_text_button	40	static
../Core/Src/screens.c:5094:6:extend_touch_area	24	static
../Core/Src/screens.c:5103:6:draw_text	48	static
../Core/Src/screens.c:5109:6:draw_number	32	static
../Core/Src/screens.c:5117:6:eve_initialize	8	static
