../Core/Src/screens.c:116:6:air_in_tubing_screen	48	static
../Core/Src/screens.c:133:6:empty_tubing_screen	56	static
../Core/Src/screens.c:154:9:eve_read_tag	24	static
../Core/Src/screens.c:205:9:dose_complete_alarm_task	56	static
../Core/Src/screens.c:326:6:air_occlusion_in_line_screen	56	static
../Core/Src/screens.c:346:6:occlusion_in_line_screen	40	static
../Core/Src/screens.c:362:6:run_mode_screen	72	static
../Core/Src/screens.c:563:6:run_mode_new_screen	32	static
../Core/Src/screens.c:703:6:show_timeout_message	40	static
../Core/Src/screens.c:952:6:load_RAMG	8	static
../Core/Src/screens.c:1004:6:hold_mode_screen	24	static
../Core/Src/screens.c:1069:6:hold_mode_new_screen	24	static
../Core/Src/screens.c:1259:6:service_page_one_screen	40	static
../Core/Src/screens.c:1335:6:service_page_two_screen	48	static
../Core/Src/screens.c:1407:6:service_page_three_screen	40	static
../Core/Src/screens.c:1477:6:show_message	40	static
../Core/Src/screens.c:1554:6:show_total_volume	16	static
../Core/Src/screens.c:1589:6:display_start_screen	208	static
../Core/Src/screens.c:1740:6:show_bolus_time	40	static
../Core/Src/screens.c:1836:6:auto_primescreen	24	static
../Core/Src/screens.c:1972:6:manual_primescreen	24	static
../Core/Src/screens.c:2115:6:set_dose_limit_screen	16	static
../Core/Src/screens.c:2208:6:set_water_rate_screen	16	static
../Core/Src/screens.c:2308:6:clear_rates_screen	16	static
../Core/Src/screens.c:2436:9:controls_locked_screen	40	static
../Core/Src/screens.c:2510:9:MCU_off_bar	40	static
../Core/Src/screens.c:2560:9:setting_screen_task	40	static
../Core/Src/screens.c:2818:9:special_char_screen	144	static
../Core/Src/screens.c:2880:9:error_screen	56	static
../Core/Src/screens.c:3036:9:daily_volume_screen	56	static
../Core/Src/screens.c:3150:9:cal_rec_screen	56	static
../Core/Src/screens.c:3258:13:draw_arrow_button_touch	32	static
../Core/Src/screens.c:3281:9:set_time_task	208	static
../Core/Src/screens.c:3602:9:show_empty_battery_warning	48	static
../Core/Src/screens.c:3823:13:initialize_error_warning_cache	48	static
../Core/Src/screens.c:3891:13:update_error_warning_cache	24	static
../Core/Src/screens.c:3922:6:draw_cached_error_warning_icon	40	static
../Core/Src/screens.c:3991:6:draw_warning_icon	104	static
../Core/Src/screens.c:4119:6:show_error_message	56	static
../Core/Src/screens.c:4514:6:show_error_message_without_alarm	48	static
../Core/Src/screens.c:4666:13:update_error_bell_cache	24	static
../Core/Src/screens.c:4697:13:initialize_error_bell_cache	48	static
../Core/Src/screens.c:4778:6:show_error_number	40	static
../Core/Src/screens.c:4818:9:show_message_yes_no	48	static
../Core/Src/screens.c:4916:6:show_plug_ac_message	56	static
../Core/Src/screens.c:4953:6:begin_screen	24	static
../Core/Src/screens.c:4963:6:end_screen	8	static
../Core/Src/screens.c:4972:6:draw_arrow_button	32	static
../Core/Src/screens.c:4988:10:get_battery_offset	16	static
../Core/Src/screens.c:4998:6:draw_battery_simple	40	static
../Core/Src/screens.c:5019:6:draw_plus_icon	24	static
../Core/Src/screens.c:5029:6:draw_minus_icon	24	static
../Core/Src/screens.c:5039:6:draw_icon	24	static
../Core/Src/screens.c:5049:6:draw_alarm1	24	static
../Core/Src/screens.c:5059:6:draw_alarm3	24	static
../Core/Src/screens.c:5069:6:draw_bell	24	static
../Core/Src/screens.c:5079:6:draw_mute	24	static
../Core/Src/screens.c:5088:6:draw_right_arrow_22x34	16	static
../Core/Src/screens.c:5100:6:draw_right_arrow_16x23	16	static
../Core/Src/screens.c:5115:6:draw_unlock_icon	24	static
../Core/Src/screens.c:5124:6:draw_arrow_button_ex	32	static
../Core/Src/screens.c:5141:6:draw_text_button	40	static
../Core/Src/screens.c:5148:6:extend_touch_area	24	static
../Core/Src/screens.c:5157:6:draw_text	48	static
../Core/Src/screens.c:5163:6:draw_number	32	static
../Core/Src/screens.c:5171:6:eve_initialize	8	static
