../Core/Src/screen_helper.c:374:10:simple_batt_filter	24	static
../Core/Src/screen_helper.c:536:19:manage_voltage_locking	24	static
../Core/Src/screen_helper.c:638:15:handle_charging	40	static
../Core/Src/screen_helper.c:785:15:handle_discharging	32	static
../Core/Src/screen_helper.c:843:15:update_battery_state	64	static
../Core/Src/screen_helper.c:913:13:draw_battery_icon	48	static
../Core/Src/screen_helper.c:1034:13:update_warning_cache	16	static
../Core/Src/screen_helper.c:1058:13:initialize_warning_cache	64	static
../Core/Src/screen_helper.c:1124:13:draw_cached_warning_icon	32	static
../Core/Src/screen_helper.c:1175:13:draw_speaker_icon	24	static
../Core/Src/screen_helper.c:1247:13:initialize_bell_cache	40	static
../Core/Src/screen_helper.c:1347:13:update_bell_cache	24	static
../Core/Src/screen_helper.c:1385:13:draw_cached_mute_bell	48	static
../Core/Src/screen_helper.c:1501:6:draw_batt_symbol	48	static
../Core/Src/screen_helper.c:1570:13:update_led_with_config	80	static
../Core/Src/screen_helper.c:1641:6:reset_battery_display	8	static
../Core/Src/screen_helper.c:1659:6:draw_flow_indicator	16	static
../Core/Src/screen_helper.c:1707:6:draw_flow_new_indicator	16	static
../Core/Src/screen_helper.c:1743:6:draw_arrow_with_color	24	static
../Core/Src/screen_helper.c:1773:10:screen_touched	16	static
../Core/Src/screen_helper.c:1793:6:set_fgcolor_for	16	static
../Core/Src/screen_helper.c:1808:6:toggle_dsp_brightness	24	static
