Archive member included to satisfy reference by file (symbol)

C:/ST/STM32CubeIDE_1.16.1/STM32CubeIDE/plugins/com.st.stm32cube.ide.mcu.externaltools.gnu-tools-for-stm32.12.3.rel1.win32_1.0.200.202406191623/tools/bin/../lib/gcc/arm-none-eabi/12.3.1/../../../../arm-none-eabi/lib/thumb/v6-m/nofp\libc_nano.a(libc_a-exit.o)
                              C:/ST/STM32CubeIDE_1.16.1/STM32CubeIDE/plugins/com.st.stm32cube.ide.mcu.externaltools.gnu-tools-for-stm32.12.3.rel1.win32_1.0.200.202406191623/tools/bin/../lib/gcc/arm-none-eabi/12.3.1/../../../../arm-none-eabi/lib/thumb/v6-m/nofp/crt0.o (exit)
C:/ST/STM32CubeIDE_1.16.1/STM32CubeIDE/plugins/com.st.stm32cube.ide.mcu.externaltools.gnu-tools-for-stm32.12.3.rel1.win32_1.0.200.202406191623/tools/bin/../lib/gcc/arm-none-eabi/12.3.1/../../../../arm-none-eabi/lib/thumb/v6-m/nofp\libc_nano.a(libc_a-findfp.o)
                              C:/ST/STM32CubeIDE_1.16.1/STM32CubeIDE/plugins/com.st.stm32cube.ide.mcu.externaltools.gnu-tools-for-stm32.12.3.rel1.win32_1.0.200.202406191623/tools/bin/../lib/gcc/arm-none-eabi/12.3.1/../../../../arm-none-eabi/lib/thumb/v6-m/nofp\libc_nano.a(libc_a-exit.o) (__stdio_exit_handler)
C:/ST/STM32CubeIDE_1.16.1/STM32CubeIDE/plugins/com.st.stm32cube.ide.mcu.externaltools.gnu-tools-for-stm32.12.3.rel1.win32_1.0.200.202406191623/tools/bin/../lib/gcc/arm-none-eabi/12.3.1/../../../../arm-none-eabi/lib/thumb/v6-m/nofp\libc_nano.a(libc_a-fwalk.o)
                              C:/ST/STM32CubeIDE_1.16.1/STM32CubeIDE/plugins/com.st.stm32cube.ide.mcu.externaltools.gnu-tools-for-stm32.12.3.rel1.win32_1.0.200.202406191623/tools/bin/../lib/gcc/arm-none-eabi/12.3.1/../../../../arm-none-eabi/lib/thumb/v6-m/nofp\libc_nano.a(libc_a-findfp.o) (_fwalk_sglue)
C:/ST/STM32CubeIDE_1.16.1/STM32CubeIDE/plugins/com.st.stm32cube.ide.mcu.externaltools.gnu-tools-for-stm32.12.3.rel1.win32_1.0.200.202406191623/tools/bin/../lib/gcc/arm-none-eabi/12.3.1/../../../../arm-none-eabi/lib/thumb/v6-m/nofp\libc_nano.a(libc_a-stdio.o)
                              C:/ST/STM32CubeIDE_1.16.1/STM32CubeIDE/plugins/com.st.stm32cube.ide.mcu.externaltools.gnu-tools-for-stm32.12.3.rel1.win32_1.0.200.202406191623/tools/bin/../lib/gcc/arm-none-eabi/12.3.1/../../../../arm-none-eabi/lib/thumb/v6-m/nofp\libc_nano.a(libc_a-findfp.o) (__sread)
C:/ST/STM32CubeIDE_1.16.1/STM32CubeIDE/plugins/com.st.stm32cube.ide.mcu.externaltools.gnu-tools-for-stm32.12.3.rel1.win32_1.0.200.202406191623/tools/bin/../lib/gcc/arm-none-eabi/12.3.1/../../../../arm-none-eabi/lib/thumb/v6-m/nofp\libc_nano.a(libc_a-memset.o)
                              C:/ST/STM32CubeIDE_1.16.1/STM32CubeIDE/plugins/com.st.stm32cube.ide.mcu.externaltools.gnu-tools-for-stm32.12.3.rel1.win32_1.0.200.202406191623/tools/bin/../lib/gcc/arm-none-eabi/12.3.1/../../../../arm-none-eabi/lib/thumb/v6-m/nofp/crt0.o (memset)
C:/ST/STM32CubeIDE_1.16.1/STM32CubeIDE/plugins/com.st.stm32cube.ide.mcu.externaltools.gnu-tools-for-stm32.12.3.rel1.win32_1.0.200.202406191623/tools/bin/../lib/gcc/arm-none-eabi/12.3.1/../../../../arm-none-eabi/lib/thumb/v6-m/nofp\libc_nano.a(libc_a-strchr.o)
                              ./Core/Src/EVE_API.o (strchr)
C:/ST/STM32CubeIDE_1.16.1/STM32CubeIDE/plugins/com.st.stm32cube.ide.mcu.externaltools.gnu-tools-for-stm32.12.3.rel1.win32_1.0.200.202406191623/tools/bin/../lib/gcc/arm-none-eabi/12.3.1/../../../../arm-none-eabi/lib/thumb/v6-m/nofp\libc_nano.a(libc_a-closer.o)
                              C:/ST/STM32CubeIDE_1.16.1/STM32CubeIDE/plugins/com.st.stm32cube.ide.mcu.externaltools.gnu-tools-for-stm32.12.3.rel1.win32_1.0.200.202406191623/tools/bin/../lib/gcc/arm-none-eabi/12.3.1/../../../../arm-none-eabi/lib/thumb/v6-m/nofp\libc_nano.a(libc_a-stdio.o) (_close_r)
C:/ST/STM32CubeIDE_1.16.1/STM32CubeIDE/plugins/com.st.stm32cube.ide.mcu.externaltools.gnu-tools-for-stm32.12.3.rel1.win32_1.0.200.202406191623/tools/bin/../lib/gcc/arm-none-eabi/12.3.1/../../../../arm-none-eabi/lib/thumb/v6-m/nofp\libc_nano.a(libc_a-reent.o)
                              C:/ST/STM32CubeIDE_1.16.1/STM32CubeIDE/plugins/com.st.stm32cube.ide.mcu.externaltools.gnu-tools-for-stm32.12.3.rel1.win32_1.0.200.202406191623/tools/bin/../lib/gcc/arm-none-eabi/12.3.1/../../../../arm-none-eabi/lib/thumb/v6-m/nofp\libc_nano.a(libc_a-closer.o) (errno)
C:/ST/STM32CubeIDE_1.16.1/STM32CubeIDE/plugins/com.st.stm32cube.ide.mcu.externaltools.gnu-tools-for-stm32.12.3.rel1.win32_1.0.200.202406191623/tools/bin/../lib/gcc/arm-none-eabi/12.3.1/../../../../arm-none-eabi/lib/thumb/v6-m/nofp\libc_nano.a(libc_a-impure.o)
                              C:/ST/STM32CubeIDE_1.16.1/STM32CubeIDE/plugins/com.st.stm32cube.ide.mcu.externaltools.gnu-tools-for-stm32.12.3.rel1.win32_1.0.200.202406191623/tools/bin/../lib/gcc/arm-none-eabi/12.3.1/../../../../arm-none-eabi/lib/thumb/v6-m/nofp\libc_nano.a(libc_a-reent.o) (_impure_ptr)
[...]
Memory Configuration

Name             Origin             Length             Attributes
RAM              0x20000000         0x00005000         xrw
FLASH            0x08000000         0x00030000         xr
*default*        0x00000000         0xffffffff

Linker script and memory map

LOAD C:/ST/STM32CubeIDE_1.16.1/STM32CubeIDE/plugins/com.st.stm32cube.ide.mcu.externaltools.gnu-tools-for-stm32.12.3.rel1.win32_1.0.200.202406191623/tools/bin/../lib/gcc/arm-none-eabi/12.3.1/thumb/v6-m/nofp/crti.o
LOAD C:/ST/STM32CubeIDE_1.16.1/STM32CubeIDE/plugins/com.st.stm32cube.ide.mcu.externaltools.gnu-tools-for-stm32.12.3.rel1.win32_1.0.200.202406191623/tools/bin/../lib/gcc/arm-none-eabi/12.3.1/thumb/v6-m/nofp/crtbegin.o
LOAD C:/ST/STM32CubeIDE_1.16.1/STM32CubeIDE/plugins/com.st.stm32cube.ide.mcu.externaltools.gnu-tools-for-stm32.12.3.rel1.win32_1.0.200.202406191623/tools/bin/../lib/gcc/arm-none-eabi/12.3.1/../../../../arm-none-eabi/lib/thumb/v6-m/nofp/crt0.o
LOAD ./Core/Src/EVE_API.o
LOAD ./Core/Src/EVE_HAL.o
LOAD ./Core/Src/EVE_MCU_STM32.o
LOAD ./Core/Src/MCU_init.o
LOAD ./Core/Src/STM_HAL.o
LOAD ./Core/Src/eve_calibrate.o
LOAD ./Core/Src/functions.o
LOAD ./Core/Src/io_calls.o
LOAD ./Core/Src/main.o
LOAD ./Core/Src/main_tasks.o
LOAD ./Core/Src/screen_helper.o
LOAD ./Core/Src/screens.o
LOAD ./Core/Src/stm32l0xx_hal_msp.o
LOAD ./Core/Src/stm32l0xx_it.o
LOAD ./Core/Src/syscalls.o
LOAD ./Core/Src/sysmem.o
LOAD ./Core/Src/system_stm32l0xx.o
LOAD ./Core/Src/testfuntions.o
LOAD ./Core/Startup/startup_stm32l073rztx.o
LOAD ./Drivers/STM32L0xx_HAL_Driver/stm32l0xx_hal.o
LOAD ./Drivers/STM32L0xx_HAL_Driver/stm32l0xx_hal_adc.o
LOAD ./Drivers/STM32L0xx_HAL_Driver/stm32l0xx_hal_adc_ex.o
LOAD ./Drivers/STM32L0xx_HAL_Driver/stm32l0xx_hal_cortex.o
LOAD ./Drivers/STM32L0xx_HAL_Driver/stm32l0xx_hal_dac.o
LOAD ./Drivers/STM32L0xx_HAL_Driver/stm32l0xx_hal_dac_ex.o
LOAD ./Drivers/STM32L0xx_HAL_Driver/stm32l0xx_hal_dma.o
LOAD ./Drivers/STM32L0xx_HAL_Driver/stm32l0xx_hal_exti.o
LOAD ./Drivers/STM32L0xx_HAL_Driver/stm32l0xx_hal_flash.o
LOAD ./Drivers/STM32L0xx_HAL_Driver/stm32l0xx_hal_flash_ex.o
LOAD ./Drivers/STM32L0xx_HAL_Driver/stm32l0xx_hal_flash_ramfunc.o
LOAD ./Drivers/STM32L0xx_HAL_Driver/stm32l0xx_hal_gpio.o
LOAD ./Drivers/STM32L0xx_HAL_Driver/stm32l0xx_hal_i2c.o
LOAD ./Drivers/STM32L0xx_HAL_Driver/stm32l0xx_hal_i2c_ex.o
LOAD ./Drivers/STM32L0xx_HAL_Driver/stm32l0xx_hal_pwr.o
LOAD ./Drivers/STM32L0xx_HAL_Driver/stm32l0xx_hal_pwr_ex.o
LOAD ./Drivers/STM32L0xx_HAL_Driver/stm32l0xx_hal_rcc.o
LOAD ./Drivers/STM32L0xx_HAL_Driver/stm32l0xx_hal_rcc_ex.o
LOAD ./Drivers/STM32L0xx_HAL_Driver/stm32l0xx_hal_spi.o
LOAD ./Drivers/STM32L0xx_HAL_Driver/stm32l0xx_hal_tim.o
LOAD ./Drivers/STM32L0xx_HAL_Driver/stm32l0xx_hal_tim_ex.o
LOAD ./Drivers/STM32L0xx_HAL_Driver/stm32l0xx_hal_uart.o
LOAD ./Drivers/STM32L0xx_HAL_Driver/stm32l0xx_hal_uart_ex.o
START GROUP
LOAD C:/ST/STM32CubeIDE_1.16.1/STM32CubeIDE/plugins/com.st.stm32cube.ide.mcu.externaltools.gnu-tools-for-stm32.12.3.rel1.win32_1.0.200.202406191623/tools/bin/../lib/gcc/arm-none-eabi/12.3.1/../../../../arm-none-eabi/lib/thumb/v6-m/nofp\libc_nano.a
LOAD C:/ST/STM32CubeIDE_1.16.1/STM32CubeIDE/plugins/com.st.stm32cube.ide.mcu.externaltools.gnu-tools-for-stm32.12.3.rel1.win32_1.0.200.202406191623/tools/bin/../lib/gcc/arm-none-eabi/12.3.1/../../../../arm-none-eabi/lib/thumb/v6-m/nofp\libm.a
END GROUP
START GROUP
LOAD C:/ST/STM32CubeIDE_1.16.1/STM32CubeIDE/plugins/com.st.stm32cube.ide.mcu.externaltools.gnu-tools-for-stm32.12.3.rel1.win32_1.0.200.202406191623/tools/bin/../lib/gcc/arm-none-eabi/12.3.1/thumb/v6-m/nofp\libgcc.a
LOAD C:/ST/STM32CubeIDE_1.16.1/STM32CubeIDE/plugins/com.st.stm32cube.ide.mcu.externaltools.gnu-tools-for-stm32.12.3.rel1.win32_1.0.200.202406191623/tools/bin/../lib/gcc/arm-none-eabi/12.3.1/../../../../arm-none-eabi/lib/thumb/v6-m/nofp\libc_nano.a
END GROUP
START GROUP
LOAD C:/ST/STM32CubeIDE_1.16.1/STM32CubeIDE/plugins/com.st.stm32cube.ide.mcu.externaltools.gnu-tools-for-stm32.12.3.rel1.win32_1.0.200.202406191623/tools/bin/../lib/gcc/arm-none-eabi/12.3.1/thumb/v6-m/nofp\libgcc.a
LOAD C:/ST/STM32CubeIDE_1.16.1/STM32CubeIDE/plugins/com.st.stm32cube.ide.mcu.externaltools.gnu-tools-for-stm32.12.3.rel1.win32_1.0.200.202406191623/tools/bin/../lib/gcc/arm-none-eabi/12.3.1/../../../../arm-none-eabi/lib/thumb/v6-m/nofp\libc_nano.a
LOAD C:/ST/STM32CubeIDE_1.16.1/STM32CubeIDE/plugins/com.st.stm32cube.ide.mcu.externaltools.gnu-tools-for-stm32.12.3.rel1.win32_1.0.200.202406191623/tools/bin/../lib/gcc/arm-none-eabi/12.3.1/../../../../arm-none-eabi/lib/thumb/v6-m/nofp\libnosys.a
END GROUP
START GROUP
LOAD C:/ST/STM32CubeIDE_1.16.1/STM32CubeIDE/plugins/com.st.stm32cube.ide.mcu.externaltools.gnu-tools-for-stm32.12.3.rel1.win32_1.0.200.202406191623/tools/bin/../lib/gcc/arm-none-eabi/12.3.1/thumb/v6-m/nofp\libgcc.a
LOAD C:/ST/STM32CubeIDE_1.16.1/STM32CubeIDE/plugins/com.st.stm32cube.ide.mcu.externaltools.gnu-tools-for-stm32.12.3.rel1.win32_1.0.200.202406191623/tools/bin/../lib/gcc/arm-none-eabi/12.3.1/../../../../arm-none-eabi/lib/thumb/v6-m/nofp\libc_nano.a
LOAD C:/ST/STM32CubeIDE_1.16.1/STM32CubeIDE/plugins/com.st.stm32cube.ide.mcu.externaltools.gnu-tools-for-stm32.12.3.rel1.win32_1.0.200.202406191623/tools/bin/../lib/gcc/arm-none-eabi/12.3.1/../../../../arm-none-eabi/lib/thumb/v6-m/nofp\libnosys.a
END GROUP
LOAD C:/ST/STM32CubeIDE_1.16.1/STM32CubeIDE/plugins/com.st.stm32cube.ide.mcu.externaltools.gnu-tools-for-stm32.12.3.rel1.win32_1.0.200.202406191623/tools/bin/../lib/gcc/arm-none-eabi/12.3.1/thumb/v6-m/nofp/crtend.o
LOAD C:/ST/STM32CubeIDE_1.16.1/STM32CubeIDE/plugins/com.st.stm32cube.ide.mcu.externaltools.gnu-tools-for-stm32.12.3.rel1.win32_1.0.200.202406191623/tools/bin/../lib/gcc/arm-none-eabi/12.3.1/thumb/v6-m/nofp/crtn.o
                0x20005000                        _estack = (ORIGIN (RAM) + LENGTH (RAM))
                0x00000200                        _Min_Heap_Size = 0x200
                0x00000400                        _Min_Stack_Size = 0x400

.isr_vector     0x08000000       0xc0
                0x08000000                        . = ALIGN (0x4)
 *(.isr_vector)
 .isr_vector    0x08000000       0xc0 ./Core/Startup/startup_stm32l073rztx.o
                0x08000000                g_pfnVectors
                0x080000c0                        . = ALIGN (0x4)

.text           0x080000c0     0xa900
                0x080000c0                        . = ALIGN (0x4)
 *(.text)
 .text          0x080000c0       0x48 C:/ST/STM32CubeIDE_1.16.1/STM32CubeIDE/plugins/com.st.stm32cube.ide.mcu.externaltools.gnu-tools-for-stm32.12.3.rel1.win32_1.0.200.202406191623/tools/bin/../lib/gcc/arm-none-eabi/12.3.1/thumb/v6-m/nofp/crtbegin.o
 .text          0x08000108        0xe C:/ST/STM32CubeIDE_1.16.1/STM32CubeIDE/plugins/com.st.stm32cube.ide.mcu.externaltools.gnu-tools-for-stm32.12.3.rel1.win32_1.0.200.202406191623/tools/bin/../lib/gcc/arm-none-eabi/12.3.1/../../../../arm-none-eabi/lib/thumb/v6-m/nofp\libc_nano.a(libc_a-strlen.o)
                0x08000108                strlen
 *fill*         0x08000116        0x2 
 .text          0x08000118       0x14 C:/ST/STM32CubeIDE_1.16.1/STM32CubeIDE/plugins/com.st.stm32cube.ide.mcu.externaltools.gnu-tools-for-stm32.12.3.rel1.win32_1.0.200.202406191623/tools/bin/../lib/gcc/arm-none-eabi/12.3.1/thumb/v6-m/nofp\libgcc.a(_thumb1_case_uqi.o)
                0x08000118                __gnu_thumb1_case_uqi
 .text          0x0800012c       0x14 C:/ST/STM32CubeIDE_1.16.1/STM32CubeIDE/plugins/com.st.stm32cube.ide.mcu.externaltools.gnu-tools-for-stm32.12.3.rel1.win32_1.0.200.202406191623/tools/bin/../lib/gcc/arm-none-eabi/12.3.1/thumb/v6-m/nofp\libgcc.a(_thumb1_case_shi.o)
                0x0800012c                __gnu_thumb1_case_shi
 .text          0x08000140      0x114 C:/ST/STM32CubeIDE_1.16.1/STM32CubeIDE/plugins/com.st.stm32cube.ide.mcu.externaltools.gnu-tools-for-stm32.12.3.rel1.win32_1.0.200.202406191623/tools/bin/../lib/gcc/arm-none-eabi/12.3.1/thumb/v6-m/nofp\libgcc.a(_udivsi3.o)
                0x08000140                __aeabi_uidiv
                0x08000140                __udivsi3
                0x0800024c                __aeabi_uidivmod
 .text          0x08000254      0x1d4 C:/ST/STM32CubeIDE_1.16.1/STM32CubeIDE/plugins/com.st.stm32cube.ide.mcu.externaltools.gnu-tools-for-stm32.12.3.rel1.win32_1.0.200.202406191623/tools/bin/../lib/gcc/arm-none-eabi/12.3.1/thumb/v6-m/nofp\libgcc.a(_divsi3.o)
                0x08000254                __divsi3
                0x08000254                __aeabi_idiv
                0x08000420                __aeabi_idivmod
 .text          0x08000428        0x4 C:/ST/STM32CubeIDE_1.16.1/STM32CubeIDE/plugins/com.st.stm32cube.ide.mcu.externaltools.gnu-tools-for-stm32.12.3.rel1.win32_1.0.200.202406191623/tools/bin/../lib/gcc/arm-none-eabi/12.3.1/thumb/v6-m/nofp\libgcc.a(_dvmd_tls.o)
                0x08000428                __aeabi_idiv0
                0x08000428                __aeabi_ldiv0
 .text          0x0800042c       0x40 C:/ST/STM32CubeIDE_1.16.1/STM32CubeIDE/plugins/com.st.stm32cube.ide.mcu.externaltools.gnu-tools-for-stm32.12.3.rel1.win32_1.0.200.202406191623/tools/bin/../lib/gcc/arm-none-eabi/12.3.1/thumb/v6-m/nofp\libgcc.a(_aeabi_uldivmod.o)
                0x0800042c                __aeabi_uldivmod
 .text          0x0800046c      0x198 C:/ST/STM32CubeIDE_1.16.1/STM32CubeIDE/plugins/com.st.stm32cube.ide.mcu.externaltools.gnu-tools-for-stm32.12.3.rel1.win32_1.0.200.202406191623/tools/bin/../lib/gcc/arm-none-eabi/12.3.1/thumb/v6-m/nofp\libgcc.a(_udivmoddi4.o)
                0x0800046c                __udivmoddi4
 .text          0x08000604       0x18 C:/ST/STM32CubeIDE_1.16.1/STM32CubeIDE/plugins/com.st.stm32cube.ide.mcu.externaltools.gnu-tools-for-stm32.12.3.rel1.win32_1.0.200.202406191623/tools/bin/../lib/gcc/arm-none-eabi/12.3.1/thumb/v6-m/nofp\libgcc.a(_clzdi2.o)
                0x08000604                __clzdi2
 .text          0x0800061c       0x3c C:/ST/STM32CubeIDE_1.16.1/STM32CubeIDE/plugins/com.st.stm32cube.ide.mcu.externaltools.gnu-tools-for-stm32.12.3.rel1.win32_1.0.200.202406191623/tools/bin/../lib/gcc/arm-none-eabi/12.3.1/thumb/v6-m/nofp\libgcc.a(_clzsi2.o)
                0x0800061c                __clzsi2
 *(.text*)
 .text.EVE_LIB_BeginCoProList
                0x08000658       0x1c ./Core/Src/EVE_API.o
                0x08000658                EVE_LIB_BeginCoProList
 .text.EVE_LIB_EndCoProList
                0x08000674        0xe ./Core/Src/EVE_API.o
                0x08000674                EVE_LIB_EndCoProList
 .text.EVE_LIB_AwaitCoProEmpty
                0x08000682        0x8 ./Core/Src/EVE_API.o
                0x08000682                EVE_LIB_AwaitCoProEmpty
 .text.EVE_LIB_WriteDataToRAMG
                0x0800068a       0x30 ./Core/Src/EVE_API.o
                0x0800068a                EVE_LIB_WriteDataToRAMG
 .text.EVE_LIB_SendString
                0x080006ba       0x26 ./Core/Src/EVE_API.o
                0x080006ba                EVE_LIB_SendString
 .text.EVE_CLEAR_COLOR_RGB
                0x080006e0       0x1c ./Core/Src/EVE_API.o
                0x080006e0                EVE_CLEAR_COLOR_RGB
 .text.EVE_CLEAR
                0x080006fc       0x28 ./Core/Src/EVE_API.o
                0x080006fc                EVE_CLEAR
 .text.EVE_COLOR_RGB
                0x08000724       0x1c ./Core/Src/EVE_API.o
                0x08000724                EVE_COLOR_RGB
 .text.EVE_VERTEX2F
                0x08000740       0x24 ./Core/Src/EVE_API.o
                0x08000740                EVE_VERTEX2F
 .text.EVE_VERTEX2II
                0x08000764       0x3c ./Core/Src/EVE_API.o
                0x08000764                EVE_VERTEX2II
 .text.EVE_BITMAP_HANDLE
                0x080007a0       0x18 ./Core/Src/EVE_API.o
                0x080007a0                EVE_BITMAP_HANDLE
 .text.EVE_BITMAP_SOURCE
                0x080007b8       0x18 ./Core/Src/EVE_API.o
                0x080007b8                EVE_BITMAP_SOURCE
 .text.EVE_BITMAP_LAYOUT
                0x080007d0       0x30 ./Core/Src/EVE_API.o
                0x080007d0                EVE_BITMAP_LAYOUT
 .text.EVE_BITMAP_SIZE
                0x08000800       0x48 ./Core/Src/EVE_API.o
                0x08000800                EVE_BITMAP_SIZE
 .text.EVE_TAG  0x08000848       0x14 ./Core/Src/EVE_API.o
                0x08000848                EVE_TAG
 .text.EVE_POINT_SIZE
                0x0800085c       0x18 ./Core/Src/EVE_API.o
                0x0800085c                EVE_POINT_SIZE
 .text.EVE_TAG_MASK
                0x08000874       0x18 ./Core/Src/EVE_API.o
                0x08000874                EVE_TAG_MASK
 .text.EVE_BEGIN
                0x0800088c       0x18 ./Core/Src/EVE_API.o
                0x0800088c                EVE_BEGIN
 .text.EVE_COLOR_MASK
                0x080008a4       0x30 ./Core/Src/EVE_API.o
                0x080008a4                EVE_COLOR_MASK
 .text.EVE_DISPLAY
                0x080008d4       0x10 ./Core/Src/EVE_API.o
                0x080008d4                EVE_DISPLAY
 .text.EVE_CMD_NUMBER
                0x080008e4       0x34 ./Core/Src/EVE_API.o
                0x080008e4                EVE_CMD_NUMBER
 .text.EVE_CMD_SWAP
                0x08000918       0x12 ./Core/Src/EVE_API.o
                0x08000918                EVE_CMD_SWAP
 .text.EVE_CMD_FGCOLOR
                0x0800092a       0x1a ./Core/Src/EVE_API.o
                0x0800092a                EVE_CMD_FGCOLOR
 .text.EVE_CMD_CALIBRATE
                0x08000944       0x1a ./Core/Src/EVE_API.o
                0x08000944                EVE_CMD_CALIBRATE
 .text.EVE_CMD_PROGRESS
                0x0800095e       0x54 ./Core/Src/EVE_API.o
                0x0800095e                EVE_CMD_PROGRESS
 *fill*         0x080009b2        0x2 
 .text.EVE_CMD_DLSTART
                0x080009b4       0x14 ./Core/Src/EVE_API.o
                0x080009b4                EVE_CMD_DLSTART
 .text.EVE_CMD_TEXT
                0x080009c8       0x42 ./Core/Src/EVE_API.o
                0x080009c8                EVE_CMD_TEXT
 *fill*         0x08000a0a        0x2 
 .text.EVE_calibrate
                0x08000a0c      0x104 ./Core/Src/EVE_API.o
                0x08000a0c                EVE_calibrate
 .text.EVE_CMD_BUTTON
                0x08000b10       0x5a ./Core/Src/EVE_API.o
                0x08000b10                EVE_CMD_BUTTON
 .text.EVE_VERTEX_FORMAT
                0x08000b6a       0x18 ./Core/Src/EVE_API.o
                0x08000b6a                EVE_VERTEX_FORMAT
 .text.EVE_CMD_SETFONT2
                0x08000b82       0x2a ./Core/Src/EVE_API.o
                0x08000b82                EVE_CMD_SETFONT2
 .text.EVE_CMD_ROMFONT
                0x08000bac       0x22 ./Core/Src/EVE_API.o
                0x08000bac                EVE_CMD_ROMFONT
 .text.EVE_CMD_SETBITMAP
                0x08000bce       0x2e ./Core/Src/EVE_API.o
                0x08000bce                EVE_CMD_SETBITMAP
 .text.EVE_Init
                0x08000bfc      0x1dc ./Core/Src/EVE_API.o
                0x08000bfc                EVE_Init
 .text.HAL_ChipSelect
                0x08000dd8       0x12 ./Core/Src/EVE_HAL.o
                0x08000dd8                HAL_ChipSelect
 .text.HAL_SetWriteAddress
                0x08000dea       0x14 ./Core/Src/EVE_HAL.o
                0x08000dea                HAL_SetWriteAddress
 .text.HAL_SetReadAddress
                0x08000dfe        0xe ./Core/Src/EVE_HAL.o
                0x08000dfe                HAL_SetReadAddress
 .text.HAL_Write32
                0x08000e0c        0xc ./Core/Src/EVE_HAL.o
                0x08000e0c                HAL_Write32
 .text.HAL_Write16
                0x08000e18        0xc ./Core/Src/EVE_HAL.o
                0x08000e18                HAL_Write16
 .text.HAL_Read32
                0x08000e24        0xc ./Core/Src/EVE_HAL.o
                0x08000e24                HAL_Read32
 .text.HAL_Read16
                0x08000e30        0xc ./Core/Src/EVE_HAL.o
                0x08000e30                HAL_Read16
 .text.HAL_MemWrite32
                0x08000e3c       0x1c ./Core/Src/EVE_HAL.o
                0x08000e3c                HAL_MemWrite32
 .text.HAL_MemWrite16
                0x08000e58       0x1c ./Core/Src/EVE_HAL.o
                0x08000e58                HAL_MemWrite16
 .text.HAL_MemWrite8
                0x08000e74       0x1c ./Core/Src/EVE_HAL.o
                0x08000e74                HAL_MemWrite8
 .text.HAL_MemRead32
                0x08000e90       0x1c ./Core/Src/EVE_HAL.o
                0x08000e90                HAL_MemRead32
 .text.HAL_MemRead16
                0x08000eac       0x1c ./Core/Src/EVE_HAL.o
                0x08000eac                HAL_MemRead16
 .text.HAL_MemRead8
                0x08000ec8       0x1c ./Core/Src/EVE_HAL.o
                0x08000ec8                HAL_MemRead8
 .text.HAL_HostCmdWrite
                0x08000ee4       0x22 ./Core/Src/EVE_HAL.o
                0x08000ee4                HAL_HostCmdWrite
 *fill*         0x08000f06        0x2 
 .text.HAL_EVE_Init
                0x08000f08       0x64 ./Core/Src/EVE_HAL.o
                0x08000f08                HAL_EVE_Init
 .text.HAL_IncCmdPointer
                0x08000f6c       0x14 ./Core/Src/EVE_HAL.o
                0x08000f6c                HAL_IncCmdPointer
 .text.HAL_GetCmdPointer
                0x08000f80        0xc ./Core/Src/EVE_HAL.o
                0x08000f80                HAL_GetCmdPointer
 .text.HAL_WriteCmdPointer
                0x08000f8c       0x18 ./Core/Src/EVE_HAL.o
                0x08000f8c                HAL_WriteCmdPointer
 .text.HAL_WaitCmdFifoEmpty
                0x08000fa4       0x34 ./Core/Src/EVE_HAL.o
                0x08000fa4                HAL_WaitCmdFifoEmpty
 .text.MCU_CSlow
                0x08000fd8       0x14 ./Core/Src/EVE_MCU_STM32.o
                0x08000fd8                MCU_CSlow
 .text.MCU_CShigh
                0x08000fec       0x14 ./Core/Src/EVE_MCU_STM32.o
                0x08000fec                MCU_CShigh
 .text.MCU_PDlow
                0x08001000       0x14 ./Core/Src/EVE_MCU_STM32.o
                0x08001000                MCU_PDlow
 .text.MCU_PDhigh
                0x08001014       0x14 ./Core/Src/EVE_MCU_STM32.o
                0x08001014                MCU_PDhigh
 .text.MCU_SPIReadWrite8
                0x08001028       0x24 ./Core/Src/EVE_MCU_STM32.o
                0x08001028                MCU_SPIReadWrite8
 .text.MCU_SPIReadWrite16
                0x0800104c       0x1a ./Core/Src/EVE_MCU_STM32.o
                0x0800104c                MCU_SPIReadWrite16
 .text.MCU_SPIReadWrite24
                0x08001066       0x28 ./Core/Src/EVE_MCU_STM32.o
                0x08001066                MCU_SPIReadWrite24
 .text.MCU_SPIReadWrite32
                0x0800108e       0x32 ./Core/Src/EVE_MCU_STM32.o
                0x0800108e                MCU_SPIReadWrite32
 .text.MCU_Delay_20ms
                0x080010c0        0xa ./Core/Src/EVE_MCU_STM32.o
                0x080010c0                MCU_Delay_20ms
 .text.MCU_Delay_500ms
                0x080010ca       0x14 ./Core/Src/EVE_MCU_STM32.o
                0x080010ca                MCU_Delay_500ms
 .text.MCU_SPIRead8
                0x080010de        0xa ./Core/Src/EVE_MCU_STM32.o
                0x080010de                MCU_SPIRead8
 .text.MCU_SPIWrite8
                0x080010e8        0x8 ./Core/Src/EVE_MCU_STM32.o
                0x080010e8                MCU_SPIWrite8
 .text.MCU_SPIRead16
                0x080010f0        0xa ./Core/Src/EVE_MCU_STM32.o
                0x080010f0                MCU_SPIRead16
 .text.MCU_SPIWrite16
                0x080010fa        0x8 ./Core/Src/EVE_MCU_STM32.o
                0x080010fa                MCU_SPIWrite16
 .text.MCU_SPIWrite24
                0x08001102        0x8 ./Core/Src/EVE_MCU_STM32.o
                0x08001102                MCU_SPIWrite24
 .text.MCU_SPIRead32
                0x0800110a        0xa ./Core/Src/EVE_MCU_STM32.o
                0x0800110a                MCU_SPIRead32
 .text.MCU_SPIWrite32
                0x08001114        0x8 ./Core/Src/EVE_MCU_STM32.o
                0x08001114                MCU_SPIWrite32
 .text.MCU_htobe32
                0x0800111c        0x2 ./Core/Src/EVE_MCU_STM32.o
                0x0800111c                MCU_htobe32
 .text.MCU_htole16
                0x0800111e        0x6 ./Core/Src/EVE_MCU_STM32.o
                0x0800111e                MCU_htole16
 .text.MCU_htole32
                0x08001124        0x4 ./Core/Src/EVE_MCU_STM32.o
                0x08001124                MCU_htole32
 .text.MCU_le16toh
                0x08001128        0x6 ./Core/Src/EVE_MCU_STM32.o
                0x08001128                MCU_le16toh
 .text.MCU_le32toh
                0x0800112e        0x8 ./Core/Src/EVE_MCU_STM32.o
                0x0800112e                MCU_le32toh
 *fill*         0x08001136        0x2 
 .text.delay_us
                0x08001138       0x14 ./Core/Src/MCU_init.o
                0x08001138                delay_us
 .text.SystemClock_Config
                0x0800114c       0x9c ./Core/Src/MCU_init.o
                0x0800114c                SystemClock_Config
 .text.MCU_peripheral_init
                0x080011e8      0x410 ./Core/Src/MCU_init.o
                0x080011e8                MCU_peripheral_init
 .text.Error_Handler
                0x080015f8        0x4 ./Core/Src/MCU_init.o
                0x080015f8                Error_Handler
 .text.gen_err_handler
                0x080015fc       0x18 ./Core/Src/functions.o
                0x080015fc                gen_err_handler
 .text.increment_volumes
                0x08001614       0x68 ./Core/Src/functions.o
                0x08001614                increment_volumes
 .text.test_background_ir
                0x0800167c       0x2c ./Core/Src/functions.o
                0x0800167c                test_background_ir
 .text.variable_decr
                0x080016a8       0x3a ./Core/Src/functions.o
                0x080016a8                variable_decr
 .text.variable_incr
                0x080016e2       0x32 ./Core/Src/functions.o
                0x080016e2                variable_incr
 .text.variable_incr_rate
                0x08001714       0x3e ./Core/Src/functions.o
                0x08001714                variable_incr_rate
 .text.variable_decr_rate
                0x08001752       0x36 ./Core/Src/functions.o
                0x08001752                variable_decr_rate
 .text.variable_incr_dose
                0x08001788       0x50 ./Core/Src/functions.o
                0x08001788                variable_incr_dose
 .text.variable_decr_dose
                0x080017d8       0x54 ./Core/Src/functions.o
                0x080017d8                variable_decr_dose
 .text.reset_air_test_var
                0x0800182c        0xc ./Core/Src/functions.o
                0x0800182c                reset_air_test_var
 .text.inactivity_timeout
                0x08001838       0x24 ./Core/Src/functions.o
                0x08001838                inactivity_timeout
 .text.test_tir_cal_values
                0x0800185c       0x2c ./Core/Src/functions.o
                0x0800185c                test_tir_cal_values
 .text.check_tir_calibration
                0x08001888       0x58 ./Core/Src/functions.o
                0x08001888                check_tir_calibration
 .text.pic_i2c_read
                0x080018e0       0x3c ./Core/Src/functions.o
                0x080018e0                pic_i2c_read
 .text.start_analog_scan
                0x0800191c        0xc ./Core/Src/functions.o
                0x0800191c                start_analog_scan
 .text.stop_analog_scan
                0x08001928        0xc ./Core/Src/functions.o
                0x08001928                stop_analog_scan
 .text.occl_normalize
                0x08001934       0xa0 ./Core/Src/functions.o
                0x08001934                occl_normalize
 .text.inc_bat_time
                0x080019d4       0x20 ./Core/Src/functions.o
                0x080019d4                inc_bat_time
 .text.calc_occl_peaks
                0x080019f4       0x8a ./Core/Src/functions.o
                0x080019f4                calc_occl_peaks
 *fill*         0x08001a7e        0x2 
 .text.occl_test
                0x08001a80       0xf8 ./Core/Src/functions.o
                0x08001a80                occl_test
 .text.dec_to_bcd
                0x08001b78       0x1e ./Core/Src/functions.o
                0x08001b78                dec_to_bcd
 .text.bcd_to_dec
                0x08001b96       0x12 ./Core/Src/functions.o
                0x08001b96                bcd_to_dec
 .text.get_saved_variables
                0x08001ba8       0x18 ./Core/Src/functions.o
                0x08001ba8                get_saved_variables
 .text.detect_air
                0x08001bc0       0x70 ./Core/Src/functions.o
                0x08001bc0                detect_air
 .text.SaveNV16
                0x08001c30       0x2c ./Core/Src/io_calls.o
                0x08001c30                SaveNV16
 .text.SaveNV32
                0x08001c5c       0x2c ./Core/Src/io_calls.o
                0x08001c5c                SaveNV32
 .text.eve_calib_write
                0x08001c88       0x64 ./Core/Src/io_calls.o
                0x08001c88                eve_calib_write
 .text.save_tir_cal
                0x08001cec       0x20 ./Core/Src/io_calls.o
                0x08001cec                save_tir_cal
 .text.SaveNV_Settings
                0x08001d0c       0x5c ./Core/Src/io_calls.o
                0x08001d0c                SaveNV_Settings
 .text.SaveNV_Volume
                0x08001d68       0x68 ./Core/Src/io_calls.o
                0x08001d68                SaveNV_Volume
 .text.SaveNV_Acc_Volume
                0x08001dd0       0x4c ./Core/Src/io_calls.o
                0x08001dd0                SaveNV_Acc_Volume
 .text.check_nv_vars
                0x08001e1c      0x138 ./Core/Src/io_calls.o
                0x08001e1c                check_nv_vars
 .text.save_daily_vol_rec
                0x08001f54       0x5c ./Core/Src/io_calls.o
                0x08001f54                save_daily_vol_rec
 .text.ReadNV16
                0x08001fb0       0x28 ./Core/Src/io_calls.o
                0x08001fb0                ReadNV16
 .text.check_err_data
                0x08001fd8       0x1a ./Core/Src/io_calls.o
                0x08001fd8                check_err_data
 .text.read_tir_cal
                0x08001ff2       0x1e ./Core/Src/io_calls.o
                0x08001ff2                read_tir_cal
 .text.ReadNV32
                0x08002010       0x2c ./Core/Src/io_calls.o
                0x08002010                ReadNV32
 .text.read_nv_setting_vars
                0x0800203c       0x58 ./Core/Src/io_calls.o
                0x0800203c                read_nv_setting_vars
 .text.read_nv_volume_vars
                0x08002094       0x64 ./Core/Src/io_calls.o
                0x08002094                read_nv_volume_vars
 .text.read_nv_acc_volume_vars
                0x080020f8       0x44 ./Core/Src/io_calls.o
                0x080020f8                read_nv_acc_volume_vars
 .text.board_io_initialize
                0x0800213c       0x54 ./Core/Src/io_calls.o
                0x0800213c                board_io_initialize
 .text.ir_heat_off
                0x08002190       0x14 ./Core/Src/io_calls.o
                0x08002190                ir_heat_off
 .text.ir_heat_on
                0x080021a4       0x14 ./Core/Src/io_calls.o
                0x080021a4                ir_heat_on
 .text.get_cal_rec
                0x080021b8       0x44 ./Core/Src/io_calls.o
                0x080021b8                get_cal_rec
 .text.get_err_rec
                0x080021fc       0x48 ./Core/Src/io_calls.o
                0x080021fc                get_err_rec
 .text.get_vol_rec
                0x08002244       0x44 ./Core/Src/io_calls.o
                0x08002244                get_vol_rec
 .text.get_time
                0x08002288      0x160 ./Core/Src/io_calls.o
                0x08002288                get_time
 .text.save_cal_rec
                0x080023e8       0x70 ./Core/Src/io_calls.o
                0x080023e8                save_cal_rec
 .text.save_err_rec
                0x08002458       0x74 ./Core/Src/io_calls.o
                0x08002458                save_err_rec
 .text.eve_calib_read
                0x080024cc       0x64 ./Core/Src/io_calls.o
                0x080024cc                eve_calib_read
 .text.update_daily_food_vol
                0x08002530       0x70 ./Core/Src/io_calls.o
                0x08002530                update_daily_food_vol
 .text.update_daily_water_vol
                0x080025a0       0x70 ./Core/Src/io_calls.o
                0x080025a0                update_daily_water_vol
 .text.save_time
                0x08002610       0xbc ./Core/Src/io_calls.o
                0x08002610                save_time
 .text.key_click
                0x080026cc       0x56 ./Core/Src/io_calls.o
                0x080026cc                key_click
 .text.beep_1khz_1sec
                0x08002722       0x74 ./Core/Src/io_calls.o
                0x08002722                beep_1khz_1sec
 .text.end_startup_init
                0x08002796        0xe ./Core/Src/io_calls.o
                0x08002796                end_startup_init
 .text.beep_1khz_p5sec
                0x080027a4       0x6a ./Core/Src/io_calls.o
                0x080027a4                beep_1khz_p5sec
 *fill*         0x0800280e        0x2 
 .text.select_analog_channel
                0x08002810       0xcc ./Core/Src/io_calls.o
                0x08002810                select_analog_channel
 .text.cal_tir_sensor
                0x080028dc       0x88 ./Core/Src/io_calls.o
                0x080028dc                cal_tir_sensor
 .text.read_v_bat
                0x08002964       0x3c ./Core/Src/io_calls.o
                0x08002964                read_v_bat
 .text.read_analog_channel
                0x080029a0       0x3c ./Core/Src/io_calls.o
                0x080029a0                read_analog_channel
 .text.beep_1khz_1sec_mon
                0x080029dc       0x8e ./Core/Src/io_calls.o
                0x080029dc                beep_1khz_1sec_mon
 *fill*         0x08002a6a        0x2 
 .text.usonic_sensor_read
                0x08002a6c       0x30 ./Core/Src/io_calls.o
                0x08002a6c                usonic_sensor_read
 .text.pts_sensor_read
                0x08002a9c       0x1c ./Core/Src/io_calls.o
                0x08002a9c                pts_sensor_read
 .text.pts_sensor
                0x08002ab8       0x18 ./Core/Src/io_calls.o
                0x08002ab8                pts_sensor
 .text.distal_tube_empty
                0x08002ad0       0x18 ./Core/Src/io_calls.o
                0x08002ad0                distal_tube_empty
 .text.distal_tube_detected
                0x08002ae8       0x1c ./Core/Src/io_calls.o
                0x08002ae8                distal_tube_detected
 .text.save_nv  0x08002b04       0x10 ./Core/Src/io_calls.o
                0x08002b04                save_nv
 .text.ac_connected
                0x08002b14       0x10 ./Core/Src/io_calls.o
                0x08002b14                ac_connected
 .text.read_battery_voltage
                0x08002b24        0xe ./Core/Src/io_calls.o
                0x08002b24                read_battery_voltage
 *fill*         0x08002b32        0x2 
 .text.read_keypad
                0x08002b34       0x54 ./Core/Src/io_calls.o
                0x08002b34                read_keypad
 .text.read_all_keys
                0x08002b88       0x2c ./Core/Src/io_calls.o
                0x08002b88                read_all_keys
 .text.magnet   0x08002bb4       0x18 ./Core/Src/io_calls.o
                0x08002bb4                magnet
 .text.pinch_ccw
                0x08002bcc      0x100 ./Core/Src/io_calls.o
                0x08002bcc                pinch_ccw
 .text.pinch_cw
                0x08002ccc      0x10c ./Core/Src/io_calls.o
                0x08002ccc                pinch_cw
 .text.pinch_n_steps
                0x08002dd8       0x5c ./Core/Src/io_calls.o
                0x08002dd8                pinch_n_steps
 .text.move_pincher_all_cw
                0x08002e34       0x2e ./Core/Src/io_calls.o
                0x08002e34                move_pincher_all_cw
 .text.move_pincher_all_ccw
                0x08002e62       0x30 ./Core/Src/io_calls.o
                0x08002e62                move_pincher_all_ccw
 .text.move_pincher_from_all_cw_to_magnet
                0x08002e92       0x36 ./Core/Src/io_calls.o
                0x08002e92                move_pincher_from_all_cw_to_magnet
 .text.move_pincher_from_all_ccw_to_magnet
                0x08002ec8       0x3a ./Core/Src/io_calls.o
                0x08002ec8                move_pincher_from_all_ccw_to_magnet
 *fill*         0x08002f02        0x2 
 .text.detect_tpa
                0x08002f04       0x40 ./Core/Src/io_calls.o
                0x08002f04                detect_tpa
 .text.test_if_set_installed
                0x08002f44       0x7c ./Core/Src/io_calls.o
                0x08002f44                test_if_set_installed
 .text.move_pincher_to_center
                0x08002fc0       0x54 ./Core/Src/io_calls.o
                0x08002fc0                move_pincher_to_center
 .text.service_mode_req
                0x08003014       0x18 ./Core/Src/io_calls.o
                0x08003014                service_mode_req
 .text.start_pump_w_old_rate
                0x0800302c       0x10 ./Core/Src/io_calls.o
                0x0800302c                start_pump_w_old_rate
 .text.start_pump
                0x0800303c       0x20 ./Core/Src/io_calls.o
                0x0800303c                start_pump
 .text.stop_pump_motor
                0x0800305c       0x10 ./Core/Src/io_calls.o
                0x0800305c                stop_pump_motor
 .text.pump_motor_off
                0x0800306c       0x40 ./Core/Src/io_calls.o
                0x0800306c                pump_motor_off
 .text.autoprimedual
                0x080030ac      0x118 ./Core/Src/io_calls.o
                0x080030ac                autoprimedual
 .text.autoprimesingle
                0x080031c4       0xd4 ./Core/Src/io_calls.o
                0x080031c4                autoprimesingle
 .text.power_off_pump
                0x08003298       0x20 ./Core/Src/io_calls.o
                0x08003298                power_off_pump
 .text.initial_power_test
                0x080032b8       0x50 ./Core/Src/io_calls.o
                0x080032b8                initial_power_test
 .text.check_pts_wake_up
                0x08003308       0xf0 ./Core/Src/io_calls.o
                0x08003308                check_pts_wake_up
 .text.service_mode_only
                0x080033f8       0x2e ./Core/Src/io_calls.o
                0x080033f8                service_mode_only
 *fill*         0x08003426        0x2 
 .text.power_test
                0x08003428       0x70 ./Core/Src/io_calls.o
                0x08003428                power_test
 .text.distal_tube_removed
                0x08003498       0xb4 ./Core/Src/io_calls.o
                0x08003498                distal_tube_removed
 .text.manualprime
                0x0800354c       0x9c ./Core/Src/io_calls.o
                0x0800354c                manualprime
 .text.startup.main
                0x080035e8       0xe4 ./Core/Src/main.o
                0x080035e8                main
 .text.prime_mode_task
                0x080036cc       0xd4 ./Core/Src/main_tasks.o
                0x080036cc                prime_mode_task
 .text.pre_run_check_task
                0x080037a0       0x8c ./Core/Src/main_tasks.o
                0x080037a0                pre_run_check_task
 .text.test_if_set_ready_task
                0x0800382c       0xc4 ./Core/Src/main_tasks.o
                0x0800382c                test_if_set_ready_task
 .text.service_page_one_task
                0x080038f0       0xb4 ./Core/Src/main_tasks.o
                0x080038f0                service_page_one_task
 .text.service_page_two_task
                0x080039a4       0xe0 ./Core/Src/main_tasks.o
                0x080039a4                service_page_two_task
 .text.service_page_three_task
                0x08003a84       0x98 ./Core/Src/main_tasks.o
                0x08003a84                service_page_three_task
 .text.set_water_rate_task
                0x08003b1c       0x9c ./Core/Src/main_tasks.o
                0x08003b1c                set_water_rate_task
 .text.set_dose_limit_task
                0x08003bb8       0xf8 ./Core/Src/main_tasks.o
                0x08003bb8                set_dose_limit_task
 .text.clear_rates_task
                0x08003cb0       0x94 ./Core/Src/main_tasks.o
                0x08003cb0                clear_rates_task
 .text.hold_mode_task
                0x08003d44      0x19c ./Core/Src/main_tasks.o
                0x08003d44                hold_mode_task
 .text.swap_bolus_to_formula
                0x08003ee0       0x50 ./Core/Src/main_tasks.o
                0x08003ee0                swap_bolus_to_formula
 .text.swap_formula_to_bolus
                0x08003f30       0x1e ./Core/Src/main_tasks.o
                0x08003f30                swap_formula_to_bolus
 *fill*         0x08003f4e        0x2 
 .text.run_mode_task
                0x08003f50      0x264 ./Core/Src/main_tasks.o
                0x08003f50                run_mode_task
 .text.MCU_off_task
                0x080041b4       0xdc ./Core/Src/main_tasks.o
                0x080041b4                MCU_off_task
 .text.remove_set_task
                0x08004290       0xc4 ./Core/Src/main_tasks.o
                0x08004290                remove_set_task
 .text.draw_batt_symbol
                0x08004354       0xd8 ./Core/Src/screen_helper.o
                0x08004354                draw_batt_symbol
 .text.draw_flow_indicator
                0x0800442c       0xa0 ./Core/Src/screen_helper.o
                0x0800442c                draw_flow_indicator
 .text.screen_touched
                0x080044cc       0x14 ./Core/Src/screen_helper.o
                0x080044cc                screen_touched
 .text.set_fgcolor_for
                0x080044e0       0x14 ./Core/Src/screen_helper.o
                0x080044e0                set_fgcolor_for
 .text.toggle_dsp_brightness
                0x080044f4       0x1c ./Core/Src/screen_helper.o
                0x080044f4                toggle_dsp_brightness
 .text.eve_read_tag
                0x08004510       0x34 ./Core/Src/screens.o
                0x08004510                eve_read_tag
 .text.dose_complete_alarm_task
                0x08004544      0x13c ./Core/Src/screens.o
                0x08004544                dose_complete_alarm_task
 .text.run_mode_screen
                0x08004680      0x254 ./Core/Src/screens.o
                0x08004680                run_mode_screen
 .text.show_timeout_message
                0x080048d4       0xd0 ./Core/Src/screens.o
                0x080048d4                show_timeout_message
 .text.load_RAMG
                0x080049a4       0x4c ./Core/Src/screens.o
                0x080049a4                load_RAMG
 .text.hold_mode_screen
                0x080049f0      0x2fc ./Core/Src/screens.o
                0x080049f0                hold_mode_screen
 .text.service_page_one_screen
                0x08004cec      0x23c ./Core/Src/screens.o
                0x08004cec                service_page_one_screen
 .text.service_page_two_screen
                0x08004f28      0x228 ./Core/Src/screens.o
                0x08004f28                service_page_two_screen
 .text.service_page_three_screen
                0x08005150      0x274 ./Core/Src/screens.o
                0x08005150                service_page_three_screen
 .text.show_message
                0x080053c4       0xa6 ./Core/Src/screens.o
                0x080053c4                show_message
 *fill*         0x0800546a        0x2 
 .text.show_total_volume
                0x0800546c       0xe8 ./Core/Src/screens.o
                0x0800546c                show_total_volume
 .text.display_start_screen
                0x08005554      0x134 ./Core/Src/screens.o
                0x08005554                display_start_screen
 .text.show_bolus_time
                0x08005688      0x110 ./Core/Src/screens.o
                0x08005688                show_bolus_time
 .text.auto_primescreen
                0x08005798      0x15c ./Core/Src/screens.o
                0x08005798                auto_primescreen
 .text.manual_primescreen
                0x080058f4      0x1cc ./Core/Src/screens.o
                0x080058f4                manual_primescreen
 .text.set_dose_limit_screen
                0x08005ac0      0x154 ./Core/Src/screens.o
                0x08005ac0                set_dose_limit_screen
 .text.set_water_rate_screen
                0x08005c14      0x168 ./Core/Src/screens.o
                0x08005c14                set_water_rate_screen
 .text.clear_rates_screen
                0x08005d7c      0x150 ./Core/Src/screens.o
                0x08005d7c                clear_rates_screen
 .text.controls_locked_screen
                0x08005ecc       0xb4 ./Core/Src/screens.o
                0x08005ecc                controls_locked_screen
 .text.MCU_off_bar
                0x08005f80       0x90 ./Core/Src/screens.o
                0x08005f80                MCU_off_bar
 .text.setting_screen_task
                0x08006010      0x3a0 ./Core/Src/screens.o
                0x08006010                setting_screen_task
 .text.error_screen
                0x080063b0      0x36c ./Core/Src/screens.o
                0x080063b0                error_screen
 .text.daily_volume_screen
                0x0800671c      0x31c ./Core/Src/screens.o
                0x0800671c                daily_volume_screen
 .text.cal_rec_screen
                0x08006a38      0x31c ./Core/Src/screens.o
                0x08006a38                cal_rec_screen
 .text.set_time_task
                0x08006d54      0x5ac ./Core/Src/screens.o
                0x08006d54                set_time_task
 .text.show_empty_battery_warning
                0x08007300       0xc4 ./Core/Src/screens.o
                0x08007300                show_empty_battery_warning
 .text.show_error_message
                0x080073c4      0x130 ./Core/Src/screens.o
                0x080073c4                show_error_message
 .text.air_in_tubing_screen
                0x080074f4       0x38 ./Core/Src/screens.o
                0x080074f4                air_in_tubing_screen
 .text.occlusion_in_line_screen
                0x0800752c       0x2c ./Core/Src/screens.o
                0x0800752c                occlusion_in_line_screen
 .text.show_message_yes_no
                0x08007558      0x120 ./Core/Src/screens.o
                0x08007558                show_message_yes_no
 .text.show_plug_ac_message
                0x08007678       0xd0 ./Core/Src/screens.o
                0x08007678                show_plug_ac_message
 .text.eve_initialize
                0x08007748        0xc ./Core/Src/screens.o
                0x08007748                eve_initialize
 .text.HAL_MspInit
                0x08007754       0x1c ./Core/Src/stm32l0xx_hal_msp.o
                0x08007754                HAL_MspInit
 .text.HAL_ADC_MspInit
                0x08007770       0x78 ./Core/Src/stm32l0xx_hal_msp.o
                0x08007770                HAL_ADC_MspInit
 .text.HAL_DAC_MspInit
                0x080077e8       0x54 ./Core/Src/stm32l0xx_hal_msp.o
                0x080077e8                HAL_DAC_MspInit
 .text.HAL_I2C_MspInit
                0x0800783c       0x5c ./Core/Src/stm32l0xx_hal_msp.o
                0x0800783c                HAL_I2C_MspInit
 .text.HAL_SPI_MspInit
                0x08007898       0x58 ./Core/Src/stm32l0xx_hal_msp.o
                0x08007898                HAL_SPI_MspInit
 .text.HAL_TIM_Base_MspInit
                0x080078f0       0x74 ./Core/Src/stm32l0xx_hal_msp.o
                0x080078f0                HAL_TIM_Base_MspInit
 .text.HAL_UART_MspInit
                0x08007964       0x5c ./Core/Src/stm32l0xx_hal_msp.o
                0x08007964                HAL_UART_MspInit
 .text.NMI_Handler
                0x080079c0        0x2 ./Core/Src/stm32l0xx_it.o
                0x080079c0                NMI_Handler
 .text.HardFault_Handler
                0x080079c2        0x2 ./Core/Src/stm32l0xx_it.o
                0x080079c2                HardFault_Handler
 .text.SVC_Handler
                0x080079c4        0x2 ./Core/Src/stm32l0xx_it.o
                0x080079c4                SVC_Handler
 .text.PendSV_Handler
                0x080079c6        0x2 ./Core/Src/stm32l0xx_it.o
                0x080079c6                PendSV_Handler
 .text.SysTick_Handler
                0x080079c8        0x8 ./Core/Src/stm32l0xx_it.o
                0x080079c8                SysTick_Handler
 .text.TIM22_IRQHandler
                0x080079d0      0x264 ./Core/Src/stm32l0xx_it.o
                0x080079d0                TIM22_IRQHandler
 .text.TIM21_IRQHandler
                0x08007c34      0x288 ./Core/Src/stm32l0xx_it.o
                0x08007c34                TIM21_IRQHandler
 .text.SystemInit
                0x08007ebc        0x2 ./Core/Src/system_stm32l0xx.o
                0x08007ebc                SystemInit
 *fill*         0x08007ebe        0x2 
 .text.Reset_Handler
                0x08007ec0       0x50 ./Core/Startup/startup_stm32l073rztx.o
                0x08007ec0                Reset_Handler
 .text.Default_Handler
                0x08007f10        0x2 ./Core/Startup/startup_stm32l073rztx.o
                0x08007f10                TSC_IRQHandler
                0x08007f10                ADC1_COMP_IRQHandler
                0x08007f10                PVD_IRQHandler
                0x08007f10                I2C1_IRQHandler
                0x08007f10                RCC_CRS_IRQHandler
                0x08007f10                SPI1_IRQHandler
                0x08007f10                TIM6_DAC_IRQHandler
                0x08007f10                EXTI2_3_IRQHandler
                0x08007f10                I2C2_IRQHandler
                0x08007f10                RTC_IRQHandler
                0x08007f10                LCD_IRQHandler
                0x08007f10                DMA1_Channel4_5_6_7_IRQHandler
                0x08007f10                TIM3_IRQHandler
                0x08007f10                EXTI4_15_IRQHandler
                0x08007f10                DMA1_Channel1_IRQHandler
                0x08007f10                USART4_5_IRQHandler
                0x08007f10                Default_Handler
                0x08007f10                TIM7_IRQHandler
                0x08007f10                EXTI0_1_IRQHandler
                0x08007f10                USB_IRQHandler
                0x08007f10                I2C3_IRQHandler
                0x08007f10                SPI2_IRQHandler
                0x08007f10                WWDG_IRQHandler
                0x08007f10                TIM2_IRQHandler
                0x08007f10                DMA1_Channel2_3_IRQHandler
                0x08007f10                USART2_IRQHandler
                0x08007f10                FLASH_IRQHandler
                0x08007f10                USART1_IRQHandler
                0x08007f10                RNG_LPUART1_IRQHandler
                0x08007f10                LPTIM1_IRQHandler
 *fill*         0x08007f12        0x2 
 .text.HAL_InitTick
                0x08007f14       0x48 ./Drivers/STM32L0xx_HAL_Driver/stm32l0xx_hal.o
                0x08007f14                HAL_InitTick
 .text.HAL_Init
                0x08007f5c       0x28 ./Drivers/STM32L0xx_HAL_Driver/stm32l0xx_hal.o
                0x08007f5c                HAL_Init
 .text.HAL_IncTick
                0x08007f84       0x18 ./Drivers/STM32L0xx_HAL_Driver/stm32l0xx_hal.o
                0x08007f84                HAL_IncTick
 .text.HAL_GetTick
                0x08007f9c        0xc ./Drivers/STM32L0xx_HAL_Driver/stm32l0xx_hal.o
                0x08007f9c                HAL_GetTick
 .text.HAL_Delay
                0x08007fa8       0x24 ./Drivers/STM32L0xx_HAL_Driver/stm32l0xx_hal.o
                0x08007fa8                HAL_Delay
 .text.ADC_DelayMicroSecond
                0x08007fcc       0x2c ./Drivers/STM32L0xx_HAL_Driver/stm32l0xx_hal_adc.o
 .text.ADC_ConversionStop
                0x08007ff8       0x5a ./Drivers/STM32L0xx_HAL_Driver/stm32l0xx_hal_adc.o
 .text.ADC_Disable
                0x08008052       0x6e ./Drivers/STM32L0xx_HAL_Driver/stm32l0xx_hal_adc.o
 .text.ADC_Enable
                0x080080c0       0x78 ./Drivers/STM32L0xx_HAL_Driver/stm32l0xx_hal_adc.o
 .text.HAL_ADC_Init
                0x08008138      0x1ac ./Drivers/STM32L0xx_HAL_Driver/stm32l0xx_hal_adc.o
                0x08008138                HAL_ADC_Init
 .text.HAL_ADC_Start
                0x080082e4       0x58 ./Drivers/STM32L0xx_HAL_Driver/stm32l0xx_hal_adc.o
                0x080082e4                HAL_ADC_Start
 .text.HAL_ADC_Stop
                0x0800833c       0x3c ./Drivers/STM32L0xx_HAL_Driver/stm32l0xx_hal_adc.o
                0x0800833c                HAL_ADC_Stop
 .text.HAL_ADC_PollForConversion
                0x08008378       0xcc ./Drivers/STM32L0xx_HAL_Driver/stm32l0xx_hal_adc.o
                0x08008378                HAL_ADC_PollForConversion
 .text.HAL_ADC_GetValue
                0x08008444        0x6 ./Drivers/STM32L0xx_HAL_Driver/stm32l0xx_hal_adc.o
                0x08008444                HAL_ADC_GetValue
 *fill*         0x0800844a        0x2 
 .text.HAL_ADC_ConfigChannel
                0x0800844c       0xc8 ./Drivers/STM32L0xx_HAL_Driver/stm32l0xx_hal_adc.o
                0x0800844c                HAL_ADC_ConfigChannel
 .text.HAL_NVIC_SetPriority
                0x08008514       0x54 ./Drivers/STM32L0xx_HAL_Driver/stm32l0xx_hal_cortex.o
                0x08008514                HAL_NVIC_SetPriority
 .text.HAL_NVIC_EnableIRQ
                0x08008568       0x18 ./Drivers/STM32L0xx_HAL_Driver/stm32l0xx_hal_cortex.o
                0x08008568                HAL_NVIC_EnableIRQ
 .text.HAL_SYSTICK_Config
                0x08008580       0x34 ./Drivers/STM32L0xx_HAL_Driver/stm32l0xx_hal_cortex.o
                0x08008580                HAL_SYSTICK_Config
 .text.HAL_DAC_Init
                0x080085b4       0x28 ./Drivers/STM32L0xx_HAL_Driver/stm32l0xx_hal_dac.o
                0x080085b4                HAL_DAC_Init
 .text.HAL_DAC_ConfigChannel
                0x080085dc       0x40 ./Drivers/STM32L0xx_HAL_Driver/stm32l0xx_hal_dac.o
                0x080085dc                HAL_DAC_ConfigChannel
 .text.HAL_DAC_Start
                0x0800861c       0x5c ./Drivers/STM32L0xx_HAL_Driver/stm32l0xx_hal_dac_ex.o
                0x0800861c                HAL_DAC_Start
 .text.HAL_DAC_SetValue
                0x08008678       0x24 ./Drivers/STM32L0xx_HAL_Driver/stm32l0xx_hal_dac_ex.o
                0x08008678                HAL_DAC_SetValue
 .text.HAL_GPIO_Init
                0x0800869c      0x180 ./Drivers/STM32L0xx_HAL_Driver/stm32l0xx_hal_gpio.o
                0x0800869c                HAL_GPIO_Init
 .text.HAL_GPIO_ReadPin
                0x0800881c        0xc ./Drivers/STM32L0xx_HAL_Driver/stm32l0xx_hal_gpio.o
                0x0800881c                HAL_GPIO_ReadPin
 .text.HAL_GPIO_WritePin
                0x08008828        0xc ./Drivers/STM32L0xx_HAL_Driver/stm32l0xx_hal_gpio.o
                0x08008828                HAL_GPIO_WritePin
 .text.HAL_GPIO_TogglePin
                0x08008834       0x10 ./Drivers/STM32L0xx_HAL_Driver/stm32l0xx_hal_gpio.o
                0x08008834                HAL_GPIO_TogglePin
 .text.I2C_Flush_TXDR
                0x08008844       0x1c ./Drivers/STM32L0xx_HAL_Driver/stm32l0xx_hal_i2c.o
 .text.I2C_TransferConfig
                0x08008860       0x2c ./Drivers/STM32L0xx_HAL_Driver/stm32l0xx_hal_i2c.o
 .text.I2C_IsErrorOccurred
                0x0800888c       0xfc ./Drivers/STM32L0xx_HAL_Driver/stm32l0xx_hal_i2c.o
 .text.I2C_WaitOnTXISFlagUntilTimeout
                0x08008988       0x5c ./Drivers/STM32L0xx_HAL_Driver/stm32l0xx_hal_i2c.o
 .text.I2C_WaitOnFlagUntilTimeout
                0x080089e4       0x6e ./Drivers/STM32L0xx_HAL_Driver/stm32l0xx_hal_i2c.o
 .text.I2C_WaitOnSTOPFlagUntilTimeout
                0x08008a52       0x54 ./Drivers/STM32L0xx_HAL_Driver/stm32l0xx_hal_i2c.o
 *fill*         0x08008aa6        0x2 
 .text.I2C_WaitOnRXNEFlagUntilTimeout
                0x08008aa8       0xa0 ./Drivers/STM32L0xx_HAL_Driver/stm32l0xx_hal_i2c.o
 .text.HAL_I2C_Init
                0x08008b48       0xbc ./Drivers/STM32L0xx_HAL_Driver/stm32l0xx_hal_i2c.o
                0x08008b48                HAL_I2C_Init
 .text.HAL_I2C_Master_Transmit
                0x08008c04      0x140 ./Drivers/STM32L0xx_HAL_Driver/stm32l0xx_hal_i2c.o
                0x08008c04                HAL_I2C_Master_Transmit
 .text.HAL_I2C_Master_Receive
                0x08008d44      0x120 ./Drivers/STM32L0xx_HAL_Driver/stm32l0xx_hal_i2c.o
                0x08008d44                HAL_I2C_Master_Receive
 .text.HAL_I2C_Mem_Write
                0x08008e64      0x1b4 ./Drivers/STM32L0xx_HAL_Driver/stm32l0xx_hal_i2c.o
                0x08008e64                HAL_I2C_Mem_Write
 .text.HAL_I2C_Mem_Read
                0x08009018      0x1bc ./Drivers/STM32L0xx_HAL_Driver/stm32l0xx_hal_i2c.o
                0x08009018                HAL_I2C_Mem_Read
 .text.HAL_I2CEx_ConfigAnalogFilter
                0x080091d4       0x4c ./Drivers/STM32L0xx_HAL_Driver/stm32l0xx_hal_i2c_ex.o
                0x080091d4                HAL_I2CEx_ConfigAnalogFilter
 .text.HAL_I2CEx_ConfigDigitalFilter
                0x08009220       0x48 ./Drivers/STM32L0xx_HAL_Driver/stm32l0xx_hal_i2c_ex.o
                0x08009220                HAL_I2CEx_ConfigDigitalFilter
 .text.HAL_RCC_GetSysClockFreq
                0x08009268       0x84 ./Drivers/STM32L0xx_HAL_Driver/stm32l0xx_hal_rcc.o
                0x08009268                HAL_RCC_GetSysClockFreq
 .text.HAL_RCC_OscConfig
                0x080092ec      0x514 ./Drivers/STM32L0xx_HAL_Driver/stm32l0xx_hal_rcc.o
                0x080092ec                HAL_RCC_OscConfig
 .text.HAL_RCC_ClockConfig
                0x08009800      0x19c ./Drivers/STM32L0xx_HAL_Driver/stm32l0xx_hal_rcc.o
                0x08009800                HAL_RCC_ClockConfig
 .text.HAL_RCC_GetPCLK1Freq
                0x0800999c       0x20 ./Drivers/STM32L0xx_HAL_Driver/stm32l0xx_hal_rcc.o
                0x0800999c                HAL_RCC_GetPCLK1Freq
 .text.HAL_RCC_GetPCLK2Freq
                0x080099bc       0x20 ./Drivers/STM32L0xx_HAL_Driver/stm32l0xx_hal_rcc.o
                0x080099bc                HAL_RCC_GetPCLK2Freq
 .text.HAL_RCCEx_PeriphCLKConfig
                0x080099dc      0x208 ./Drivers/STM32L0xx_HAL_Driver/stm32l0xx_hal_rcc_ex.o
                0x080099dc                HAL_RCCEx_PeriphCLKConfig
 .text.SPI_WaitFlagStateUntilTimeout
                0x08009be4       0xc0 ./Drivers/STM32L0xx_HAL_Driver/stm32l0xx_hal_spi.o
 .text.SPI_EndRxTxTransaction
                0x08009ca4       0x7c ./Drivers/STM32L0xx_HAL_Driver/stm32l0xx_hal_spi.o
 .text.HAL_SPI_Init
                0x08009d20       0xc4 ./Drivers/STM32L0xx_HAL_Driver/stm32l0xx_hal_spi.o
                0x08009d20                HAL_SPI_Init
 .text.HAL_SPI_TransmitReceive
                0x08009de4      0x208 ./Drivers/STM32L0xx_HAL_Driver/stm32l0xx_hal_spi.o
                0x08009de4                HAL_SPI_TransmitReceive
 .text.TIM_Base_SetConfig
                0x08009fec       0x78 ./Drivers/STM32L0xx_HAL_Driver/stm32l0xx_hal_tim.o
 .text.HAL_TIM_Base_Init
                0x0800a064       0x48 ./Drivers/STM32L0xx_HAL_Driver/stm32l0xx_hal_tim.o
                0x0800a064                HAL_TIM_Base_Init
 .text.HAL_TIM_Base_Start
                0x0800a0ac       0x58 ./Drivers/STM32L0xx_HAL_Driver/stm32l0xx_hal_tim.o
                0x0800a0ac                HAL_TIM_Base_Start
 .text.HAL_TIM_Base_Start_IT
                0x0800a104       0x60 ./Drivers/STM32L0xx_HAL_Driver/stm32l0xx_hal_tim.o
                0x0800a104                HAL_TIM_Base_Start_IT
 .text.HAL_TIM_Base_Stop_IT
                0x0800a164       0x28 ./Drivers/STM32L0xx_HAL_Driver/stm32l0xx_hal_tim.o
                0x0800a164                HAL_TIM_Base_Stop_IT
 .text.HAL_TIM_ConfigClockSource
                0x0800a18c      0x144 ./Drivers/STM32L0xx_HAL_Driver/stm32l0xx_hal_tim.o
                0x0800a18c                HAL_TIM_ConfigClockSource
 .text.HAL_TIM_PeriodElapsedCallback
                0x0800a2d0        0x2 ./Drivers/STM32L0xx_HAL_Driver/stm32l0xx_hal_tim.o
                0x0800a2d0                HAL_TIM_PeriodElapsedCallback
 .text.HAL_TIM_OC_DelayElapsedCallback
                0x0800a2d2        0x2 ./Drivers/STM32L0xx_HAL_Driver/stm32l0xx_hal_tim.o
                0x0800a2d2                HAL_TIM_OC_DelayElapsedCallback
 .text.HAL_TIM_IC_CaptureCallback
                0x0800a2d4        0x2 ./Drivers/STM32L0xx_HAL_Driver/stm32l0xx_hal_tim.o
                0x0800a2d4                HAL_TIM_IC_CaptureCallback
 .text.HAL_TIM_PWM_PulseFinishedCallback
                0x0800a2d6        0x2 ./Drivers/STM32L0xx_HAL_Driver/stm32l0xx_hal_tim.o
                0x0800a2d6                HAL_TIM_PWM_PulseFinishedCallback
 .text.HAL_TIM_TriggerCallback
                0x0800a2d8        0x2 ./Drivers/STM32L0xx_HAL_Driver/stm32l0xx_hal_tim.o
                0x0800a2d8                HAL_TIM_TriggerCallback
 .text.HAL_TIM_IRQHandler
                0x0800a2da      0x106 ./Drivers/STM32L0xx_HAL_Driver/stm32l0xx_hal_tim.o
                0x0800a2da                HAL_TIM_IRQHandler
 .text.HAL_TIMEx_MasterConfigSynchronization
                0x0800a3e0       0x64 ./Drivers/STM32L0xx_HAL_Driver/stm32l0xx_hal_tim_ex.o
                0x0800a3e0                HAL_TIMEx_MasterConfigSynchronization
 .text.UART_EndRxTransfer
                0x0800a444       0x5c ./Drivers/STM32L0xx_HAL_Driver/stm32l0xx_hal_uart.o
 .text.UART_SetConfig
                0x0800a4a0      0x218 ./Drivers/STM32L0xx_HAL_Driver/stm32l0xx_hal_uart.o
                0x0800a4a0                UART_SetConfig
 .text.UART_AdvFeatureConfig
                0x0800a6b8       0xd0 ./Drivers/STM32L0xx_HAL_Driver/stm32l0xx_hal_uart.o
                0x0800a6b8                UART_AdvFeatureConfig
 .text.UART_WaitOnFlagUntilTimeout
                0x0800a788       0x90 ./Drivers/STM32L0xx_HAL_Driver/stm32l0xx_hal_uart.o
                0x0800a788                UART_WaitOnFlagUntilTimeout
 .text.UART_CheckIdleState
                0x0800a818       0xc0 ./Drivers/STM32L0xx_HAL_Driver/stm32l0xx_hal_uart.o
                0x0800a818                UART_CheckIdleState
 .text.HAL_UART_Init
                0x0800a8d8       0x64 ./Drivers/STM32L0xx_HAL_Driver/stm32l0xx_hal_uart.o
                0x0800a8d8                HAL_UART_Init
 .text.memset   0x0800a93c       0x10 C:/ST/STM32CubeIDE_1.16.1/STM32CubeIDE/plugins/com.st.stm32cube.ide.mcu.externaltools.gnu-tools-for-stm32.12.3.rel1.win32_1.0.200.202406191623/tools/bin/../lib/gcc/arm-none-eabi/12.3.1/../../../../arm-none-eabi/lib/thumb/v6-m/nofp\libc_nano.a(libc_a-memset.o)
                0x0800a93c                memset
 .text.__libc_init_array
                0x0800a94c       0x48 C:/ST/STM32CubeIDE_1.16.1/STM32CubeIDE/plugins/com.st.stm32cube.ide.mcu.externaltools.gnu-tools-for-stm32.12.3.rel1.win32_1.0.200.202406191623/tools/bin/../lib/gcc/arm-none-eabi/12.3.1/../../../../arm-none-eabi/lib/thumb/v6-m/nofp\libc_nano.a(libc_a-init.o)
                0x0800a94c                __libc_init_array
 .text.memcpy   0x0800a994       0x12 C:/ST/STM32CubeIDE_1.16.1/STM32CubeIDE/plugins/com.st.stm32cube.ide.mcu.externaltools.gnu-tools-for-stm32.12.3.rel1.win32_1.0.200.202406191623/tools/bin/../lib/gcc/arm-none-eabi/12.3.1/../../../../arm-none-eabi/lib/thumb/v6-m/nofp\libc_nano.a(libc_a-memcpy-stub.o)
                0x0800a994                memcpy
 *(.glue_7)
 .glue_7        0x0800a9a6        0x0 linker stubs
 *(.glue_7t)
 .glue_7t       0x0800a9a6        0x0 linker stubs
 *(.eh_frame)
 *fill*         0x0800a9a6        0x2 
 .eh_frame      0x0800a9a8        0x0 C:/ST/STM32CubeIDE_1.16.1/STM32CubeIDE/plugins/com.st.stm32cube.ide.mcu.externaltools.gnu-tools-for-stm32.12.3.rel1.win32_1.0.200.202406191623/tools/bin/../lib/gcc/arm-none-eabi/12.3.1/thumb/v6-m/nofp/crtbegin.o
 *(.init)
 .init          0x0800a9a8        0x4 C:/ST/STM32CubeIDE_1.16.1/STM32CubeIDE/plugins/com.st.stm32cube.ide.mcu.externaltools.gnu-tools-for-stm32.12.3.rel1.win32_1.0.200.202406191623/tools/bin/../lib/gcc/arm-none-eabi/12.3.1/thumb/v6-m/nofp/crti.o
                0x0800a9a8                _init
 .init          0x0800a9ac        0x8 C:/ST/STM32CubeIDE_1.16.1/STM32CubeIDE/plugins/com.st.stm32cube.ide.mcu.externaltools.gnu-tools-for-stm32.12.3.rel1.win32_1.0.200.202406191623/tools/bin/../lib/gcc/arm-none-eabi/12.3.1/thumb/v6-m/nofp/crtn.o
 *(.fini)
 .fini          0x0800a9b4        0x4 C:/ST/STM32CubeIDE_1.16.1/STM32CubeIDE/plugins/com.st.stm32cube.ide.mcu.externaltools.gnu-tools-for-stm32.12.3.rel1.win32_1.0.200.202406191623/tools/bin/../lib/gcc/arm-none-eabi/12.3.1/thumb/v6-m/nofp/crti.o
                0x0800a9b4                _fini
 .fini          0x0800a9b8        0x8 C:/ST/STM32CubeIDE_1.16.1/STM32CubeIDE/plugins/com.st.stm32cube.ide.mcu.externaltools.gnu-tools-for-stm32.12.3.rel1.win32_1.0.200.202406191623/tools/bin/../lib/gcc/arm-none-eabi/12.3.1/thumb/v6-m/nofp/crtn.o
                0x0800a9c0                        . = ALIGN (0x4)
                0x0800a9c0                        _etext = .

.vfp11_veneer   0x0800a9c0        0x0
 .vfp11_veneer  0x0800a9c0        0x0 linker stubs

.v4_bx          0x0800a9c0        0x0
 .v4_bx         0x0800a9c0        0x0 linker stubs

.iplt           0x0800a9c0        0x0
 .iplt          0x0800a9c0        0x0 C:/ST/STM32CubeIDE_1.16.1/STM32CubeIDE/plugins/com.st.stm32cube.ide.mcu.externaltools.gnu-tools-for-stm32.12.3.rel1.win32_1.0.200.202406191623/tools/bin/../lib/gcc/arm-none-eabi/12.3.1/thumb/v6-m/nofp/crtbegin.o

.rodata         0x0800a9c0     0x4424
                0x0800a9c0                        . = ALIGN (0x4)
 *(.rodata)
 .rodata        0x0800a9c0       0x90 ./Core/Src/screens.o
 *(.rodata*)
 .rodata.EVE_calibrate.str1.1
                0x0800aa50       0x17 ./Core/Src/EVE_API.o
 .rodata.inactivity_timeout.str1.1
                0x0800aa67        0xd ./Core/Src/functions.o
                                  0xe (size before relaxing)
 .rodata.check_tir_calibration.str1.1
                0x0800aa74       0x24 ./Core/Src/functions.o
 .rodata.Normal_Flow_Max
                0x0800aa98      0x1e0 ./Core/Src/functions.o
                0x0800aa98                Normal_Flow_Max
 .rodata.Normal_Flow_Min
                0x0800ac78      0x1e0 ./Core/Src/functions.o
                0x0800ac78                Normal_Flow_Min
 .rodata.detect_tpa.str1.1
                0x0800ae58       0x10 ./Core/Src/io_calls.o
                                 0x11 (size before relaxing)
 .rodata.test_if_set_installed.str1.1
                0x0800ae68        0xe ./Core/Src/io_calls.o
                                 0x1c (size before relaxing)
 .rodata.check_pts_wake_up.str1.1
                0x0800ae76       0x6f ./Core/Src/io_calls.o
 .rodata.distal_tube_removed.str1.1
                0x0800aee5       0x2d ./Core/Src/io_calls.o
 .rodata._INSTALLED
                0x0800af12        0xa ./Core/Src/io_calls.o
                0x0800af12                _INSTALLED
 .rodata.SET_NOT_
                0x0800af1c        0x8 ./Core/Src/io_calls.o
                0x0800af1c                SET_NOT_
 .rodata.NO_TPA_DETECTED
                0x0800af24       0x10 ./Core/Src/io_calls.o
                0x0800af24                NO_TPA_DETECTED
 .rodata.ERROR_100
                0x0800af34        0xa ./Core/Src/io_calls.o
                0x0800af34                ERROR_100
 .rodata.prime_mode_task.str1.1
                0x0800af3e       0x1a ./Core/Src/main_tasks.o
                                 0x48 (size before relaxing)
 .rodata.pre_run_check_task.str1.1
                0x0800af58        0xa ./Core/Src/main_tasks.o
                                 0x2e (size before relaxing)
 .rodata.set_dose_limit_task.str1.1
                0x0800af62        0x4 ./Core/Src/main_tasks.o
 .rodata.MCU_off_task.str1.1
                0x0800af66       0x2f ./Core/Src/main_tasks.o
 .rodata.remove_set_task.str1.1
                0x0800af95       0x16 ./Core/Src/main_tasks.o
 .rodata.dose_complete_alarm_task.str1.1
                0x0800afab        0xe ./Core/Src/screens.o
 .rodata.run_mode_screen.str1.1
                0x0800afb9        0x8 ./Core/Src/screens.o
                                 0x14 (size before relaxing)
 .rodata.service_page_one_screen.str1.1
                0x0800afc1       0x9c ./Core/Src/screens.o
 .rodata.service_page_two_screen.str1.1
                0x0800b05d       0x8c ./Core/Src/screens.o
 .rodata.service_page_three_screen.str1.1
                0x0800b0e9       0x4b ./Core/Src/screens.o
                                 0x4f (size before relaxing)
 .rodata.display_start_screen.str1.1
                0x0800b134       0x1f ./Core/Src/screens.o
                                 0x21 (size before relaxing)
 .rodata.show_bolus_time.str1.1
                0x0800b153       0x2e ./Core/Src/screens.o
 .rodata.auto_primescreen.str1.1
                0x0800b181       0x28 ./Core/Src/screens.o
                                 0x2e (size before relaxing)
 .rodata.manual_primescreen.str1.1
                0x0800b1a9       0x12 ./Core/Src/screens.o
                                 0x18 (size before relaxing)
 .rodata.set_dose_limit_screen.str1.1
                0x0800b1bb        0xf ./Core/Src/screens.o
 .rodata.set_water_rate_screen.str1.1
                0x0800b1ca       0x18 ./Core/Src/screens.o
 .rodata.clear_rates_screen.str1.1
                0x0800b1e2       0x2b ./Core/Src/screens.o
 .rodata.controls_locked_screen.str1.1
                0x0800b20d       0x12 ./Core/Src/screens.o
                                 0x19 (size before relaxing)
 .rodata.setting_screen_task.str1.1
                0x0800b21f       0x9c ./Core/Src/screens.o
 .rodata.error_screen.str1.1
                0x0800b2bb       0x23 ./Core/Src/screens.o
 .rodata.daily_volume_screen.str1.1
                0x0800b2de        0x2 ./Core/Src/screens.o
                                  0x4 (size before relaxing)
 .rodata.set_time_task.str1.1
                0x0800b2e0        0xc ./Core/Src/screens.o
                                  0xe (size before relaxing)
 .rodata.show_empty_battery_warning.str1.1
                0x0800b2ec       0x17 ./Core/Src/screens.o
 .rodata.air_in_tubing_screen.str1.1
                0x0800b303       0x19 ./Core/Src/screens.o
 .rodata.empty_tubing_screen.str1.1
                0x0800b31c       0x1a ./Core/Src/screens.o
                                 0x1b (size before relaxing)
 .rodata.occlusion_in_line_screen.str1.1
                0x0800b336       0x12 ./Core/Src/screens.o
 .rodata.show_message_yes_no.str1.1
                0x0800b348        0x7 ./Core/Src/screens.o
 .rodata.keydown0
                0x0800b34f      0x120 ./Core/Src/screens.o
                0x0800b34f                keydown0
 .rodata.keyup0
                0x0800b46f      0x120 ./Core/Src/screens.o
                0x0800b46f                keyup0
 .rodata.keyright0
                0x0800b58f      0x120 ./Core/Src/screens.o
                0x0800b58f                keyright0
 *fill*         0x0800b6af        0x1 
 .rodata.font0  0x0800b6b0     0x3712 ./Core/Src/screens.o
                0x0800b6b0                font0
 .rodata.PLLMulTable
                0x0800edc2        0x9 ./Core/Src/system_stm32l0xx.o
                0x0800edc2                PLLMulTable
 .rodata.APBPrescTable
                0x0800edcb        0x8 ./Core/Src/system_stm32l0xx.o
                0x0800edcb                APBPrescTable
 .rodata.AHBPrescTable
                0x0800edd3       0x10 ./Core/Src/system_stm32l0xx.o
                0x0800edd3                AHBPrescTable
                0x0800ede4                        . = ALIGN (0x4)
 *fill*         0x0800ede3        0x1 

.ARM.extab      0x0800ede4        0x0
                0x0800ede4                        . = ALIGN (0x4)
 *(.ARM.extab* .gnu.linkonce.armextab.*)
                0x0800ede4                        . = ALIGN (0x4)

.ARM            0x0800ede4        0x8
                0x0800ede4                        . = ALIGN (0x4)
                0x0800ede4                        __exidx_start = .
 *(.ARM.exidx*)
 .ARM.exidx     0x0800ede4        0x8 C:/ST/STM32CubeIDE_1.16.1/STM32CubeIDE/plugins/com.st.stm32cube.ide.mcu.externaltools.gnu-tools-for-stm32.12.3.rel1.win32_1.0.200.202406191623/tools/bin/../lib/gcc/arm-none-eabi/12.3.1/thumb/v6-m/nofp\libgcc.a(_udivmoddi4.o)
                0x0800edec                        __exidx_end = .
                0x0800edec                        . = ALIGN (0x4)

.rel.dyn        0x0800edec        0x0
 .rel.iplt      0x0800edec        0x0 C:/ST/STM32CubeIDE_1.16.1/STM32CubeIDE/plugins/com.st.stm32cube.ide.mcu.externaltools.gnu-tools-for-stm32.12.3.rel1.win32_1.0.200.202406191623/tools/bin/../lib/gcc/arm-none-eabi/12.3.1/thumb/v6-m/nofp/crtbegin.o

.preinit_array  0x0800edec        0x0
                0x0800edec                        . = ALIGN (0x4)
                0x0800edec                        PROVIDE (__preinit_array_start = .)
 *(.preinit_array*)
                0x0800edec                        PROVIDE (__preinit_array_end = .)
                0x0800edec                        . = ALIGN (0x4)

.init_array     0x0800edec        0x4
                0x0800edec                        . = ALIGN (0x4)
                0x0800edec                        PROVIDE (__init_array_start = .)
 *(SORT_BY_NAME(.init_array.*))
 *(.init_array*)
 .init_array    0x0800edec        0x4 C:/ST/STM32CubeIDE_1.16.1/STM32CubeIDE/plugins/com.st.stm32cube.ide.mcu.externaltools.gnu-tools-for-stm32.12.3.rel1.win32_1.0.200.202406191623/tools/bin/../lib/gcc/arm-none-eabi/12.3.1/thumb/v6-m/nofp/crtbegin.o
                0x0800edf0                        PROVIDE (__init_array_end = .)
                0x0800edf0                        . = ALIGN (0x4)

.fini_array     0x0800edf0        0x4
                0x0800edf0                        . = ALIGN (0x4)
                [!provide]                        PROVIDE (__fini_array_start = .)
 *(SORT_BY_NAME(.fini_array.*))
 *(.fini_array*)
 .fini_array    0x0800edf0        0x4 C:/ST/STM32CubeIDE_1.16.1/STM32CubeIDE/plugins/com.st.stm32cube.ide.mcu.externaltools.gnu-tools-for-stm32.12.3.rel1.win32_1.0.200.202406191623/tools/bin/../lib/gcc/arm-none-eabi/12.3.1/thumb/v6-m/nofp/crtbegin.o
                [!provide]                        PROVIDE (__fini_array_end = .)
                0x0800edf4                        . = ALIGN (0x4)
                0x0800edf4                        _sidata = LOADADDR (.data)

.data           0x20000000       0x10 load address 0x0800edf4
                0x20000000                        . = ALIGN (0x4)
                0x20000000                        _sdata = .
 *(.data)
 *(.data*)
 .data.rate_count.1
                0x20000000        0x2 ./Core/Src/stm32l0xx_it.o
 *fill*         0x20000002        0x2 
 .data.SystemCoreClock
                0x20000004        0x4 ./Core/Src/system_stm32l0xx.o
                0x20000004                SystemCoreClock
 .data.uwTickFreq
                0x20000008        0x1 ./Drivers/STM32L0xx_HAL_Driver/stm32l0xx_hal.o
                0x20000008                uwTickFreq
 *fill*         0x20000009        0x3 
 .data.uwTickPrio
                0x2000000c        0x4 ./Drivers/STM32L0xx_HAL_Driver/stm32l0xx_hal.o
                0x2000000c                uwTickPrio
 *(.RamFunc)
 *(.RamFunc*)
                0x20000010                        . = ALIGN (0x4)
                0x20000010                        _edata = .

.igot.plt       0x20000010        0x0 load address 0x0800ee04
 .igot.plt      0x20000010        0x0 C:/ST/STM32CubeIDE_1.16.1/STM32CubeIDE/plugins/com.st.stm32cube.ide.mcu.externaltools.gnu-tools-for-stm32.12.3.rel1.win32_1.0.200.202406191623/tools/bin/../lib/gcc/arm-none-eabi/12.3.1/thumb/v6-m/nofp/crtbegin.o
                0x20000010                        . = ALIGN (0x4)

.bss            0x20000010      0x2e4 load address 0x0800ee04
                0x20000010                        _sbss = .
                0x20000010                        __bss_start__ = _sbss
 *(.bss)
 .bss           0x20000010       0x1c C:/ST/STM32CubeIDE_1.16.1/STM32CubeIDE/plugins/com.st.stm32cube.ide.mcu.externaltools.gnu-tools-for-stm32.12.3.rel1.win32_1.0.200.202406191623/tools/bin/../lib/gcc/arm-none-eabi/12.3.1/thumb/v6-m/nofp/crtbegin.o
 *(.bss*)
 .bss.writeCmdPointer
                0x2000002c        0x2 ./Core/Src/EVE_HAL.o
 *fill*         0x2000002e        0x2 
 .bss.huart2    0x20000030       0x88 ./Core/Src/MCU_init.o
                0x20000030                huart2
 .bss.htim21    0x200000b8       0x40 ./Core/Src/MCU_init.o
                0x200000b8                htim21
 .bss.htim3     0x200000f8       0x40 ./Core/Src/MCU_init.o
                0x200000f8                htim3
 .bss.htim22    0x20000138       0x40 ./Core/Src/MCU_init.o
                0x20000138                htim22
 .bss.hspi1     0x20000178       0x58 ./Core/Src/MCU_init.o
                0x20000178                hspi1
 .bss.hi2c3     0x200001d0       0x54 ./Core/Src/MCU_init.o
                0x200001d0                hi2c3
 .bss.hdac      0x20000224       0x14 ./Core/Src/MCU_init.o
                0x20000224                hdac
 .bss.hadc      0x20000238       0x5c ./Core/Src/MCU_init.o
                0x20000238                hadc
 .bss.seconds_bat.0
                0x20000294        0x1 ./Core/Src/functions.o
 .bss.pinch_phase.0
                0x20000295        0x1 ./Core/Src/io_calls.o
 .bss.old_key.1
                0x20000296        0x1 ./Core/Src/io_calls.o
 .bss.G_svc_entry_delay
                0x20000297        0x1 ./Core/Src/main.o
                0x20000297                G_svc_entry_delay
 .bss.G_dose_complete_callback_index
                0x20000298        0x1 ./Core/Src/main.o
                0x20000298                G_dose_complete_callback_index
 .bss.G_display_brightness
                0x20000299        0x1 ./Core/Src/main.o
                0x20000299                G_display_brightness
 .bss.G_warning_vol
                0x2000029a        0x1 ./Core/Src/main.o
                0x2000029a                G_warning_vol
 .bss.G_alarm_vol
                0x2000029b        0x1 ./Core/Src/main.o
                0x2000029b                G_alarm_vol
 .bss.G_controls_locked
                0x2000029c        0x1 ./Core/Src/main.o
                0x2000029c                G_controls_locked
 *fill*         0x2000029d        0x3 
 .bss.G_acc_bat_time_min
                0x200002a0        0x4 ./Core/Src/main.o
                0x200002a0                G_acc_bat_time_min
 .bss.G_acc_bolus_ml
                0x200002a4        0x4 ./Core/Src/main.o
                0x200002a4                G_acc_bolus_ml
 .bss.G_acc_formula_ml
                0x200002a8        0x4 ./Core/Src/main.o
                0x200002a8                G_acc_formula_ml
 .bss.G_dose_limit
                0x200002ac        0x2 ./Core/Src/main.o
                0x200002ac                G_dose_limit
 .bss.G_water_rate
                0x200002ae        0x2 ./Core/Src/main.o
                0x200002ae                G_water_rate
 .bss.G_total_volume
                0x200002b0        0x2 ./Core/Src/main.o
                0x200002b0                G_total_volume
 .bss.G_hour_volume
                0x200002b2        0x2 ./Core/Src/main.o
                0x200002b2                G_hour_volume
 .bss.G_volume  0x200002b4        0x2 ./Core/Src/main.o
                0x200002b4                G_volume
 .bss.G_food_rate
                0x200002b6        0x2 ./Core/Src/main.o
                0x200002b6                G_food_rate
 .bss.G_motor_rate
                0x200002b8        0x2 ./Core/Src/main.o
                0x200002b8                G_motor_rate
 .bss.G_alrm_mon_value
                0x200002ba        0x2 ./Core/Src/main.o
                0x200002ba                G_alrm_mon_value
 .bss.G_an_on   0x200002bc        0x1 ./Core/Src/main.o
                0x200002bc                G_an_on
 *fill*         0x200002bd        0x1 
 .bss.G_v_battery
                0x200002be        0x2 ./Core/Src/main.o
                0x200002be                G_v_battery
 .bss.G_vpts    0x200002c0        0x2 ./Core/Src/main.o
                0x200002c0                G_vpts
 .bss.G_tp_value
                0x200002c2        0x2 ./Core/Src/main.o
                0x200002c2                G_tp_value
 .bss.G_dac_cal_value
                0x200002c4        0x2 ./Core/Src/main.o
                0x200002c4                G_dac_cal_value
 .bss.G_ir_pd2_value
                0x200002c6        0x2 ./Core/Src/main.o
                0x200002c6                G_ir_pd2_value
 .bss.G_usonic_value
                0x200002c8        0x2 ./Core/Src/main.o
                0x200002c8                G_usonic_value
 .bss.G_ir_pd2_nocomp
                0x200002ca        0x2 ./Core/Src/main.o
                0x200002ca                G_ir_pd2_nocomp
 .bss.G_bg_ir_test_enabled
                0x200002cc        0x1 ./Core/Src/main.o
                0x200002cc                G_bg_ir_test_enabled
 .bss.G_one_ml_flag
                0x200002cd        0x1 ./Core/Src/main.o
                0x200002cd                G_one_ml_flag
 .bss.G_one_ml_count
                0x200002ce        0x2 ./Core/Src/main.o
                0x200002ce                G_one_ml_count
 .bss.G_cal_status
                0x200002d0        0x1 ./Core/Src/main.o
                0x200002d0                G_cal_status
 .bss.G_prime_completed
                0x200002d1        0x1 ./Core/Src/main.o
                0x200002d1                G_prime_completed
 .bss.G_tpa_type
                0x200002d2        0x1 ./Core/Src/main.o
                0x200002d2                G_tpa_type
 .bss.G_tick5ms_counter
                0x200002d3        0x1 ./Core/Src/main.o
                0x200002d3                G_tick5ms_counter
 .bss.frame_pos.0
                0x200002d4        0x1 ./Core/Src/screen_helper.o
 .bss.frame_delay.1
                0x200002d5        0x1 ./Core/Src/screen_helper.o
 .bss.flash_batt_timer.2
                0x200002d6        0x1 ./Core/Src/screen_helper.o
 .bss.old_tag.0
                0x200002d7        0x1 ./Core/Src/screens.o
 .bss.pump_phase.0
                0x200002d8        0x1 ./Core/Src/stm32l0xx_it.o
 .bss.v_sample_counter.2
                0x200002d9        0x1 ./Core/Src/stm32l0xx_it.o
 *fill*         0x200002da        0x2 
 .bss.sumvbat.3
                0x200002dc        0x4 ./Core/Src/stm32l0xx_it.o
 .bss.alrm_mon_sum.5
                0x200002e0        0x2 ./Core/Src/stm32l0xx_it.o
 .bss.sumpts.6  0x200002e2        0x2 ./Core/Src/stm32l0xx_it.o
 .bss.sum2d.7   0x200002e4        0x2 ./Core/Src/stm32l0xx_it.o
 .bss.sum2l.8   0x200002e6        0x2 ./Core/Src/stm32l0xx_it.o
 .bss.usonic_sum.9
                0x200002e8        0x2 ./Core/Src/stm32l0xx_it.o
 .bss.tp_sum.10
                0x200002ea        0x2 ./Core/Src/stm32l0xx_it.o
 .bss.an_count.11
                0x200002ec        0x1 ./Core/Src/stm32l0xx_it.o
 *fill*         0x200002ed        0x3 
 .bss.uwTick    0x200002f0        0x4 ./Drivers/STM32L0xx_HAL_Driver/stm32l0xx_hal.o
                0x200002f0                uwTick
 *(COMMON)
                0x200002f4                        . = ALIGN (0x4)
                0x200002f4                        _ebss = .
                0x200002f4                        __bss_end__ = _ebss

._user_heap_stack
                0x200002f4      0x604 load address 0x0800ee04
                0x200002f8                        . = ALIGN (0x8)
 *fill*         0x200002f4        0x4 
                [!provide]                        PROVIDE (end = .)
                0x200002f8                        PROVIDE (_end = .)
                0x200004f8                        . = (. + _Min_Heap_Size)
 *fill*         0x200002f8      0x200 
                0x200008f8                        . = (. + _Min_Stack_Size)
 *fill*         0x200004f8      0x400 
                0x200008f8                        . = ALIGN (0x8)

/DISCARD/
 libc.a(*)
 libm.a(*)
 libgcc.a(*)

.ARM.attributes
                0x00000000       0x28
 *(.ARM.attributes)
 .ARM.attributes
                0x00000000       0x1e C:/ST/STM32CubeIDE_1.16.1/STM32CubeIDE/plugins/com.st.stm32cube.ide.mcu.externaltools.gnu-tools-for-stm32.12.3.rel1.win32_1.0.200.202406191623/tools/bin/../lib/gcc/arm-none-eabi/12.3.1/thumb/v6-m/nofp/crti.o
 .ARM.attributes
                0x0000001e       0x2c C:/ST/STM32CubeIDE_1.16.1/STM32CubeIDE/plugins/com.st.stm32cube.ide.mcu.externaltools.gnu-tools-for-stm32.12.3.rel1.win32_1.0.200.202406191623/tools/bin/../lib/gcc/arm-none-eabi/12.3.1/thumb/v6-m/nofp/crtbegin.o
 .ARM.attributes
                0x0000004a       0x2c ./Core/Src/EVE_API.o
 .ARM.attributes
                0x00000076       0x2c ./Core/Src/EVE_HAL.o
 .ARM.attributes
                0x000000a2       0x2c ./Core/Src/EVE_MCU_STM32.o
 .ARM.attributes
                0x000000ce       0x2c ./Core/Src/MCU_init.o
 .ARM.attributes
                0x000000fa       0x2c ./Core/Src/functions.o
 .ARM.attributes
                0x00000126       0x2c ./Core/Src/io_calls.o
 .ARM.attributes
                0x00000152       0x2c ./Core/Src/main.o
 .ARM.attributes
                0x0000017e       0x2c ./Core/Src/main_tasks.o
 .ARM.attributes
                0x000001aa       0x2c ./Core/Src/screen_helper.o
 .ARM.attributes
                0x000001d6       0x2c ./Core/Src/screens.o
 .ARM.attributes
                0x00000202       0x2c ./Core/Src/stm32l0xx_hal_msp.o
 .ARM.attributes
                0x0000022e       0x2c ./Core/Src/stm32l0xx_it.o
 .ARM.attributes
                0x0000025a       0x2c ./Core/Src/system_stm32l0xx.o
 .ARM.attributes
                0x00000286       0x22 ./Core/Startup/startup_stm32l073rztx.o
 .ARM.attributes
                0x000002a8       0x2c ./Drivers/STM32L0xx_HAL_Driver/stm32l0xx_hal.o
 .ARM.attributes
                0x000002d4       0x2c ./Drivers/STM32L0xx_HAL_Driver/stm32l0xx_hal_adc.o
 .ARM.attributes
                0x00000300       0x2c ./Drivers/STM32L0xx_HAL_Driver/stm32l0xx_hal_cortex.o
 .ARM.attributes
                0x0000032c       0x2c ./Drivers/STM32L0xx_HAL_Driver/stm32l0xx_hal_dac.o
 .ARM.attributes
                0x00000358       0x2c ./Drivers/STM32L0xx_HAL_Driver/stm32l0xx_hal_dac_ex.o
 .ARM.attributes
                0x00000384       0x2c ./Drivers/STM32L0xx_HAL_Driver/stm32l0xx_hal_gpio.o
 .ARM.attributes
                0x000003b0       0x2c ./Drivers/STM32L0xx_HAL_Driver/stm32l0xx_hal_i2c.o
 .ARM.attributes
                0x000003dc       0x2c ./Drivers/STM32L0xx_HAL_Driver/stm32l0xx_hal_i2c_ex.o
 .ARM.attributes
                0x00000408       0x2c ./Drivers/STM32L0xx_HAL_Driver/stm32l0xx_hal_rcc.o
 .ARM.attributes
                0x00000434       0x2c ./Drivers/STM32L0xx_HAL_Driver/stm32l0xx_hal_rcc_ex.o
 .ARM.attributes
                0x00000460       0x2c ./Drivers/STM32L0xx_HAL_Driver/stm32l0xx_hal_spi.o
 .ARM.attributes
                0x0000048c       0x2c ./Drivers/STM32L0xx_HAL_Driver/stm32l0xx_hal_tim.o
 .ARM.attributes
                0x000004b8       0x2c ./Drivers/STM32L0xx_HAL_Driver/stm32l0xx_hal_tim_ex.o
 .ARM.attributes
                0x000004e4       0x2c ./Drivers/STM32L0xx_HAL_Driver/stm32l0xx_hal_uart.o
 .ARM.attributes
                0x00000510       0x2c C:/ST/STM32CubeIDE_1.16.1/STM32CubeIDE/plugins/com.st.stm32cube.ide.mcu.externaltools.gnu-tools-for-stm32.12.3.rel1.win32_1.0.200.202406191623/tools/bin/../lib/gcc/arm-none-eabi/12.3.1/../../../../arm-none-eabi/lib/thumb/v6-m/nofp\libc_nano.a(libc_a-memset.o)
 .ARM.attributes
                0x0000053c       0x2c C:/ST/STM32CubeIDE_1.16.1/STM32CubeIDE/plugins/com.st.stm32cube.ide.mcu.externaltools.gnu-tools-for-stm32.12.3.rel1.win32_1.0.200.202406191623/tools/bin/../lib/gcc/arm-none-eabi/12.3.1/../../../../arm-none-eabi/lib/thumb/v6-m/nofp\libc_nano.a(libc_a-init.o)
 .ARM.attributes
                0x00000568       0x2c C:/ST/STM32CubeIDE_1.16.1/STM32CubeIDE/plugins/com.st.stm32cube.ide.mcu.externaltools.gnu-tools-for-stm32.12.3.rel1.win32_1.0.200.202406191623/tools/bin/../lib/gcc/arm-none-eabi/12.3.1/../../../../arm-none-eabi/lib/thumb/v6-m/nofp\libc_nano.a(libc_a-memcpy-stub.o)
 .ARM.attributes
                0x00000594       0x1c C:/ST/STM32CubeIDE_1.16.1/STM32CubeIDE/plugins/com.st.stm32cube.ide.mcu.externaltools.gnu-tools-for-stm32.12.3.rel1.win32_1.0.200.202406191623/tools/bin/../lib/gcc/arm-none-eabi/12.3.1/../../../../arm-none-eabi/lib/thumb/v6-m/nofp\libc_nano.a(libc_a-strlen.o)
 .ARM.attributes
                0x000005b0       0x1e C:/ST/STM32CubeIDE_1.16.1/STM32CubeIDE/plugins/com.st.stm32cube.ide.mcu.externaltools.gnu-tools-for-stm32.12.3.rel1.win32_1.0.200.202406191623/tools/bin/../lib/gcc/arm-none-eabi/12.3.1/thumb/v6-m/nofp\libgcc.a(_thumb1_case_uqi.o)
 .ARM.attributes
                0x000005ce       0x1e C:/ST/STM32CubeIDE_1.16.1/STM32CubeIDE/plugins/com.st.stm32cube.ide.mcu.externaltools.gnu-tools-for-stm32.12.3.rel1.win32_1.0.200.202406191623/tools/bin/../lib/gcc/arm-none-eabi/12.3.1/thumb/v6-m/nofp\libgcc.a(_thumb1_case_shi.o)
 .ARM.attributes
                0x000005ec       0x1e C:/ST/STM32CubeIDE_1.16.1/STM32CubeIDE/plugins/com.st.stm32cube.ide.mcu.externaltools.gnu-tools-for-stm32.12.3.rel1.win32_1.0.200.202406191623/tools/bin/../lib/gcc/arm-none-eabi/12.3.1/thumb/v6-m/nofp\libgcc.a(_udivsi3.o)
 .ARM.attributes
                0x0000060a       0x1e C:/ST/STM32CubeIDE_1.16.1/STM32CubeIDE/plugins/com.st.stm32cube.ide.mcu.externaltools.gnu-tools-for-stm32.12.3.rel1.win32_1.0.200.202406191623/tools/bin/../lib/gcc/arm-none-eabi/12.3.1/thumb/v6-m/nofp\libgcc.a(_divsi3.o)
 .ARM.attributes
                0x00000628       0x1e C:/ST/STM32CubeIDE_1.16.1/STM32CubeIDE/plugins/com.st.stm32cube.ide.mcu.externaltools.gnu-tools-for-stm32.12.3.rel1.win32_1.0.200.202406191623/tools/bin/../lib/gcc/arm-none-eabi/12.3.1/thumb/v6-m/nofp\libgcc.a(_dvmd_tls.o)
 .ARM.attributes
                0x00000646       0x1e C:/ST/STM32CubeIDE_1.16.1/STM32CubeIDE/plugins/com.st.stm32cube.ide.mcu.externaltools.gnu-tools-for-stm32.12.3.rel1.win32_1.0.200.202406191623/tools/bin/../lib/gcc/arm-none-eabi/12.3.1/thumb/v6-m/nofp\libgcc.a(_aeabi_uldivmod.o)
 .ARM.attributes
                0x00000664       0x2c C:/ST/STM32CubeIDE_1.16.1/STM32CubeIDE/plugins/com.st.stm32cube.ide.mcu.externaltools.gnu-tools-for-stm32.12.3.rel1.win32_1.0.200.202406191623/tools/bin/../lib/gcc/arm-none-eabi/12.3.1/thumb/v6-m/nofp\libgcc.a(_udivmoddi4.o)
 .ARM.attributes
                0x00000690       0x1e C:/ST/STM32CubeIDE_1.16.1/STM32CubeIDE/plugins/com.st.stm32cube.ide.mcu.externaltools.gnu-tools-for-stm32.12.3.rel1.win32_1.0.200.202406191623/tools/bin/../lib/gcc/arm-none-eabi/12.3.1/thumb/v6-m/nofp\libgcc.a(_clzdi2.o)
 .ARM.attributes
                0x000006ae       0x1e C:/ST/STM32CubeIDE_1.16.1/STM32CubeIDE/plugins/com.st.stm32cube.ide.mcu.externaltools.gnu-tools-for-stm32.12.3.rel1.win32_1.0.200.202406191623/tools/bin/../lib/gcc/arm-none-eabi/12.3.1/thumb/v6-m/nofp\libgcc.a(_clzsi2.o)
 .ARM.attributes
                0x000006cc       0x1e C:/ST/STM32CubeIDE_1.16.1/STM32CubeIDE/plugins/com.st.stm32cube.ide.mcu.externaltools.gnu-tools-for-stm32.12.3.rel1.win32_1.0.200.202406191623/tools/bin/../lib/gcc/arm-none-eabi/12.3.1/thumb/v6-m/nofp/crtn.o
OUTPUT(ENG_1_0_2_05052025.elf elf32-littlearm)
LOAD linker stubs
LOAD C:/ST/STM32CubeIDE_1.16.1/STM32CubeIDE/plugins/com.st.stm32cube.ide.mcu.externaltools.gnu-tools-for-stm32.12.3.rel1.win32_1.0.200.202406191623/tools/bin/../lib/gcc/arm-none-eabi/12.3.1/../../../../arm-none-eabi/lib/thumb/v6-m/nofp\libc.a
LOAD C:/ST/STM32CubeIDE_1.16.1/STM32CubeIDE/plugins/com.st.stm32cube.ide.mcu.externaltools.gnu-tools-for-stm32.12.3.rel1.win32_1.0.200.202406191623/tools/bin/../lib/gcc/arm-none-eabi/12.3.1/../../../../arm-none-eabi/lib/thumb/v6-m/nofp\libm.a
LOAD C:/ST/STM32CubeIDE_1.16.1/STM32CubeIDE/plugins/com.st.stm32cube.ide.mcu.externaltools.gnu-tools-for-stm32.12.3.rel1.win32_1.0.200.202406191623/tools/bin/../lib/gcc/arm-none-eabi/12.3.1/thumb/v6-m/nofp\libgcc.a

.comment        0x00000000       0x43
 .comment       0x00000000       0x43 ./Core/Src/EVE_API.o
                                 0x44 (size before relaxing)
 .comment       0x00000043       0x44 ./Core/Src/EVE_HAL.o
 .comment       0x00000043       0x44 ./Core/Src/EVE_MCU_STM32.o
 .comment       0x00000043       0x44 ./Core/Src/MCU_init.o
 .comment       0x00000043       0x44 ./Core/Src/functions.o
 .comment       0x00000043       0x44 ./Core/Src/io_calls.o
 .comment       0x00000043       0x44 ./Core/Src/main.o
 .comment       0x00000043       0x44 ./Core/Src/main_tasks.o
 .comment       0x00000043       0x44 ./Core/Src/screen_helper.o
 .comment       0x00000043       0x44 ./Core/Src/screens.o
 .comment       0x00000043       0x44 ./Core/Src/stm32l0xx_hal_msp.o
 .comment       0x00000043       0x44 ./Core/Src/stm32l0xx_it.o
 .comment       0x00000043       0x44 ./Core/Src/system_stm32l0xx.o
 .comment       0x00000043       0x44 ./Drivers/STM32L0xx_HAL_Driver/stm32l0xx_hal.o
 .comment       0x00000043       0x44 ./Drivers/STM32L0xx_HAL_Driver/stm32l0xx_hal_adc.o
 .comment       0x00000043       0x44 ./Drivers/STM32L0xx_HAL_Driver/stm32l0xx_hal_cortex.o
 .comment       0x00000043       0x44 ./Drivers/STM32L0xx_HAL_Driver/stm32l0xx_hal_dac.o
 .comment       0x00000043       0x44 ./Drivers/STM32L0xx_HAL_Driver/stm32l0xx_hal_dac_ex.o
 .comment       0x00000043       0x44 ./Drivers/STM32L0xx_HAL_Driver/stm32l0xx_hal_gpio.o
 .comment       0x00000043       0x44 ./Drivers/STM32L0xx_HAL_Driver/stm32l0xx_hal_i2c.o
 .comment       0x00000043       0x44 ./Drivers/STM32L0xx_HAL_Driver/stm32l0xx_hal_i2c_ex.o
 .comment       0x00000043       0x44 ./Drivers/STM32L0xx_HAL_Driver/stm32l0xx_hal_rcc.o
 .comment       0x00000043       0x44 ./Drivers/STM32L0xx_HAL_Driver/stm32l0xx_hal_rcc_ex.o
 .comment       0x00000043       0x44 ./Drivers/STM32L0xx_HAL_Driver/stm32l0xx_hal_spi.o
 .comment       0x00000043       0x44 ./Drivers/STM32L0xx_HAL_Driver/stm32l0xx_hal_tim.o
 .comment       0x00000043       0x44 ./Drivers/STM32L0xx_HAL_Driver/stm32l0xx_hal_tim_ex.o
 .comment       0x00000043       0x44 ./Drivers/STM32L0xx_HAL_Driver/stm32l0xx_hal_uart.o

.debug_frame    0x00000000       0xf0
 .debug_frame   0x00000000       0x20 C:/ST/STM32CubeIDE_1.16.1/STM32CubeIDE/plugins/com.st.stm32cube.ide.mcu.externaltools.gnu-tools-for-stm32.12.3.rel1.win32_1.0.200.202406191623/tools/bin/../lib/gcc/arm-none-eabi/12.3.1/../../../../arm-none-eabi/lib/thumb/v6-m/nofp\libc_nano.a(libc_a-memset.o)
 .debug_frame   0x00000020       0x2c C:/ST/STM32CubeIDE_1.16.1/STM32CubeIDE/plugins/com.st.stm32cube.ide.mcu.externaltools.gnu-tools-for-stm32.12.3.rel1.win32_1.0.200.202406191623/tools/bin/../lib/gcc/arm-none-eabi/12.3.1/../../../../arm-none-eabi/lib/thumb/v6-m/nofp\libc_nano.a(libc_a-init.o)
 .debug_frame   0x0000004c       0x28 C:/ST/STM32CubeIDE_1.16.1/STM32CubeIDE/plugins/com.st.stm32cube.ide.mcu.externaltools.gnu-tools-for-stm32.12.3.rel1.win32_1.0.200.202406191623/tools/bin/../lib/gcc/arm-none-eabi/12.3.1/../../../../arm-none-eabi/lib/thumb/v6-m/nofp\libc_nano.a(libc_a-memcpy-stub.o)
 .debug_frame   0x00000074       0x20 C:/ST/STM32CubeIDE_1.16.1/STM32CubeIDE/plugins/com.st.stm32cube.ide.mcu.externaltools.gnu-tools-for-stm32.12.3.rel1.win32_1.0.200.202406191623/tools/bin/../lib/gcc/arm-none-eabi/12.3.1/thumb/v6-m/nofp\libgcc.a(_udivsi3.o)
 .debug_frame   0x00000094       0x20 C:/ST/STM32CubeIDE_1.16.1/STM32CubeIDE/plugins/com.st.stm32cube.ide.mcu.externaltools.gnu-tools-for-stm32.12.3.rel1.win32_1.0.200.202406191623/tools/bin/../lib/gcc/arm-none-eabi/12.3.1/thumb/v6-m/nofp\libgcc.a(_divsi3.o)
 .debug_frame   0x000000b4       0x3c C:/ST/STM32CubeIDE_1.16.1/STM32CubeIDE/plugins/com.st.stm32cube.ide.mcu.externaltools.gnu-tools-for-stm32.12.3.rel1.win32_1.0.200.202406191623/tools/bin/../lib/gcc/arm-none-eabi/12.3.1/thumb/v6-m/nofp\libgcc.a(_udivmoddi4.o)
